[     129ms] [LOG] [Fast Refresh] rebuilding @ http://localhost:3000/_next/static/chunks/079ae_next_dist_e4f9772e._.js:2297
[     420ms] [LOG] [Fast Refresh] done in 395ms @ http://localhost:3000/_next/static/chunks/079ae_next_dist_e4f9772e._.js:2297
[     756ms] [INFO] %cDownload the React DevTools for a better development experience: https://react.dev/link/react-devtools font-weight:bold @ http://localhost:3000/_next/static/chunks/079ae_next_dist_e4f9772e._.js:2297
[     855ms] [LOG] [HMR] connected @ http://localhost:3000/_next/static/chunks/079ae_next_dist_e4f9772e._.js:2297
[    1157ms] [LOG] [Fast Refresh] rebuilding @ http://localhost:3000/_next/static/chunks/079ae_next_dist_e4f9772e._.js:2297
[    1904ms] [LOG] [Fast Refresh] done in 877ms @ http://localhost:3000/_next/static/chunks/079ae_next_dist_e4f9772e._.js:2297
[    7554ms] [LOG] [Fast Refresh] rebuilding @ http://localhost:3000/_next/static/chunks/079ae_next_dist_e4f9772e._.js:2297
[    8861ms] [LOG] [Fast Refresh] done in 1432ms @ http://localhost:3000/_next/static/chunks/079ae_next_dist_e4f9772e._.js:2297
[   11405ms] [LOG] [Fast Refresh] rebuilding @ http://localhost:3000/_next/static/chunks/079ae_next_dist_e4f9772e._.js:2297
[   12181ms] [LOG] [Fast Refresh] done in 887ms @ http://localhost:3000/_next/static/chunks/079ae_next_dist_e4f9772e._.js:2297
[   33017ms] [LOG] [Fast Refresh] rebuilding @ http://localhost:3000/_next/static/chunks/079ae_next_dist_e4f9772e._.js:2297
[   33063ms] [LOG] [Fast Refresh] done in 160ms @ http://localhost:3000/_next/static/chunks/079ae_next_dist_e4f9772e._.js:2297
[   37660ms] [LOG] [Fast Refresh] rebuilding @ http://localhost:3000/_next/static/chunks/079ae_next_dist_e4f9772e._.js:2297
[   38309ms] [LOG] [Fast Refresh] done in 761ms @ http://localhost:3000/_next/static/chunks/079ae_next_dist_e4f9772e._.js:2297
[   55673ms] [LOG] [Fast Refresh] rebuilding @ http://localhost:3000/_next/static/chunks/079ae_next_dist_e4f9772e._.js:2297
[   56123ms] [LOG] [Fast Refresh] done in 550ms @ http://localhost:3000/_next/static/chunks/079ae_next_dist_e4f9772e._.js:2297
[   80495ms] [LOG] [Fast Refresh] rebuilding @ http://localhost:3000/_next/static/chunks/079ae_next_dist_e4f9772e._.js:2297
[   81155ms] [LOG] [Fast Refresh] done in 762ms @ http://localhost:3000/_next/static/chunks/079ae_next_dist_e4f9772e._.js:2297
[  103274ms] [LOG] [Fast Refresh] rebuilding @ http://localhost:3000/_next/static/chunks/079ae_next_dist_e4f9772e._.js:2297
[  103775ms] [LOG] [Fast Refresh] done in 605ms @ http://localhost:3000/_next/static/chunks/079ae_next_dist_e4f9772e._.js:2297
