[     151ms] [LOG] [Fast Refresh] rebuilding @ http://localhost:3000/_next/static/chunks/079ae_next_dist_e4f9772e._.js:2297
[    5792ms] [LOG] [Fast Refresh] done in 5748ms @ http://localhost:3000/_next/static/chunks/079ae_next_dist_e4f9772e._.js:2297
[    5943ms] [LOG] [Fast Refresh] rebuilding @ http://localhost:3000/_next/static/chunks/079ae_next_dist_e4f9772e._.js:2297
[    6152ms] [LOG] [Fast Refresh] done in 325ms @ http://localhost:3000/_next/static/chunks/079ae_next_dist_e4f9772e._.js:2297
[    6555ms] [INFO] %cDownload the React DevTools for a better development experience: https://react.dev/link/react-devtools font-weight:bold @ http://localhost:3000/_next/static/chunks/079ae_next_dist_e4f9772e._.js:2297
[    6798ms] [LOG] [HMR] connected @ http://localhost:3000/_next/static/chunks/079ae_next_dist_e4f9772e._.js:2297
[    7354ms] [LOG] [Fast Refresh] rebuilding @ http://localhost:3000/_next/static/chunks/079ae_next_dist_e4f9772e._.js:2297
[    8429ms] [LOG] [Fast Refresh] done in 1181ms @ http://localhost:3000/_next/static/chunks/079ae_next_dist_e4f9772e._.js:2297
[  154202ms] [LOG] [Fast Refresh] rebuilding @ http://localhost:3000/_next/static/chunks/079ae_next_dist_e4f9772e._.js:2297
[  155468ms] TypeError: Cannot read properties of undefined (reading 'name')
    at CatalogueContent (http://localhost:3000/_next/static/chunks/_6e99eebe._.js?id=%255Bproject%255D%252Fapp%252F%2528root%2529%252Fbekleidung%252Fcomponents%252FCatalogueContent.tsx+%255Bapp-client%255D+%2528ecmascript%2529:194:42)
    at Object.react_stack_bottom_frame (http://localhost:3000/_next/static/chunks/079ae_next_dist_compiled_react-dom_8bdb7d66._.js:14826:24)
    at renderWithHooks (http://localhost:3000/_next/static/chunks/079ae_next_dist_compiled_react-dom_8bdb7d66._.js:4651:24)
    at updateFunctionComponent (http://localhost:3000/_next/static/chunks/079ae_next_dist_compiled_react-dom_8bdb7d66._.js:6112:21)
    at beginWork (http://localhost:3000/_next/static/chunks/079ae_next_dist_compiled_react-dom_8bdb7d66._.js:6708:24)
    at runWithFiberInDEV (http://localhost:3000/_next/static/chunks/079ae_next_dist_compiled_react-dom_8bdb7d66._.js:965:74)
    at performUnitOfWork (http://localhost:3000/_next/static/chunks/079ae_next_dist_compiled_react-dom_8bdb7d66._.js:9562:97)
    at workLoopSync (http://localhost:3000/_next/static/chunks/079ae_next_dist_compiled_react-dom_8bdb7d66._.js:9456:40)
    at renderRootSync (http://localhost:3000/_next/static/chunks/079ae_next_dist_compiled_react-dom_8bdb7d66._.js:9440:13)
    at performWorkOnRoot (http://localhost:3000/_next/static/chunks/079ae_next_dist_compiled_react-dom_8bdb7d66._.js:9105:47)
    at performSyncWorkOnRoot (http://localhost:3000/_next/static/chunks/079ae_next_dist_compiled_react-dom_8bdb7d66._.js:10238:9)
    at flushSyncWorkAcrossRoots_impl (http://localhost:3000/_next/static/chunks/079ae_next_dist_compiled_react-dom_8bdb7d66._.js:10154:316)
    at flushSyncWork$1 (http://localhost:3000/_next/static/chunks/079ae_next_dist_compiled_react-dom_8bdb7d66._.js:9237:86)
    at Object.scheduleRefresh (http://localhost:3000/_next/static/chunks/079ae_next_dist_compiled_react-dom_8bdb7d66._.js:299:13)
    at http://localhost:3000/_next/static/chunks/079ae_next_dist_compiled_4d17793f._.js:391:33
    at Set.forEach (<anonymous>)
    at Object.performReactRefresh (http://localhost:3000/_next/static/chunks/079ae_next_dist_compiled_4d17793f._.js:384:38)
    at applyUpdate (http://localhost:3000/_next/static/chunks/079ae_next_dist_compiled_4d17793f._.js:878:31)
    at http://localhost:3000/_next/static/chunks/079ae_next_dist_compiled_4d17793f._.js:886:13
[  155453ms] [LOG] [Fast Refresh] done in 1200ms @ http://localhost:3000/_next/static/chunks/079ae_next_dist_e4f9772e._.js:2297
[  166364ms] [LOG] [Fast Refresh] rebuilding @ http://localhost:3000/_next/static/chunks/079ae_next_dist_e4f9772e._.js:2297
[  167270ms] [LOG] [Fast Refresh] done in 1001ms @ http://localhost:3000/_next/static/chunks/079ae_next_dist_e4f9772e._.js:2297
[  167408ms] [LOG] [Fast Refresh] rebuilding @ http://localhost:3000/_next/static/chunks/079ae_next_dist_e4f9772e._.js:2297
[  168782ms] [LOG] [Fast Refresh] done in 1482ms @ http://localhost:3000/_next/static/chunks/079ae_next_dist_e4f9772e._.js:2297
[  168913ms] [LOG] [Fast Refresh] rebuilding @ http://localhost:3000/_next/static/chunks/079ae_next_dist_e4f9772e._.js:2297
[  170544ms] [LOG] [Fast Refresh] done in 1734ms @ http://localhost:3000/_next/static/chunks/079ae_next_dist_e4f9772e._.js:2297
[  171595ms] [INFO] %cDownload the React DevTools for a better development experience: https://react.dev/link/react-devtools font-weight:bold @ http://localhost:3000/_next/static/chunks/079ae_next_dist_e4f9772e._.js:2297
[  172193ms] [LOG] [HMR] connected @ http://localhost:3000/_next/static/chunks/079ae_next_dist_e4f9772e._.js:2297
[  188797ms] [LOG] [Fast Refresh] rebuilding @ http://localhost:3000/_next/static/chunks/079ae_next_dist_e4f9772e._.js:2297
[  190691ms] [LOG] [Fast Refresh] done in 1323ms @ http://localhost:3000/_next/static/chunks/079ae_next_dist_e4f9772e._.js:2297
[  190925ms] [LOG] [Fast Refresh] rebuilding @ http://localhost:3000/_next/static/chunks/079ae_next_dist_e4f9772e._.js:2297
[  191938ms] [LOG] [Fast Refresh] done in 1116ms @ http://localhost:3000/_next/static/chunks/079ae_next_dist_e4f9772e._.js:2297
[  192196ms] [LOG] [Fast Refresh] rebuilding @ http://localhost:3000/_next/static/chunks/079ae_next_dist_e4f9772e._.js:2297
[  192278ms] [LOG] [Fast Refresh] done in 212ms @ http://localhost:3000/_next/static/chunks/079ae_next_dist_e4f9772e._.js:2297
[  192427ms] [LOG] [Fast Refresh] rebuilding @ http://localhost:3000/_next/static/chunks/079ae_next_dist_e4f9772e._.js:2297
[  192493ms] [LOG] [Fast Refresh] done in 169ms @ http://localhost:3000/_next/static/chunks/079ae_next_dist_e4f9772e._.js:2297
