[     218ms] [LOG] [Fast Refresh] rebuilding @ http://localhost:3000/_next/static/chunks/079ae_next_dist_e4f9772e._.js:2297
[    1218ms] [LOG] [Fast Refresh] done in 1108ms @ http://localhost:3000/_next/static/chunks/079ae_next_dist_e4f9772e._.js:2297
[    1698ms] [INFO] %cDownload the React DevTools for a better development experience: https://react.dev/link/react-devtools font-weight:bold @ http://localhost:3000/_next/static/chunks/079ae_next_dist_e4f9772e._.js:2297
[    1811ms] [LOG] [HMR] connected @ http://localhost:3000/_next/static/chunks/079ae_next_dist_e4f9772e._.js:2297
[    2265ms] [ERROR] Failed to load resource: the server responded with a status of 403 () @ http://localhost:8080/products?size=8:0
[    2267ms] [ERROR] Failed to load resource: the server responded with a status of 403 () @ http://localhost:8080/products?size=8:0
[    3275ms] [LOG] [Fast Refresh] rebuilding @ http://localhost:3000/_next/static/chunks/079ae_next_dist_e4f9772e._.js:2297
[    3656ms] [LOG] [Fast Refresh] done in 490ms @ http://localhost:3000/_next/static/chunks/079ae_next_dist_e4f9772e._.js:2297
[    9914ms] [LOG] [Fast Refresh] rebuilding @ http://localhost:3000/_next/static/chunks/079ae_next_dist_e4f9772e._.js:2297
[   10164ms] [LOG] [Fast Refresh] done in 358ms @ http://localhost:3000/_next/static/chunks/079ae_next_dist_e4f9772e._.js:2297
[  349942ms] [LOG] [Fast Refresh] rebuilding @ http://localhost:3000/_next/static/chunks/079ae_next_dist_e4f9772e._.js:2297
[  350124ms] [LOG] [Fast Refresh] done in 294ms @ http://localhost:3000/_next/static/chunks/079ae_next_dist_e4f9772e._.js:2297
[ 5241663ms] [LOG] [Fast Refresh] rebuilding @ http://localhost:3000/_next/static/chunks/079ae_next_dist_e4f9772e._.js:2297
[ 5244666ms] [LOG] [Fast Refresh] done in 3113ms @ http://localhost:3000/_next/static/chunks/079ae_next_dist_e4f9772e._.js:2297
[ 5246536ms] [LOG] [Fast Refresh] rebuilding @ http://localhost:3000/_next/static/chunks/079ae_next_dist_e4f9772e._.js:2297
[ 5246552ms] [LOG] [Fast Refresh] done in 121ms @ http://localhost:3000/_next/static/chunks/079ae_next_dist_e4f9772e._.js:2297
[ 5259827ms] [LOG] [Fast Refresh] rebuilding @ http://localhost:3000/_next/static/chunks/079ae_next_dist_e4f9772e._.js:2297
[ 5259991ms] [LOG] [Fast Refresh] done in 271ms @ http://localhost:3000/_next/static/chunks/079ae_next_dist_e4f9772e._.js:2297
[ 8614907ms] [ERROR] Failed to load resource: net::ERR_NETWORK_IO_SUSPENDED @ https://eu.i.posthog.com/flags/?v=2&ip=0&_=1780444493114&ver=1.376.3&compression=base64:0
[ 8615753ms] [LOG] [HMR] connected @ http://localhost:3000/_next/static/chunks/079ae_next_dist_e4f9772e._.js:2297
[ 8616269ms] [LOG] [Fast Refresh] rebuilding @ http://localhost:3000/_next/static/chunks/079ae_next_dist_e4f9772e._.js:2297
[ 8616592ms] [LOG] [Fast Refresh] done in 436ms @ http://localhost:3000/_next/static/chunks/079ae_next_dist_e4f9772e._.js:2297
[ 8616693ms] [LOG] [Fast Refresh] rebuilding @ http://localhost:3000/_next/static/chunks/079ae_next_dist_e4f9772e._.js:2297
[ 8616699ms] [LOG] [Fast Refresh] done in 107ms @ http://localhost:3000/_next/static/chunks/079ae_next_dist_e4f9772e._.js:2297
[13706881ms] [LOG] [HMR] connected @ http://localhost:3000/_next/static/chunks/079ae_next_dist_e4f9772e._.js:2297
[13707617ms] [LOG] [Fast Refresh] rebuilding @ http://localhost:3000/_next/static/chunks/079ae_next_dist_e4f9772e._.js:2297
[13707906ms] [LOG] [Fast Refresh] done in 395ms @ http://localhost:3000/_next/static/chunks/079ae_next_dist_e4f9772e._.js:2297
[13708257ms] [LOG] [Fast Refresh] rebuilding @ http://localhost:3000/_next/static/chunks/079ae_next_dist_e4f9772e._.js:2297
[13708257ms] [LOG] [Fast Refresh] done in 109ms @ http://localhost:3000/_next/static/chunks/079ae_next_dist_e4f9772e._.js:2297
[32811924ms] [LOG] [HMR] connected @ http://localhost:3000/_next/static/chunks/079ae_next_dist_e4f9772e._.js:2297
[32934729ms] [LOG] [HMR] connected @ http://localhost:3000/_next/static/chunks/079ae_next_dist_e4f9772e._.js:2297
[32934982ms] [LOG] [Fast Refresh] rebuilding @ http://localhost:3000/_next/static/chunks/079ae_next_dist_e4f9772e._.js:2297
[32935039ms] [LOG] [Fast Refresh] done in 159ms @ http://localhost:3000/_next/static/chunks/079ae_next_dist_e4f9772e._.js:2297
[32936189ms] [LOG] [HMR] connected @ http://localhost:3000/_next/static/chunks/079ae_next_dist_e4f9772e._.js:2297
[32971745ms] [LOG] [HMR] connected @ http://localhost:3000/_next/static/chunks/079ae_next_dist_e4f9772e._.js:2297
[62004093ms] [LOG] [HMR] connected @ http://localhost:3000/_next/static/chunks/079ae_next_dist_e4f9772e._.js:2297
[62004499ms] [LOG] [Fast Refresh] rebuilding @ http://localhost:3000/_next/static/chunks/079ae_next_dist_e4f9772e._.js:2297
[62015646ms] [LOG] [Fast Refresh] done in 11261ms @ http://localhost:3000/_next/static/chunks/079ae_next_dist_e4f9772e._.js:2297
[62030739ms] [LOG] [Fast Refresh] rebuilding @ http://localhost:3000/_next/static/chunks/079ae_next_dist_e4f9772e._.js:2297
[62030779ms] [LOG] [Fast Refresh] done in 155ms @ http://localhost:3000/_next/static/chunks/079ae_next_dist_e4f9772e._.js:2297
[68963291ms] [LOG] [HMR] connected @ http://localhost:3000/_next/static/chunks/079ae_next_dist_e4f9772e._.js:2297
[68964570ms] [LOG] [Fast Refresh] rebuilding @ http://localhost:3000/_next/static/chunks/079ae_next_dist_e4f9772e._.js:2297
[68965262ms] [LOG] [Fast Refresh] done in 808ms @ http://localhost:3000/_next/static/chunks/079ae_next_dist_e4f9772e._.js:2297
[68965438ms] [LOG] [Fast Refresh] rebuilding @ http://localhost:3000/_next/static/chunks/079ae_next_dist_e4f9772e._.js:2297
[68965472ms] [LOG] [Fast Refresh] done in 135ms @ http://localhost:3000/_next/static/chunks/079ae_next_dist_e4f9772e._.js:2297
[68965662ms] [LOG] [Fast Refresh] rebuilding @ http://localhost:3000/_next/static/chunks/079ae_next_dist_e4f9772e._.js:2297
[68965898ms] [LOG] [Fast Refresh] done in 340ms @ http://localhost:3000/_next/static/chunks/079ae_next_dist_e4f9772e._.js:2297
[68966020ms] [LOG] [Fast Refresh] rebuilding @ http://localhost:3000/_next/static/chunks/079ae_next_dist_e4f9772e._.js:2297
[68966036ms] [LOG] [Fast Refresh] done in 120ms @ http://localhost:3000/_next/static/chunks/079ae_next_dist_e4f9772e._.js:2297
[71295205ms] [LOG] [HMR] connected @ http://localhost:3000/_next/static/chunks/079ae_next_dist_e4f9772e._.js:2297
