[     133ms] [LOG] [Fast Refresh] rebuilding @ http://localhost:3000/_next/static/chunks/079ae_next_dist_e4f9772e._.js:2297
[     232ms] [LOG] [Fast Refresh] done in 200ms @ http://localhost:3000/_next/static/chunks/079ae_next_dist_e4f9772e._.js:2297
[     531ms] [INFO] %cDownload the React DevTools for a better development experience: https://react.dev/link/react-devtools font-weight:bold @ http://localhost:3000/_next/static/chunks/079ae_next_dist_e4f9772e._.js:2297
[     644ms] [LOG] [HMR] connected @ http://localhost:3000/_next/static/chunks/079ae_next_dist_e4f9772e._.js:2297
[     967ms] [ERROR] Failed to load resource: the server responded with a status of 401 () @ http://localhost:8080/users/me:0
[    1013ms] [ERROR] Failed to load resource: the server responded with a status of 403 () @ http://localhost:8080/admin/brands?page=0&size=100:0
[    1020ms] [ERROR] Failed to load resource: the server responded with a status of 403 () @ http://localhost:8080/admin/products?page=0&size=100:0
[    1032ms] [ERROR] Failed to load resource: the server responded with a status of 403 () @ http://localhost:8080/admin/orders?page=0&size=100:0
[    1040ms] [ERROR] Failed to load resource: the server responded with a status of 403 () @ http://localhost:8080/admin/customers?page=0&size=100:0
[    3965ms] [ERROR] Failed to load resource: the server responded with a status of 403 () @ http://localhost:8080/admin/settlements?period=2026-05:0
[    3966ms] [ERROR] Failed to load resource: the server responded with a status of 403 () @ http://localhost:8080/admin/settlements?period=2026-05:0
[    6400ms] [LOG] [Fast Refresh] rebuilding @ http://localhost:3000/_next/static/chunks/079ae_next_dist_e4f9772e._.js:2297
[    7759ms] [LOG] [Fast Refresh] done in 1462ms @ http://localhost:3000/_next/static/chunks/079ae_next_dist_e4f9772e._.js:2297
[ 1615856ms] [ERROR] Failed to load resource: the server responded with a status of 403 () @ http://localhost:8080/admin/settlements?period=2026-05&includeSettled=true:0
[ 1617798ms] [ERROR] Failed to load resource: the server responded with a status of 403 () @ http://localhost:8080/admin/settlements?period=2026-05:0
[ 4732822ms] [LOG] [HMR] connected @ http://localhost:3000/_next/static/chunks/079ae_next_dist_e4f9772e._.js:2297
[ 4783547ms] [ERROR] Failed to load resource: the server responded with a status of 403 () @ http://localhost:8080/admin/settlements?period=2026-06:0
[ 4786235ms] [ERROR] Failed to load resource: the server responded with a status of 403 () @ http://localhost:8080/admin/settlements?period=2026-05:0
[ 4804450ms] [ERROR] Failed to load resource: the server responded with a status of 403 () @ http://localhost:8080/admin/brands?page=0&size=100:0
[ 4804479ms] [ERROR] Failed to load resource: the server responded with a status of 403 () @ http://localhost:8080/admin/brands?page=0&size=100:0
[ 4804489ms] [ERROR] Failed to load resource: the server responded with a status of 403 () @ http://localhost:8080/admin/payouts?page=0&size=100:0
[ 4804490ms] [ERROR] Failed to load resource: the server responded with a status of 403 () @ http://localhost:8080/admin/products?page=0&size=100:0
[ 4804513ms] [ERROR] Failed to load resource: the server responded with a status of 403 () @ http://localhost:8080/admin/products?page=0&size=100:0
[ 4804513ms] [ERROR] Failed to load resource: the server responded with a status of 403 () @ http://localhost:8080/admin/payouts?page=0&size=100:0
[ 4812810ms] [ERROR] Failed to load resource: the server responded with a status of 403 () @ http://localhost:8080/admin/products?page=0&size=100:0
[ 4812830ms] [ERROR] Failed to load resource: the server responded with a status of 403 () @ http://localhost:8080/admin/products?page=0&size=100:0
[ 4814561ms] [ERROR] Failed to load resource: the server responded with a status of 403 () @ http://localhost:8080/admin/products?page=0&size=100:0
[ 4814576ms] [ERROR] Failed to load resource: the server responded with a status of 403 () @ http://localhost:8080/admin/payouts?page=0&size=100:0
[ 4814576ms] [ERROR] Failed to load resource: the server responded with a status of 403 () @ http://localhost:8080/admin/brands?page=0&size=100:0
[ 4814597ms] [ERROR] Failed to load resource: the server responded with a status of 403 () @ http://localhost:8080/admin/brands?page=0&size=100:0
[ 4814598ms] [ERROR] Failed to load resource: the server responded with a status of 403 () @ http://localhost:8080/admin/payouts?page=0&size=100:0
[ 4814601ms] [ERROR] Failed to load resource: the server responded with a status of 403 () @ http://localhost:8080/admin/products?page=0&size=100:0
[ 4815513ms] [ERROR] Failed to load resource: the server responded with a status of 403 () @ http://localhost:8080/admin/customers?page=0&size=100:0
[ 4815545ms] [ERROR] Failed to load resource: the server responded with a status of 403 () @ http://localhost:8080/admin/customers?page=0&size=100:0
[ 4819823ms] [ERROR] Failed to load resource: the server responded with a status of 403 () @ http://localhost:8080/admin/orders?page=0&size=100:0
[ 4819833ms] [ERROR] Failed to load resource: the server responded with a status of 403 () @ http://localhost:8080/admin/orders?page=0&size=100:0
[ 4820695ms] [ERROR] Failed to load resource: the server responded with a status of 403 () @ http://localhost:8080/admin/discounts:0
[ 4820731ms] [ERROR] Failed to load resource: the server responded with a status of 403 () @ http://localhost:8080/admin/discounts:0
[ 4821981ms] [ERROR] Failed to load resource: the server responded with a status of 403 () @ http://localhost:8080/admin/settlements?period=2026-05:0
[ 4821981ms] [ERROR] Failed to load resource: the server responded with a status of 403 () @ http://localhost:8080/admin/settlements?period=2026-05:0
[ 5727728ms] [ERROR] Failed to load resource: the server responded with a status of 403 () @ http://localhost:8080/admin/settlements?period=2026-05:0
[ 5727828ms] [ERROR] Failed to load resource: the server responded with a status of 403 () @ http://localhost:8080/admin/settlements?period=2026-05:0
[ 8812035ms] [LOG] [HMR] connected @ http://localhost:3000/_next/static/chunks/079ae_next_dist_e4f9772e._.js:2297
[10449642ms] [LOG] [HMR] connected @ http://localhost:3000/_next/static/chunks/079ae_next_dist_e4f9772e._.js:2297
[10451410ms] [LOG] [Fast Refresh] rebuilding @ http://localhost:3000/_next/static/chunks/079ae_next_dist_e4f9772e._.js:2297
[10523524ms] [LOG] [Fast Refresh] done in 72592ms @ http://localhost:3000/_next/static/chunks/079ae_next_dist_e4f9772e._.js:2297
[15319921ms] [ERROR] Failed to load resource: net::ERR_NETWORK_IO_SUSPENDED @ https://eu.i.posthog.com/flags/?v=2&ip=0&_=1781042367557&ver=1.376.3&compression=base64:0
[17978579ms] [LOG] [HMR] connected @ http://localhost:3000/_next/static/chunks/079ae_next_dist_e4f9772e._.js:2297
[19520270ms] [LOG] [HMR] connected @ http://localhost:3000/_next/static/chunks/079ae_next_dist_e4f9772e._.js:2297
[19520756ms] [LOG] [Fast Refresh] rebuilding @ http://localhost:3000/_next/static/chunks/079ae_next_dist_e4f9772e._.js:2297
[19520786ms] [LOG] [Fast Refresh] done in 211ms @ http://localhost:3000/_next/static/chunks/079ae_next_dist_e4f9772e._.js:2297
[19552960ms] [LOG] [HMR] connected @ http://localhost:3000/_next/static/chunks/079ae_next_dist_e4f9772e._.js:2297
[19570049ms] [LOG] [HMR] connected @ http://localhost:3000/_next/static/chunks/079ae_next_dist_e4f9772e._.js:2297
[19798377ms] [LOG] [HMR] connected @ http://localhost:3000/_next/static/chunks/079ae_next_dist_e4f9772e._.js:2297
[45044984ms] [LOG] [HMR] connected @ http://localhost:3000/_next/static/chunks/079ae_next_dist_e4f9772e._.js:2297
[45057039ms] [ERROR] WebSocket connection to 'ws://localhost:3000/_next/webpack-hmr?id=19L7ktO6Qecu0bdZvkTNJ' failed: Error in connection establishment: net::ERR_CONNECTION_REFUSED @ http://localhost:3000/_next/static/chunks/079ae_next_dist_client_b2fa6075._.js:10878
[45070338ms] [ERROR] WebSocket connection to 'ws://localhost:3000/_next/webpack-hmr?id=19L7ktO6Qecu0bdZvkTNJ' failed: Error in connection establishment: net::ERR_CONNECTION_REFUSED @ http://localhost:3000/_next/static/chunks/079ae_next_dist_client_b2fa6075._.js:10878
