[     127ms] [LOG] [Fast Refresh] rebuilding @ http://localhost:3000/_next/static/chunks/079ae_next_dist_e4f9772e._.js:2297
[     608ms] [LOG] [Fast Refresh] done in 589ms @ http://localhost:3000/_next/static/chunks/079ae_next_dist_e4f9772e._.js:2297
[     994ms] [INFO] %cDownload the React DevTools for a better development experience: https://react.dev/link/react-devtools font-weight:bold @ http://localhost:3000/_next/static/chunks/079ae_next_dist_e4f9772e._.js:2297
[    1099ms] [LOG] [HMR] connected @ http://localhost:3000/_next/static/chunks/079ae_next_dist_e4f9772e._.js:2297
[    1479ms] [LOG] [Fast Refresh] rebuilding @ http://localhost:3000/_next/static/chunks/079ae_next_dist_e4f9772e._.js:2297
[    1767ms] [LOG] [Fast Refresh] done in 481ms @ http://localhost:3000/_next/static/chunks/079ae_next_dist_e4f9772e._.js:2297
[   12586ms] [LOG] [Fast Refresh] rebuilding @ http://localhost:3000/_next/static/chunks/079ae_next_dist_e4f9772e._.js:2297
[   12834ms] [LOG] [Fast Refresh] done in 363ms @ http://localhost:3000/_next/static/chunks/079ae_next_dist_e4f9772e._.js:2297
[  287961ms] [LOG] [Fast Refresh] rebuilding @ http://localhost:3000/_next/static/chunks/079ae_next_dist_e4f9772e._.js:2297
[  288227ms] [LOG] [Fast Refresh] done in 375ms @ http://localhost:3000/_next/static/chunks/079ae_next_dist_e4f9772e._.js:2297
[  296632ms] [LOG] [Fast Refresh] rebuilding @ http://localhost:3000/_next/static/chunks/079ae_next_dist_e4f9772e._.js:2297
[  297016ms] [LOG] [Fast Refresh] done in 429ms @ http://localhost:3000/_next/static/chunks/079ae_next_dist_e4f9772e._.js:2297
[  302255ms] [LOG] [Fast Refresh] rebuilding @ http://localhost:3000/_next/static/chunks/079ae_next_dist_e4f9772e._.js:2297
[  302615ms] ReferenceError: showFloatingBar is not defined
    at ProductDetails (http://localhost:3000/_next/static/chunks/_291efc95._.js?id=%255Bproject%255D%252Fapp%252F%2528root%2529%252Fbekleidung%252F%255Bbrand%255D%252F%255Bslug%255D%252Fcomponents%252FProductDetails.tsx+%255Bapp-client%255D+%2528ecmascript%2529:653:32)
    at Object.react_stack_bottom_frame (http://localhost:3000/_next/static/chunks/079ae_next_dist_compiled_react-dom_8bdb7d66._.js:14826:24)
    at renderWithHooks (http://localhost:3000/_next/static/chunks/079ae_next_dist_compiled_react-dom_8bdb7d66._.js:4651:24)
    at updateFunctionComponent (http://localhost:3000/_next/static/chunks/079ae_next_dist_compiled_react-dom_8bdb7d66._.js:6112:21)
    at beginWork (http://localhost:3000/_next/static/chunks/079ae_next_dist_compiled_react-dom_8bdb7d66._.js:6708:24)
    at runWithFiberInDEV (http://localhost:3000/_next/static/chunks/079ae_next_dist_compiled_react-dom_8bdb7d66._.js:965:74)
    at performUnitOfWork (http://localhost:3000/_next/static/chunks/079ae_next_dist_compiled_react-dom_8bdb7d66._.js:9562:97)
    at workLoopSync (http://localhost:3000/_next/static/chunks/079ae_next_dist_compiled_react-dom_8bdb7d66._.js:9456:40)
    at renderRootSync (http://localhost:3000/_next/static/chunks/079ae_next_dist_compiled_react-dom_8bdb7d66._.js:9440:13)
    at performWorkOnRoot (http://localhost:3000/_next/static/chunks/079ae_next_dist_compiled_react-dom_8bdb7d66._.js:9105:47)
    at performSyncWorkOnRoot (http://localhost:3000/_next/static/chunks/079ae_next_dist_compiled_react-dom_8bdb7d66._.js:10238:9)
    at flushSyncWorkAcrossRoots_impl (http://localhost:3000/_next/static/chunks/079ae_next_dist_compiled_react-dom_8bdb7d66._.js:10154:316)
    at flushSyncWork$1 (http://localhost:3000/_next/static/chunks/079ae_next_dist_compiled_react-dom_8bdb7d66._.js:9237:86)
    at Object.scheduleRefresh (http://localhost:3000/_next/static/chunks/079ae_next_dist_compiled_react-dom_8bdb7d66._.js:299:13)
    at http://localhost:3000/_next/static/chunks/079ae_next_dist_compiled_4d17793f._.js:391:33
    at Set.forEach (<anonymous>)
    at Object.performReactRefresh (http://localhost:3000/_next/static/chunks/079ae_next_dist_compiled_4d17793f._.js:384:38)
    at applyUpdate (http://localhost:3000/_next/static/chunks/079ae_next_dist_compiled_4d17793f._.js:878:31)
    at http://localhost:3000/_next/static/chunks/079ae_next_dist_compiled_4d17793f._.js:886:13
[  302632ms] [LOG] [Fast Refresh] done in 392ms @ http://localhost:3000/_next/static/chunks/079ae_next_dist_e4f9772e._.js:2297
[  302839ms] [LOG] [Fast Refresh] rebuilding @ http://localhost:3000/_next/static/chunks/079ae_next_dist_e4f9772e._.js:2297
[  303082ms] [LOG] [Fast Refresh] done in 347ms @ http://localhost:3000/_next/static/chunks/079ae_next_dist_e4f9772e._.js:2297
[  310065ms] [LOG] [Fast Refresh] rebuilding @ http://localhost:3000/_next/static/chunks/079ae_next_dist_e4f9772e._.js:2297
[  310447ms] [WARNING] [Fast Refresh] performing full reload because your application had an unrecoverable error @ http://localhost:3000/_next/static/chunks/079ae_next_dist_e4f9772e._.js:2297
[  310542ms] ReferenceError: showFloatingBar is not defined
    at ProductDetails (http://localhost:3000/_next/static/chunks/_291efc95._.js?id=%255Bproject%255D%252Fapp%252F%2528root%2529%252Fbekleidung%252F%255Bbrand%255D%252F%255Bslug%255D%252Fcomponents%252FProductDetails.tsx+%255Bapp-client%255D+%2528ecmascript%2529:634:32)
    at Object.react_stack_bottom_frame (http://localhost:3000/_next/static/chunks/079ae_next_dist_compiled_react-dom_8bdb7d66._.js:14826:24)
    at renderWithHooks (http://localhost:3000/_next/static/chunks/079ae_next_dist_compiled_react-dom_8bdb7d66._.js:4651:24)
    at updateFunctionComponent (http://localhost:3000/_next/static/chunks/079ae_next_dist_compiled_react-dom_8bdb7d66._.js:6112:21)
    at beginWork (http://localhost:3000/_next/static/chunks/079ae_next_dist_compiled_react-dom_8bdb7d66._.js:6687:639)
    at runWithFiberInDEV (http://localhost:3000/_next/static/chunks/079ae_next_dist_compiled_react-dom_8bdb7d66._.js:965:74)
    at performUnitOfWork (http://localhost:3000/_next/static/chunks/079ae_next_dist_compiled_react-dom_8bdb7d66._.js:9562:97)
    at workLoopSync (http://localhost:3000/_next/static/chunks/079ae_next_dist_compiled_react-dom_8bdb7d66._.js:9456:40)
    at renderRootSync (http://localhost:3000/_next/static/chunks/079ae_next_dist_compiled_react-dom_8bdb7d66._.js:9440:13)
    at performWorkOnRoot (http://localhost:3000/_next/static/chunks/079ae_next_dist_compiled_react-dom_8bdb7d66._.js:9105:47)
    at performSyncWorkOnRoot (http://localhost:3000/_next/static/chunks/079ae_next_dist_compiled_react-dom_8bdb7d66._.js:10238:9)
    at flushSyncWorkAcrossRoots_impl (http://localhost:3000/_next/static/chunks/079ae_next_dist_compiled_react-dom_8bdb7d66._.js:10154:316)
    at flushSyncWork$1 (http://localhost:3000/_next/static/chunks/079ae_next_dist_compiled_react-dom_8bdb7d66._.js:9237:86)
    at Object.scheduleRefresh (http://localhost:3000/_next/static/chunks/079ae_next_dist_compiled_react-dom_8bdb7d66._.js:299:13)
    at http://localhost:3000/_next/static/chunks/079ae_next_dist_compiled_4d17793f._.js:391:33
    at Set.forEach (<anonymous>)
    at Object.performReactRefresh (http://localhost:3000/_next/static/chunks/079ae_next_dist_compiled_4d17793f._.js:384:38)
    at applyUpdate (http://localhost:3000/_next/static/chunks/079ae_next_dist_compiled_4d17793f._.js:878:31)
    at http://localhost:3000/_next/static/chunks/079ae_next_dist_compiled_4d17793f._.js:886:13
[  310554ms] [LOG] [Fast Refresh] done in 489ms @ http://localhost:3000/_next/static/chunks/079ae_next_dist_e4f9772e._.js:2297
[  310663ms] [LOG] [Fast Refresh] rebuilding @ http://localhost:3000/_next/static/chunks/079ae_next_dist_e4f9772e._.js:2297
[  311503ms] [LOG] [Fast Refresh] done in 948ms @ http://localhost:3000/_next/static/chunks/079ae_next_dist_e4f9772e._.js:2297
[  311824ms] [LOG] [Fast Refresh] rebuilding @ http://localhost:3000/_next/static/chunks/079ae_next_dist_e4f9772e._.js:2297
[  311869ms] [LOG] [Fast Refresh] done in 155ms @ http://localhost:3000/_next/static/chunks/079ae_next_dist_e4f9772e._.js:2297
[  312097ms] [ERROR] Failed to load resource: the server responded with a status of 500 (Internal Server Error) @ http://localhost:3000/bekleidung/vivienne-westwood/worlds-end-denim-boxer-jacket:0
[  312379ms] [INFO] %cDownload the React DevTools for a better development experience: https://react.dev/link/react-devtools font-weight:bold @ http://localhost:3000/_next/static/chunks/079ae_next_dist_e4f9772e._.js:2297
[  312523ms] [LOG] [HMR] connected @ http://localhost:3000/_next/static/chunks/079ae_next_dist_e4f9772e._.js:2297
[  312680ms] [LOG] [Fast Refresh] rebuilding @ http://localhost:3000/_next/static/chunks/079ae_next_dist_e4f9772e._.js:2297
[  312693ms] [LOG] [Fast Refresh] done in 123ms @ http://localhost:3000/_next/static/chunks/079ae_next_dist_e4f9772e._.js:2297
[  312784ms] ReferenceError: showFloatingBar is not defined
    at ProductDetails (http://localhost:3000/_next/static/chunks/_291efc95._.js:1707:32)
    at Object.react_stack_bottom_frame (http://localhost:3000/_next/static/chunks/079ae_next_dist_compiled_react-dom_8bdb7d66._.js:14826:24)
    at renderWithHooks (http://localhost:3000/_next/static/chunks/079ae_next_dist_compiled_react-dom_8bdb7d66._.js:4651:24)
    at updateFunctionComponent (http://localhost:3000/_next/static/chunks/079ae_next_dist_compiled_react-dom_8bdb7d66._.js:6112:21)
    at beginWork (http://localhost:3000/_next/static/chunks/079ae_next_dist_compiled_react-dom_8bdb7d66._.js:6687:639)
    at runWithFiberInDEV (http://localhost:3000/_next/static/chunks/079ae_next_dist_compiled_react-dom_8bdb7d66._.js:965:74)
    at performUnitOfWork (http://localhost:3000/_next/static/chunks/079ae_next_dist_compiled_react-dom_8bdb7d66._.js:9562:97)
    at workLoopSync (http://localhost:3000/_next/static/chunks/079ae_next_dist_compiled_react-dom_8bdb7d66._.js:9456:40)
    at renderRootSync (http://localhost:3000/_next/static/chunks/079ae_next_dist_compiled_react-dom_8bdb7d66._.js:9440:13)
    at performWorkOnRoot (http://localhost:3000/_next/static/chunks/079ae_next_dist_compiled_react-dom_8bdb7d66._.js:9105:47)
    at performWorkOnRootViaSchedulerTask (http://localhost:3000/_next/static/chunks/079ae_next_dist_compiled_react-dom_8bdb7d66._.js:10230:9)
    at MessagePort.performWorkUntilDeadline (http://localhost:3000/_next/static/chunks/079ae_next_dist_compiled_4d17793f._.js:2647:64)
[  312807ms] [LOG] [Fast Refresh] rebuilding @ http://localhost:3000/_next/static/chunks/079ae_next_dist_e4f9772e._.js:2297
[  312833ms] [LOG] [Fast Refresh] done in 131ms @ http://localhost:3000/_next/static/chunks/079ae_next_dist_e4f9772e._.js:2297
[  315881ms] [WARNING] The resource http://localhost:3000/_next/static/chunks/app_9e4bfeaa._.css was preloaded using link preload but not used within a few seconds from the window's load event. Please make sure it has an appropriate `as` value and it is preloaded intentionally. @ http://localhost:3000/bekleidung/vivienne-westwood/worlds-end-denim-boxer-jacket:0
[  322296ms] [LOG] [Fast Refresh] rebuilding @ http://localhost:3000/_next/static/chunks/079ae_next_dist_e4f9772e._.js:2297
[  322875ms] [WARNING] [Fast Refresh] performing full reload because your application had an unrecoverable error @ http://localhost:3000/_next/static/chunks/079ae_next_dist_e4f9772e._.js:2297
[  322891ms] [LOG] [Fast Refresh] done in 680ms @ http://localhost:3000/_next/static/chunks/079ae_next_dist_e4f9772e._.js:2297
[  323020ms] [LOG] [Fast Refresh] rebuilding @ http://localhost:3000/_next/static/chunks/079ae_next_dist_e4f9772e._.js:2297
[  323732ms] [LOG] [Fast Refresh] done in 817ms @ http://localhost:3000/_next/static/chunks/079ae_next_dist_e4f9772e._.js:2297
[  323959ms] [LOG] [Fast Refresh] rebuilding @ http://localhost:3000/_next/static/chunks/079ae_next_dist_e4f9772e._.js:2297
[  323960ms] [LOG] [Fast Refresh] done in 102ms @ http://localhost:3000/_next/static/chunks/079ae_next_dist_e4f9772e._.js:2297
[  324289ms] [INFO] %cDownload the React DevTools for a better development experience: https://react.dev/link/react-devtools font-weight:bold @ http://localhost:3000/_next/static/chunks/079ae_next_dist_e4f9772e._.js:2297
[  324348ms] [LOG] [HMR] connected @ http://localhost:3000/_next/static/chunks/079ae_next_dist_e4f9772e._.js:2297
[  341080ms] [LOG] [Fast Refresh] rebuilding @ http://localhost:3000/_next/static/chunks/079ae_next_dist_e4f9772e._.js:2297
[  341391ms] [LOG] [Fast Refresh] done in 416ms @ http://localhost:3000/_next/static/chunks/079ae_next_dist_e4f9772e._.js:2297
