[   23460ms] [ERROR] Failed to load resource: the server responded with a status of 500 (Internal Server Error) @ http://localhost:3000/:0
[   24079ms] Invalid or unexpected token
[   27050ms] [WARNING] The resource http://localhost:3000/_next/static/media/CormorantGaramond_BoldItalic-s.p.52da344f.ttf was preloaded using link preload but not used within a few seconds from the window's load event. Please make sure it has an appropriate `as` value and it is preloaded intentionally. @ http://localhost:3000/:0
[   27051ms] [WARNING] The resource http://localhost:3000/_next/static/media/LeagueSpartan_Medium-s.p.fedfcb6b.ttf was preloaded using link preload but not used within a few seconds from the window's load event. Please make sure it has an appropriate `as` value and it is preloaded intentionally. @ http://localhost:3000/:0
[   27051ms] [WARNING] The resource http://localhost:3000/_next/static/media/LeagueSpartan_Regular-s.p.718e245b.ttf was preloaded using link preload but not used within a few seconds from the window's load event. Please make sure it has an appropriate `as` value and it is preloaded intentionally. @ http://localhost:3000/:0
[   27051ms] [WARNING] The resource http://localhost:3000/_next/static/chunks/app_9e4bfeaa._.css was preloaded using link preload but not used within a few seconds from the window's load event. Please make sure it has an appropriate `as` value and it is preloaded intentionally. @ http://localhost:3000/:0
[   27051ms] [WARNING] The resource http://localhost:3000/_next/static/media/CormorantGaramond_SemiBold-s.p.3a9fc824.ttf was preloaded using link preload but not used within a few seconds from the window's load event. Please make sure it has an appropriate `as` value and it is preloaded intentionally. @ http://localhost:3000/:0
[   27051ms] [WARNING] The resource http://localhost:3000/_next/static/media/LeagueSpartan_Light-s.p.259e2b1e.ttf was preloaded using link preload but not used within a few seconds from the window's load event. Please make sure it has an appropriate `as` value and it is preloaded intentionally. @ http://localhost:3000/:0
[   27051ms] [WARNING] The resource http://localhost:3000/_next/static/media/LeagueSpartan_SemiBold-s.p.60ac960f.ttf was preloaded using link preload but not used within a few seconds from the window's load event. Please make sure it has an appropriate `as` value and it is preloaded intentionally. @ http://localhost:3000/:0
[   27051ms] [WARNING] The resource http://localhost:3000/_next/static/media/LeagueSpartan_Black-s.p.6e108437.ttf was preloaded using link preload but not used within a few seconds from the window's load event. Please make sure it has an appropriate `as` value and it is preloaded intentionally. @ http://localhost:3000/:0
[   27051ms] [WARNING] The resource http://localhost:3000/_next/static/media/LeagueSpartan_ExtraLight-s.p.22aa683a.ttf was preloaded using link preload but not used within a few seconds from the window's load event. Please make sure it has an appropriate `as` value and it is preloaded intentionally. @ http://localhost:3000/:0
[   27051ms] [WARNING] The resource http://localhost:3000/_next/static/media/CormorantGaramond_Italic-s.p.728dbc72.ttf was preloaded using link preload but not used within a few seconds from the window's load event. Please make sure it has an appropriate `as` value and it is preloaded intentionally. @ http://localhost:3000/:0
[   27051ms] [WARNING] The resource http://localhost:3000/_next/static/media/LeagueSpartan_Bold-s.p.1ae88fa7.ttf was preloaded using link preload but not used within a few seconds from the window's load event. Please make sure it has an appropriate `as` value and it is preloaded intentionally. @ http://localhost:3000/:0
[   27051ms] [WARNING] The resource https://amq-mcq.dam.kering.com/asset/e5ee7220-3680-49a9-a084-c5477140578b/Original-Ecom/McQUEEN-SS26-PRE-CO_HOLIDAY_1X1_1-16.jpg was preloaded using link preload but not used within a few seconds from the window's load event. Please make sure it has an appropriate `as` value and it is preloaded intentionally. @ http://localhost:3000/:0
[   27051ms] [WARNING] The resource https://amq-mcq.dam.kering.com/asset/a20b4d87-9d8e-46de-a25f-7a6921c8929e/Original-Ecom/McQUEEN-SS26-PRE-CO_STILL-LIFE-HOLIDAY_16X9-2.jpg was preloaded using link preload but not used within a few seconds from the window's load event. Please make sure it has an appropriate `as` value and it is preloaded intentionally. @ http://localhost:3000/:0
[   27051ms] [WARNING] The resource http://localhost:3000/_next/static/media/CormorantGaramond_MediumItalic-s.p.fba00000.ttf was preloaded using link preload but not used within a few seconds from the window's load event. Please make sure it has an appropriate `as` value and it is preloaded intentionally. @ http://localhost:3000/:0
[   27051ms] [WARNING] The resource http://localhost:3000/_next/static/media/LeagueSpartan_ExtraBold-s.p.2982b627.ttf was preloaded using link preload but not used within a few seconds from the window's load event. Please make sure it has an appropriate `as` value and it is preloaded intentionally. @ http://localhost:3000/:0
[   27051ms] [WARNING] The resource http://localhost:3000/_next/static/media/CormorantGaramond_Regular-s.p.b9af452b.ttf was preloaded using link preload but not used within a few seconds from the window's load event. Please make sure it has an appropriate `as` value and it is preloaded intentionally. @ http://localhost:3000/:0
[   27051ms] [WARNING] The resource http://localhost:3000/_next/static/media/LeagueSpartan_Thin-s.p.7c417710.ttf was preloaded using link preload but not used within a few seconds from the window's load event. Please make sure it has an appropriate `as` value and it is preloaded intentionally. @ http://localhost:3000/:0
[   27051ms] [WARNING] The resource http://localhost:3000/_next/static/media/CormorantGaramond_Medium-s.p.7be54e25.ttf was preloaded using link preload but not used within a few seconds from the window's load event. Please make sure it has an appropriate `as` value and it is preloaded intentionally. @ http://localhost:3000/:0
[   27051ms] [WARNING] The resource https://amq-mcq.dam.kering.com/asset/fed593c2-f470-4c31-ba1d-f785e81a065b/Original-Ecom/WEBSITE-DESKTOP2.jpg was preloaded using link preload but not used within a few seconds from the window's load event. Please make sure it has an appropriate `as` value and it is preloaded intentionally. @ http://localhost:3000/:0
[   27051ms] [WARNING] The resource http://localhost:3000/_next/static/media/CormorantGaramond_LightItalic-s.p.83d4b883.ttf was preloaded using link preload but not used within a few seconds from the window's load event. Please make sure it has an appropriate `as` value and it is preloaded intentionally. @ http://localhost:3000/:0
[   27051ms] [WARNING] The resource http://localhost:3000/_next/static/media/CormorantGaramond_Bold-s.p.90d6d260.ttf was preloaded using link preload but not used within a few seconds from the window's load event. Please make sure it has an appropriate `as` value and it is preloaded intentionally. @ http://localhost:3000/:0
[   27051ms] [WARNING] The resource http://localhost:3000/_next/static/media/CormorantGaramond_Light-s.p.e6112a31.ttf was preloaded using link preload but not used within a few seconds from the window's load event. Please make sure it has an appropriate `as` value and it is preloaded intentionally. @ http://localhost:3000/:0
[   27051ms] [WARNING] The resource https://diorama.dam-broadcast.com/cdn-cgi/image/width=640,format=auto/pm_11872_1164_1164642-rw8ghfoty4-whr.jpg was preloaded using link preload but not used within a few seconds from the window's load event. Please make sure it has an appropriate `as` value and it is preloaded intentionally. @ http://localhost:3000/:0
[   27051ms] [WARNING] The resource http://localhost:3000/_next/static/media/CormorantGaramond_SemiBoldItalic-s.p.9959a018.ttf was preloaded using link preload but not used within a few seconds from the window's load event. Please make sure it has an appropriate `as` value and it is preloaded intentionally. @ http://localhost:3000/:0
[  109659ms] [ERROR] Blocked attempt to create a WebMediaPlayer as there are too many WebMediaPlayers already in existence. See crbug.com/1144736#c27 @ http://localhost:3000/:0
[  109705ms] [ERROR] Blocked attempt to create a WebMediaPlayer as there are too many WebMediaPlayers already in existence. See crbug.com/1144736#c27 @ http://localhost:3000/:0
[  109728ms] [ERROR] Blocked attempt to create a WebMediaPlayer as there are too many WebMediaPlayers already in existence. See crbug.com/1144736#c27 @ http://localhost:3000/:0
[  109745ms] [ERROR] Blocked attempt to create a WebMediaPlayer as there are too many WebMediaPlayers already in existence. See crbug.com/1144736#c27 @ http://localhost:3000/:0
[  109753ms] [ERROR] Blocked attempt to create a WebMediaPlayer as there are too many WebMediaPlayers already in existence. See crbug.com/1144736#c27 @ http://localhost:3000/:0
[  109776ms] [ERROR] Blocked attempt to create a WebMediaPlayer as there are too many WebMediaPlayers already in existence. See crbug.com/1144736#c27 @ http://localhost:3000/:0
[  109805ms] [ERROR] Blocked attempt to create a WebMediaPlayer as there are too many WebMediaPlayers already in existence. See crbug.com/1144736#c27 @ http://localhost:3000/:0
[  109835ms] [ERROR] Blocked attempt to create a WebMediaPlayer as there are too many WebMediaPlayers already in existence. See crbug.com/1144736#c27 @ http://localhost:3000/:0
[  109864ms] [ERROR] Blocked attempt to create a WebMediaPlayer as there are too many WebMediaPlayers already in existence. See crbug.com/1144736#c27 @ http://localhost:3000/:0
[  109891ms] [ERROR] Blocked attempt to create a WebMediaPlayer as there are too many WebMediaPlayers already in existence. See crbug.com/1144736#c27 @ http://localhost:3000/:0
[  110065ms] [ERROR] Blocked attempt to create a WebMediaPlayer as there are too many WebMediaPlayers already in existence. See crbug.com/1144736#c27 @ http://localhost:3000/:0
[  110178ms] [ERROR] Blocked attempt to create a WebMediaPlayer as there are too many WebMediaPlayers already in existence. See crbug.com/1144736#c27 @ http://localhost:3000/:0
[  110290ms] [ERROR] Blocked attempt to create a WebMediaPlayer as there are too many WebMediaPlayers already in existence. See crbug.com/1144736#c27 @ http://localhost:3000/:0
[  110419ms] [ERROR] Blocked attempt to create a WebMediaPlayer as there are too many WebMediaPlayers already in existence. See crbug.com/1144736#c27 @ http://localhost:3000/:0
[  110488ms] [ERROR] Blocked attempt to create a WebMediaPlayer as there are too many WebMediaPlayers already in existence. See crbug.com/1144736#c27 @ http://localhost:3000/:0
[  110561ms] [ERROR] Blocked attempt to create a WebMediaPlayer as there are too many WebMediaPlayers already in existence. See crbug.com/1144736#c27 @ http://localhost:3000/:0
[  110643ms] [ERROR] Blocked attempt to create a WebMediaPlayer as there are too many WebMediaPlayers already in existence. See crbug.com/1144736#c27 @ http://localhost:3000/:0
[  110703ms] [ERROR] Blocked attempt to create a WebMediaPlayer as there are too many WebMediaPlayers already in existence. See crbug.com/1144736#c27 @ http://localhost:3000/:0
[  110825ms] [ERROR] Blocked attempt to create a WebMediaPlayer as there are too many WebMediaPlayers already in existence. See crbug.com/1144736#c27 @ http://localhost:3000/:0
[  110892ms] [ERROR] Blocked attempt to create a WebMediaPlayer as there are too many WebMediaPlayers already in existence. See crbug.com/1144736#c27 @ http://localhost:3000/:0
[  111128ms] [ERROR] Blocked attempt to create a WebMediaPlayer as there are too many WebMediaPlayers already in existence. See crbug.com/1144736#c27 @ http://localhost:3000/:0
[  111185ms] [ERROR] Blocked attempt to create a WebMediaPlayer as there are too many WebMediaPlayers already in existence. See crbug.com/1144736#c27 @ http://localhost:3000/:0
[  111242ms] [ERROR] Blocked attempt to create a WebMediaPlayer as there are too many WebMediaPlayers already in existence. See crbug.com/1144736#c27 @ http://localhost:3000/:0
[  111281ms] [ERROR] Blocked attempt to create a WebMediaPlayer as there are too many WebMediaPlayers already in existence. See crbug.com/1144736#c27 @ http://localhost:3000/:0
[  111323ms] [ERROR] Blocked attempt to create a WebMediaPlayer as there are too many WebMediaPlayers already in existence. See crbug.com/1144736#c27 @ http://localhost:3000/:0
[  266145ms] [ERROR] Blocked attempt to create a WebMediaPlayer as there are too many WebMediaPlayers already in existence. See crbug.com/1144736#c27 @ http://localhost:3000/:0
[  266167ms] [ERROR] Blocked attempt to create a WebMediaPlayer as there are too many WebMediaPlayers already in existence. See crbug.com/1144736#c27 @ http://localhost:3000/:0
[  266194ms] [ERROR] Blocked attempt to create a WebMediaPlayer as there are too many WebMediaPlayers already in existence. See crbug.com/1144736#c27 @ http://localhost:3000/:0
[  266226ms] [ERROR] Blocked attempt to create a WebMediaPlayer as there are too many WebMediaPlayers already in existence. See crbug.com/1144736#c27 @ http://localhost:3000/:0
[  266248ms] [ERROR] Blocked attempt to create a WebMediaPlayer as there are too many WebMediaPlayers already in existence. See crbug.com/1144736#c27 @ http://localhost:3000/:0
[  266275ms] [ERROR] Blocked attempt to create a WebMediaPlayer as there are too many WebMediaPlayers already in existence. See crbug.com/1144736#c27 @ http://localhost:3000/:0
[  266295ms] [ERROR] Blocked attempt to create a WebMediaPlayer as there are too many WebMediaPlayers already in existence. See crbug.com/1144736#c27 @ http://localhost:3000/:0
[  266311ms] [ERROR] Blocked attempt to create a WebMediaPlayer as there are too many WebMediaPlayers already in existence. See crbug.com/1144736#c27 @ http://localhost:3000/:0
[  266338ms] [ERROR] Blocked attempt to create a WebMediaPlayer as there are too many WebMediaPlayers already in existence. See crbug.com/1144736#c27 @ http://localhost:3000/:0
[  266361ms] [ERROR] Blocked attempt to create a WebMediaPlayer as there are too many WebMediaPlayers already in existence. See crbug.com/1144736#c27 @ http://localhost:3000/:0
[  266374ms] [ERROR] Blocked attempt to create a WebMediaPlayer as there are too many WebMediaPlayers already in existence. See crbug.com/1144736#c27 @ http://localhost:3000/:0
[  266383ms] [ERROR] Blocked attempt to create a WebMediaPlayer as there are too many WebMediaPlayers already in existence. See crbug.com/1144736#c27 @ http://localhost:3000/:0
[  266388ms] [ERROR] Blocked attempt to create a WebMediaPlayer as there are too many WebMediaPlayers already in existence. See crbug.com/1144736#c27 @ http://localhost:3000/:0
[  266395ms] [ERROR] Blocked attempt to create a WebMediaPlayer as there are too many WebMediaPlayers already in existence. See crbug.com/1144736#c27 @ http://localhost:3000/:0
[  266402ms] [ERROR] Blocked attempt to create a WebMediaPlayer as there are too many WebMediaPlayers already in existence. See crbug.com/1144736#c27 @ http://localhost:3000/:0
[  266407ms] [ERROR] Blocked attempt to create a WebMediaPlayer as there are too many WebMediaPlayers already in existence. See crbug.com/1144736#c27 @ http://localhost:3000/:0
[  266414ms] [ERROR] Blocked attempt to create a WebMediaPlayer as there are too many WebMediaPlayers already in existence. See crbug.com/1144736#c27 @ http://localhost:3000/:0
[  266424ms] [ERROR] Blocked attempt to create a WebMediaPlayer as there are too many WebMediaPlayers already in existence. See crbug.com/1144736#c27 @ http://localhost:3000/:0
[  266432ms] [ERROR] Blocked attempt to create a WebMediaPlayer as there are too many WebMediaPlayers already in existence. See crbug.com/1144736#c27 @ http://localhost:3000/:0
[  266441ms] [ERROR] Blocked attempt to create a WebMediaPlayer as there are too many WebMediaPlayers already in existence. See crbug.com/1144736#c27 @ http://localhost:3000/:0
[  266502ms] [ERROR] Blocked attempt to create a WebMediaPlayer as there are too many WebMediaPlayers already in existence. See crbug.com/1144736#c27 @ http://localhost:3000/:0
[  266511ms] [ERROR] Blocked attempt to create a WebMediaPlayer as there are too many WebMediaPlayers already in existence. See crbug.com/1144736#c27 @ http://localhost:3000/:0
[  266519ms] [ERROR] Blocked attempt to create a WebMediaPlayer as there are too many WebMediaPlayers already in existence. See crbug.com/1144736#c27 @ http://localhost:3000/:0
[  266529ms] [ERROR] Blocked attempt to create a WebMediaPlayer as there are too many WebMediaPlayers already in existence. See crbug.com/1144736#c27 @ http://localhost:3000/:0
[  266549ms] [ERROR] Blocked attempt to create a WebMediaPlayer as there are too many WebMediaPlayers already in existence. See crbug.com/1144736#c27 @ http://localhost:3000/:0
[  266593ms] [ERROR] Blocked attempt to create a WebMediaPlayer as there are too many WebMediaPlayers already in existence. See crbug.com/1144736#c27 @ http://localhost:3000/:0
[  266616ms] [ERROR] Blocked attempt to create a WebMediaPlayer as there are too many WebMediaPlayers already in existence. See crbug.com/1144736#c27 @ http://localhost:3000/:0
[  266643ms] [ERROR] Blocked attempt to create a WebMediaPlayer as there are too many WebMediaPlayers already in existence. See crbug.com/1144736#c27 @ http://localhost:3000/:0
[  266678ms] [ERROR] Blocked attempt to create a WebMediaPlayer as there are too many WebMediaPlayers already in existence. See crbug.com/1144736#c27 @ http://localhost:3000/:0
[  266744ms] [ERROR] Blocked attempt to create a WebMediaPlayer as there are too many WebMediaPlayers already in existence. See crbug.com/1144736#c27 @ http://localhost:3000/:0
[  266779ms] [ERROR] Blocked attempt to create a WebMediaPlayer as there are too many WebMediaPlayers already in existence. See crbug.com/1144736#c27 @ http://localhost:3000/:0
[  266809ms] [ERROR] Blocked attempt to create a WebMediaPlayer as there are too many WebMediaPlayers already in existence. See crbug.com/1144736#c27 @ http://localhost:3000/:0
[  266858ms] [ERROR] Blocked attempt to create a WebMediaPlayer as there are too many WebMediaPlayers already in existence. See crbug.com/1144736#c27 @ http://localhost:3000/:0
[  266905ms] [ERROR] Blocked attempt to create a WebMediaPlayer as there are too many WebMediaPlayers already in existence. See crbug.com/1144736#c27 @ http://localhost:3000/:0
[  266952ms] [ERROR] Blocked attempt to create a WebMediaPlayer as there are too many WebMediaPlayers already in existence. See crbug.com/1144736#c27 @ http://localhost:3000/:0
[  266979ms] [ERROR] Blocked attempt to create a WebMediaPlayer as there are too many WebMediaPlayers already in existence. See crbug.com/1144736#c27 @ http://localhost:3000/:0
[  267010ms] [ERROR] Blocked attempt to create a WebMediaPlayer as there are too many WebMediaPlayers already in existence. See crbug.com/1144736#c27 @ http://localhost:3000/:0
[  267051ms] [ERROR] Blocked attempt to create a WebMediaPlayer as there are too many WebMediaPlayers already in existence. See crbug.com/1144736#c27 @ http://localhost:3000/:0
[  267104ms] [ERROR] Blocked attempt to create a WebMediaPlayer as there are too many WebMediaPlayers already in existence. See crbug.com/1144736#c27 @ http://localhost:3000/:0
[  267143ms] [ERROR] Blocked attempt to create a WebMediaPlayer as there are too many WebMediaPlayers already in existence. See crbug.com/1144736#c27 @ http://localhost:3000/:0
[  267184ms] [ERROR] Blocked attempt to create a WebMediaPlayer as there are too many WebMediaPlayers already in existence. See crbug.com/1144736#c27 @ http://localhost:3000/:0
[  267217ms] [ERROR] Blocked attempt to create a WebMediaPlayer as there are too many WebMediaPlayers already in existence. See crbug.com/1144736#c27 @ http://localhost:3000/:0
[  267252ms] [ERROR] Blocked attempt to create a WebMediaPlayer as there are too many WebMediaPlayers already in existence. See crbug.com/1144736#c27 @ http://localhost:3000/:0
[  267291ms] [ERROR] Blocked attempt to create a WebMediaPlayer as there are too many WebMediaPlayers already in existence. See crbug.com/1144736#c27 @ http://localhost:3000/:0
[  267322ms] [ERROR] Blocked attempt to create a WebMediaPlayer as there are too many WebMediaPlayers already in existence. See crbug.com/1144736#c27 @ http://localhost:3000/:0
[  267348ms] [ERROR] Blocked attempt to create a WebMediaPlayer as there are too many WebMediaPlayers already in existence. See crbug.com/1144736#c27 @ http://localhost:3000/:0
[  267376ms] [ERROR] Blocked attempt to create a WebMediaPlayer as there are too many WebMediaPlayers already in existence. See crbug.com/1144736#c27 @ http://localhost:3000/:0
[  267394ms] [ERROR] Blocked attempt to create a WebMediaPlayer as there are too many WebMediaPlayers already in existence. See crbug.com/1144736#c27 @ http://localhost:3000/:0
[  267403ms] [ERROR] Blocked attempt to create a WebMediaPlayer as there are too many WebMediaPlayers already in existence. See crbug.com/1144736#c27 @ http://localhost:3000/:0
[  267425ms] [ERROR] Blocked attempt to create a WebMediaPlayer as there are too many WebMediaPlayers already in existence. See crbug.com/1144736#c27 @ http://localhost:3000/:0
[  267441ms] [ERROR] Blocked attempt to create a WebMediaPlayer as there are too many WebMediaPlayers already in existence. See crbug.com/1144736#c27 @ http://localhost:3000/:0
[  267444ms] [ERROR] Blocked attempt to create a WebMediaPlayer as there are too many WebMediaPlayers already in existence. See crbug.com/1144736#c27 @ http://localhost:3000/:0
[  267449ms] [ERROR] Blocked attempt to create a WebMediaPlayer as there are too many WebMediaPlayers already in existence. See crbug.com/1144736#c27 @ http://localhost:3000/:0
[  267453ms] [ERROR] Blocked attempt to create a WebMediaPlayer as there are too many WebMediaPlayers already in existence. See crbug.com/1144736#c27 @ http://localhost:3000/:0
[  267475ms] [ERROR] Blocked attempt to create a WebMediaPlayer as there are too many WebMediaPlayers already in existence. See crbug.com/1144736#c27 @ http://localhost:3000/:0
[  267484ms] [ERROR] Blocked attempt to create a WebMediaPlayer as there are too many WebMediaPlayers already in existence. See crbug.com/1144736#c27 @ http://localhost:3000/:0
[  267489ms] [ERROR] Blocked attempt to create a WebMediaPlayer as there are too many WebMediaPlayers already in existence. See crbug.com/1144736#c27 @ http://localhost:3000/:0
[  267495ms] [ERROR] Blocked attempt to create a WebMediaPlayer as there are too many WebMediaPlayers already in existence. See crbug.com/1144736#c27 @ http://localhost:3000/:0
[  267502ms] [ERROR] Blocked attempt to create a WebMediaPlayer as there are too many WebMediaPlayers already in existence. See crbug.com/1144736#c27 @ http://localhost:3000/:0
[  267505ms] [ERROR] Blocked attempt to create a WebMediaPlayer as there are too many WebMediaPlayers already in existence. See crbug.com/1144736#c27 @ http://localhost:3000/:0
[  267509ms] [ERROR] Blocked attempt to create a WebMediaPlayer as there are too many WebMediaPlayers already in existence. See crbug.com/1144736#c27 @ http://localhost:3000/:0
[  267515ms] [ERROR] Blocked attempt to create a WebMediaPlayer as there are too many WebMediaPlayers already in existence. See crbug.com/1144736#c27 @ http://localhost:3000/:0
[  267520ms] [ERROR] Blocked attempt to create a WebMediaPlayer as there are too many WebMediaPlayers already in existence. See crbug.com/1144736#c27 @ http://localhost:3000/:0
[  267526ms] [ERROR] Blocked attempt to create a WebMediaPlayer as there are too many WebMediaPlayers already in existence. See crbug.com/1144736#c27 @ http://localhost:3000/:0
[  267544ms] [ERROR] Blocked attempt to create a WebMediaPlayer as there are too many WebMediaPlayers already in existence. See crbug.com/1144736#c27 @ http://localhost:3000/:0
[  267568ms] [ERROR] Blocked attempt to create a WebMediaPlayer as there are too many WebMediaPlayers already in existence. See crbug.com/1144736#c27 @ http://localhost:3000/:0
[  267588ms] [ERROR] Blocked attempt to create a WebMediaPlayer as there are too many WebMediaPlayers already in existence. See crbug.com/1144736#c27 @ http://localhost:3000/:0
[  267605ms] [ERROR] Blocked attempt to create a WebMediaPlayer as there are too many WebMediaPlayers already in existence. See crbug.com/1144736#c27 @ http://localhost:3000/:0
[  267627ms] [ERROR] Blocked attempt to create a WebMediaPlayer as there are too many WebMediaPlayers already in existence. See crbug.com/1144736#c27 @ http://localhost:3000/:0
[  267637ms] [ERROR] Blocked attempt to create a WebMediaPlayer as there are too many WebMediaPlayers already in existence. See crbug.com/1144736#c27 @ http://localhost:3000/:0
[  267659ms] [ERROR] Blocked attempt to create a WebMediaPlayer as there are too many WebMediaPlayers already in existence. See crbug.com/1144736#c27 @ http://localhost:3000/:0
[  267672ms] [ERROR] Blocked attempt to create a WebMediaPlayer as there are too many WebMediaPlayers already in existence. See crbug.com/1144736#c27 @ http://localhost:3000/:0
[  267689ms] [ERROR] Blocked attempt to create a WebMediaPlayer as there are too many WebMediaPlayers already in existence. See crbug.com/1144736#c27 @ http://localhost:3000/:0
[  267698ms] [ERROR] Blocked attempt to create a WebMediaPlayer as there are too many WebMediaPlayers already in existence. See crbug.com/1144736#c27 @ http://localhost:3000/:0
[  267716ms] [ERROR] Blocked attempt to create a WebMediaPlayer as there are too many WebMediaPlayers already in existence. See crbug.com/1144736#c27 @ http://localhost:3000/:0
[  267748ms] [ERROR] Blocked attempt to create a WebMediaPlayer as there are too many WebMediaPlayers already in existence. See crbug.com/1144736#c27 @ http://localhost:3000/:0
[  267768ms] [ERROR] Blocked attempt to create a WebMediaPlayer as there are too many WebMediaPlayers already in existence. See crbug.com/1144736#c27 @ http://localhost:3000/:0
[  267777ms] [ERROR] Blocked attempt to create a WebMediaPlayer as there are too many WebMediaPlayers already in existence. See crbug.com/1144736#c27 @ http://localhost:3000/:0
[  267798ms] [ERROR] Blocked attempt to create a WebMediaPlayer as there are too many WebMediaPlayers already in existence. See crbug.com/1144736#c27 @ http://localhost:3000/:0
[  267836ms] [ERROR] Blocked attempt to create a WebMediaPlayer as there are too many WebMediaPlayers already in existence. See crbug.com/1144736#c27 @ http://localhost:3000/:0
[  267880ms] [ERROR] Blocked attempt to create a WebMediaPlayer as there are too many WebMediaPlayers already in existence. See crbug.com/1144736#c27 @ http://localhost:3000/:0
[  267899ms] [ERROR] Blocked attempt to create a WebMediaPlayer as there are too many WebMediaPlayers already in existence. See crbug.com/1144736#c27 @ http://localhost:3000/:0
[  267915ms] [ERROR] Blocked attempt to create a WebMediaPlayer as there are too many WebMediaPlayers already in existence. See crbug.com/1144736#c27 @ http://localhost:3000/:0
[  267949ms] [ERROR] Blocked attempt to create a WebMediaPlayer as there are too many WebMediaPlayers already in existence. See crbug.com/1144736#c27 @ http://localhost:3000/:0
[  267973ms] [ERROR] Blocked attempt to create a WebMediaPlayer as there are too many WebMediaPlayers already in existence. See crbug.com/1144736#c27 @ http://localhost:3000/:0
[  267984ms] [ERROR] Blocked attempt to create a WebMediaPlayer as there are too many WebMediaPlayers already in existence. See crbug.com/1144736#c27 @ http://localhost:3000/:0
[  268011ms] [ERROR] Blocked attempt to create a WebMediaPlayer as there are too many WebMediaPlayers already in existence. See crbug.com/1144736#c27 @ http://localhost:3000/:0
[  268029ms] [ERROR] Blocked attempt to create a WebMediaPlayer as there are too many WebMediaPlayers already in existence. See crbug.com/1144736#c27 @ http://localhost:3000/:0
[  268040ms] [ERROR] Blocked attempt to create a WebMediaPlayer as there are too many WebMediaPlayers already in existence. See crbug.com/1144736#c27 @ http://localhost:3000/:0
[  268053ms] [ERROR] Blocked attempt to create a WebMediaPlayer as there are too many WebMediaPlayers already in existence. See crbug.com/1144736#c27 @ http://localhost:3000/:0
[  268066ms] [ERROR] Blocked attempt to create a WebMediaPlayer as there are too many WebMediaPlayers already in existence. See crbug.com/1144736#c27 @ http://localhost:3000/:0
[  268123ms] [ERROR] Blocked attempt to create a WebMediaPlayer as there are too many WebMediaPlayers already in existence. See crbug.com/1144736#c27 @ http://localhost:3000/:0
[  268127ms] [ERROR] Blocked attempt to create a WebMediaPlayer as there are too many WebMediaPlayers already in existence. See crbug.com/1144736#c27 @ http://localhost:3000/:0
[  268139ms] [ERROR] Blocked attempt to create a WebMediaPlayer as there are too many WebMediaPlayers already in existence. See crbug.com/1144736#c27 @ http://localhost:3000/:0
[  268151ms] [ERROR] Blocked attempt to create a WebMediaPlayer as there are too many WebMediaPlayers already in existence. See crbug.com/1144736#c27 @ http://localhost:3000/:0
[  268158ms] [ERROR] Blocked attempt to create a WebMediaPlayer as there are too many WebMediaPlayers already in existence. See crbug.com/1144736#c27 @ http://localhost:3000/:0
[  268167ms] [ERROR] Blocked attempt to create a WebMediaPlayer as there are too many WebMediaPlayers already in existence. See crbug.com/1144736#c27 @ http://localhost:3000/:0
[  268172ms] [ERROR] Blocked attempt to create a WebMediaPlayer as there are too many WebMediaPlayers already in existence. See crbug.com/1144736#c27 @ http://localhost:3000/:0
[  268176ms] [ERROR] Blocked attempt to create a WebMediaPlayer as there are too many WebMediaPlayers already in existence. See crbug.com/1144736#c27 @ http://localhost:3000/:0
[  268186ms] [ERROR] Blocked attempt to create a WebMediaPlayer as there are too many WebMediaPlayers already in existence. See crbug.com/1144736#c27 @ http://localhost:3000/:0
[  268193ms] [ERROR] Blocked attempt to create a WebMediaPlayer as there are too many WebMediaPlayers already in existence. See crbug.com/1144736#c27 @ http://localhost:3000/:0
[  268200ms] [ERROR] Blocked attempt to create a WebMediaPlayer as there are too many WebMediaPlayers already in existence. See crbug.com/1144736#c27 @ http://localhost:3000/:0
[  268203ms] [ERROR] Blocked attempt to create a WebMediaPlayer as there are too many WebMediaPlayers already in existence. See crbug.com/1144736#c27 @ http://localhost:3000/:0
[  268205ms] [ERROR] Blocked attempt to create a WebMediaPlayer as there are too many WebMediaPlayers already in existence. See crbug.com/1144736#c27 @ http://localhost:3000/:0
[  268209ms] [ERROR] Blocked attempt to create a WebMediaPlayer as there are too many WebMediaPlayers already in existence. See crbug.com/1144736#c27 @ http://localhost:3000/:0
[  268218ms] [ERROR] Blocked attempt to create a WebMediaPlayer as there are too many WebMediaPlayers already in existence. See crbug.com/1144736#c27 @ http://localhost:3000/:0
[  268224ms] [ERROR] Blocked attempt to create a WebMediaPlayer as there are too many WebMediaPlayers already in existence. See crbug.com/1144736#c27 @ http://localhost:3000/:0
[  268234ms] [ERROR] Blocked attempt to create a WebMediaPlayer as there are too many WebMediaPlayers already in existence. See crbug.com/1144736#c27 @ http://localhost:3000/:0
[  268237ms] [ERROR] Blocked attempt to create a WebMediaPlayer as there are too many WebMediaPlayers already in existence. See crbug.com/1144736#c27 @ http://localhost:3000/:0
[  268245ms] [ERROR] Blocked attempt to create a WebMediaPlayer as there are too many WebMediaPlayers already in existence. See crbug.com/1144736#c27 @ http://localhost:3000/:0
[  268275ms] [ERROR] Blocked attempt to create a WebMediaPlayer as there are too many WebMediaPlayers already in existence. See crbug.com/1144736#c27 @ http://localhost:3000/:0
[  268285ms] [ERROR] Blocked attempt to create a WebMediaPlayer as there are too many WebMediaPlayers already in existence. See crbug.com/1144736#c27 @ http://localhost:3000/:0
[  268290ms] [ERROR] Blocked attempt to create a WebMediaPlayer as there are too many WebMediaPlayers already in existence. See crbug.com/1144736#c27 @ http://localhost:3000/:0
[  268296ms] [ERROR] Blocked attempt to create a WebMediaPlayer as there are too many WebMediaPlayers already in existence. See crbug.com/1144736#c27 @ http://localhost:3000/:0
[  268303ms] [ERROR] Blocked attempt to create a WebMediaPlayer as there are too many WebMediaPlayers already in existence. See crbug.com/1144736#c27 @ http://localhost:3000/:0
[  268311ms] [ERROR] Blocked attempt to create a WebMediaPlayer as there are too many WebMediaPlayers already in existence. See crbug.com/1144736#c27 @ http://localhost:3000/:0
[  268327ms] [ERROR] Blocked attempt to create a WebMediaPlayer as there are too many WebMediaPlayers already in existence. See crbug.com/1144736#c27 @ http://localhost:3000/:0
[  268336ms] [ERROR] Blocked attempt to create a WebMediaPlayer as there are too many WebMediaPlayers already in existence. See crbug.com/1144736#c27 @ http://localhost:3000/:0
[  268346ms] [ERROR] Blocked attempt to create a WebMediaPlayer as there are too many WebMediaPlayers already in existence. See crbug.com/1144736#c27 @ http://localhost:3000/:0
[  268352ms] [ERROR] Blocked attempt to create a WebMediaPlayer as there are too many WebMediaPlayers already in existence. See crbug.com/1144736#c27 @ http://localhost:3000/:0
[  268361ms] [ERROR] Blocked attempt to create a WebMediaPlayer as there are too many WebMediaPlayers already in existence. See crbug.com/1144736#c27 @ http://localhost:3000/:0
[  268372ms] [ERROR] Blocked attempt to create a WebMediaPlayer as there are too many WebMediaPlayers already in existence. See crbug.com/1144736#c27 @ http://localhost:3000/:0
[  268383ms] [ERROR] Blocked attempt to create a WebMediaPlayer as there are too many WebMediaPlayers already in existence. See crbug.com/1144736#c27 @ http://localhost:3000/:0
[  268387ms] [ERROR] Blocked attempt to create a WebMediaPlayer as there are too many WebMediaPlayers already in existence. See crbug.com/1144736#c27 @ http://localhost:3000/:0
[  268393ms] [ERROR] Blocked attempt to create a WebMediaPlayer as there are too many WebMediaPlayers already in existence. See crbug.com/1144736#c27 @ http://localhost:3000/:0
[  268400ms] [ERROR] Blocked attempt to create a WebMediaPlayer as there are too many WebMediaPlayers already in existence. See crbug.com/1144736#c27 @ http://localhost:3000/:0
[  268406ms] [ERROR] Blocked attempt to create a WebMediaPlayer as there are too many WebMediaPlayers already in existence. See crbug.com/1144736#c27 @ http://localhost:3000/:0
[  268413ms] [ERROR] Blocked attempt to create a WebMediaPlayer as there are too many WebMediaPlayers already in existence. See crbug.com/1144736#c27 @ http://localhost:3000/:0
[  268422ms] [ERROR] Blocked attempt to create a WebMediaPlayer as there are too many WebMediaPlayers already in existence. See crbug.com/1144736#c27 @ http://localhost:3000/:0
[  268431ms] [ERROR] Blocked attempt to create a WebMediaPlayer as there are too many WebMediaPlayers already in existence. See crbug.com/1144736#c27 @ http://localhost:3000/:0
[  268447ms] [ERROR] Blocked attempt to create a WebMediaPlayer as there are too many WebMediaPlayers already in existence. See crbug.com/1144736#c27 @ http://localhost:3000/:0
[  268455ms] [ERROR] Blocked attempt to create a WebMediaPlayer as there are too many WebMediaPlayers already in existence. See crbug.com/1144736#c27 @ http://localhost:3000/:0
[  268463ms] [ERROR] Blocked attempt to create a WebMediaPlayer as there are too many WebMediaPlayers already in existence. See crbug.com/1144736#c27 @ http://localhost:3000/:0
[  268468ms] [ERROR] Blocked attempt to create a WebMediaPlayer as there are too many WebMediaPlayers already in existence. See crbug.com/1144736#c27 @ http://localhost:3000/:0
[  268478ms] [ERROR] Blocked attempt to create a WebMediaPlayer as there are too many WebMediaPlayers already in existence. See crbug.com/1144736#c27 @ http://localhost:3000/:0
[  268502ms] [ERROR] Blocked attempt to create a WebMediaPlayer as there are too many WebMediaPlayers already in existence. See crbug.com/1144736#c27 @ http://localhost:3000/:0
[  268516ms] [ERROR] Blocked attempt to create a WebMediaPlayer as there are too many WebMediaPlayers already in existence. See crbug.com/1144736#c27 @ http://localhost:3000/:0
[  268527ms] [ERROR] Blocked attempt to create a WebMediaPlayer as there are too many WebMediaPlayers already in existence. See crbug.com/1144736#c27 @ http://localhost:3000/:0
[  268561ms] [ERROR] Blocked attempt to create a WebMediaPlayer as there are too many WebMediaPlayers already in existence. See crbug.com/1144736#c27 @ http://localhost:3000/:0
[  268599ms] [ERROR] Blocked attempt to create a WebMediaPlayer as there are too many WebMediaPlayers already in existence. See crbug.com/1144736#c27 @ http://localhost:3000/:0
[  268634ms] [ERROR] Blocked attempt to create a WebMediaPlayer as there are too many WebMediaPlayers already in existence. See crbug.com/1144736#c27 @ http://localhost:3000/:0
[  268657ms] [ERROR] Blocked attempt to create a WebMediaPlayer as there are too many WebMediaPlayers already in existence. See crbug.com/1144736#c27 @ http://localhost:3000/:0
[  268702ms] [ERROR] Blocked attempt to create a WebMediaPlayer as there are too many WebMediaPlayers already in existence. See crbug.com/1144736#c27 @ http://localhost:3000/:0
[  268747ms] [ERROR] Blocked attempt to create a WebMediaPlayer as there are too many WebMediaPlayers already in existence. See crbug.com/1144736#c27 @ http://localhost:3000/:0
[  268775ms] [ERROR] Blocked attempt to create a WebMediaPlayer as there are too many WebMediaPlayers already in existence. See crbug.com/1144736#c27 @ http://localhost:3000/:0
[  268817ms] [ERROR] Blocked attempt to create a WebMediaPlayer as there are too many WebMediaPlayers already in existence. See crbug.com/1144736#c27 @ http://localhost:3000/:0
[  268862ms] [ERROR] Blocked attempt to create a WebMediaPlayer as there are too many WebMediaPlayers already in existence. See crbug.com/1144736#c27 @ http://localhost:3000/:0
[  268909ms] [ERROR] Blocked attempt to create a WebMediaPlayer as there are too many WebMediaPlayers already in existence. See crbug.com/1144736#c27 @ http://localhost:3000/:0
[  268947ms] [ERROR] Blocked attempt to create a WebMediaPlayer as there are too many WebMediaPlayers already in existence. See crbug.com/1144736#c27 @ http://localhost:3000/:0
[  268976ms] [ERROR] Blocked attempt to create a WebMediaPlayer as there are too many WebMediaPlayers already in existence. See crbug.com/1144736#c27 @ http://localhost:3000/:0
[  269021ms] [ERROR] Blocked attempt to create a WebMediaPlayer as there are too many WebMediaPlayers already in existence. See crbug.com/1144736#c27 @ http://localhost:3000/:0
[  269088ms] [ERROR] Blocked attempt to create a WebMediaPlayer as there are too many WebMediaPlayers already in existence. See crbug.com/1144736#c27 @ http://localhost:3000/:0
[  269149ms] [ERROR] Blocked attempt to create a WebMediaPlayer as there are too many WebMediaPlayers already in existence. See crbug.com/1144736#c27 @ http://localhost:3000/:0
[  269196ms] [ERROR] Blocked attempt to create a WebMediaPlayer as there are too many WebMediaPlayers already in existence. See crbug.com/1144736#c27 @ http://localhost:3000/:0
[  269269ms] [ERROR] Blocked attempt to create a WebMediaPlayer as there are too many WebMediaPlayers already in existence. See crbug.com/1144736#c27 @ http://localhost:3000/:0
[  269305ms] [ERROR] Blocked attempt to create a WebMediaPlayer as there are too many WebMediaPlayers already in existence. See crbug.com/1144736#c27 @ http://localhost:3000/:0
[  269327ms] [ERROR] Blocked attempt to create a WebMediaPlayer as there are too many WebMediaPlayers already in existence. See crbug.com/1144736#c27 @ http://localhost:3000/:0
[  269375ms] [ERROR] Blocked attempt to create a WebMediaPlayer as there are too many WebMediaPlayers already in existence. See crbug.com/1144736#c27 @ http://localhost:3000/:0
[  269431ms] [ERROR] Blocked attempt to create a WebMediaPlayer as there are too many WebMediaPlayers already in existence. See crbug.com/1144736#c27 @ http://localhost:3000/:0
[  269467ms] [ERROR] Blocked attempt to create a WebMediaPlayer as there are too many WebMediaPlayers already in existence. See crbug.com/1144736#c27 @ http://localhost:3000/:0
[  269512ms] [ERROR] Blocked attempt to create a WebMediaPlayer as there are too many WebMediaPlayers already in existence. See crbug.com/1144736#c27 @ http://localhost:3000/:0
[  269569ms] [ERROR] Blocked attempt to create a WebMediaPlayer as there are too many WebMediaPlayers already in existence. See crbug.com/1144736#c27 @ http://localhost:3000/:0
[  269623ms] [ERROR] Blocked attempt to create a WebMediaPlayer as there are too many WebMediaPlayers already in existence. See crbug.com/1144736#c27 @ http://localhost:3000/:0
[  269668ms] [ERROR] Blocked attempt to create a WebMediaPlayer as there are too many WebMediaPlayers already in existence. See crbug.com/1144736#c27 @ http://localhost:3000/:0
[  269725ms] [ERROR] Blocked attempt to create a WebMediaPlayer as there are too many WebMediaPlayers already in existence. See crbug.com/1144736#c27 @ http://localhost:3000/:0
[  269776ms] [ERROR] Blocked attempt to create a WebMediaPlayer as there are too many WebMediaPlayers already in existence. See crbug.com/1144736#c27 @ http://localhost:3000/:0
[  269802ms] [ERROR] Blocked attempt to create a WebMediaPlayer as there are too many WebMediaPlayers already in existence. See crbug.com/1144736#c27 @ http://localhost:3000/:0
[  269834ms] [ERROR] Blocked attempt to create a WebMediaPlayer as there are too many WebMediaPlayers already in existence. See crbug.com/1144736#c27 @ http://localhost:3000/:0
[  269862ms] [ERROR] Blocked attempt to create a WebMediaPlayer as there are too many WebMediaPlayers already in existence. See crbug.com/1144736#c27 @ http://localhost:3000/:0
[  269895ms] [ERROR] Blocked attempt to create a WebMediaPlayer as there are too many WebMediaPlayers already in existence. See crbug.com/1144736#c27 @ http://localhost:3000/:0
[  269920ms] [ERROR] Blocked attempt to create a WebMediaPlayer as there are too many WebMediaPlayers already in existence. See crbug.com/1144736#c27 @ http://localhost:3000/:0
[  269931ms] [ERROR] Blocked attempt to create a WebMediaPlayer as there are too many WebMediaPlayers already in existence. See crbug.com/1144736#c27 @ http://localhost:3000/:0
[  269949ms] [ERROR] Blocked attempt to create a WebMediaPlayer as there are too many WebMediaPlayers already in existence. See crbug.com/1144736#c27 @ http://localhost:3000/:0
[  269976ms] [ERROR] Blocked attempt to create a WebMediaPlayer as there are too many WebMediaPlayers already in existence. See crbug.com/1144736#c27 @ http://localhost:3000/:0
[  270015ms] [ERROR] Blocked attempt to create a WebMediaPlayer as there are too many WebMediaPlayers already in existence. See crbug.com/1144736#c27 @ http://localhost:3000/:0
[  270045ms] [ERROR] Blocked attempt to create a WebMediaPlayer as there are too many WebMediaPlayers already in existence. See crbug.com/1144736#c27 @ http://localhost:3000/:0
[  272137ms] [ERROR] Blocked attempt to create a WebMediaPlayer as there are too many WebMediaPlayers already in existence. See crbug.com/1144736#c27 @ http://localhost:3000/:0
[  272166ms] [ERROR] Blocked attempt to create a WebMediaPlayer as there are too many WebMediaPlayers already in existence. See crbug.com/1144736#c27 @ http://localhost:3000/:0
[  272200ms] [ERROR] Blocked attempt to create a WebMediaPlayer as there are too many WebMediaPlayers already in existence. See crbug.com/1144736#c27 @ http://localhost:3000/:0
[  272228ms] [ERROR] Blocked attempt to create a WebMediaPlayer as there are too many WebMediaPlayers already in existence. See crbug.com/1144736#c27 @ http://localhost:3000/:0
[  272257ms] [ERROR] Blocked attempt to create a WebMediaPlayer as there are too many WebMediaPlayers already in existence. See crbug.com/1144736#c27 @ http://localhost:3000/:0
[  272279ms] [ERROR] Blocked attempt to create a WebMediaPlayer as there are too many WebMediaPlayers already in existence. See crbug.com/1144736#c27 @ http://localhost:3000/:0
[  272293ms] [ERROR] Blocked attempt to create a WebMediaPlayer as there are too many WebMediaPlayers already in existence. See crbug.com/1144736#c27 @ http://localhost:3000/:0
[  273321ms] [ERROR] Blocked attempt to create a WebMediaPlayer as there are too many WebMediaPlayers already in existence. See crbug.com/1144736#c27 @ http://localhost:3000/:0
[  273401ms] [ERROR] Blocked attempt to create a WebMediaPlayer as there are too many WebMediaPlayers already in existence. See crbug.com/1144736#c27 @ http://localhost:3000/:0
[  273447ms] [ERROR] Blocked attempt to create a WebMediaPlayer as there are too many WebMediaPlayers already in existence. See crbug.com/1144736#c27 @ http://localhost:3000/:0
[  273481ms] [ERROR] Blocked attempt to create a WebMediaPlayer as there are too many WebMediaPlayers already in existence. See crbug.com/1144736#c27 @ http://localhost:3000/:0
[  273515ms] [ERROR] Blocked attempt to create a WebMediaPlayer as there are too many WebMediaPlayers already in existence. See crbug.com/1144736#c27 @ http://localhost:3000/:0
[  273557ms] [ERROR] Blocked attempt to create a WebMediaPlayer as there are too many WebMediaPlayers already in existence. See crbug.com/1144736#c27 @ http://localhost:3000/:0
[  273606ms] [ERROR] Blocked attempt to create a WebMediaPlayer as there are too many WebMediaPlayers already in existence. See crbug.com/1144736#c27 @ http://localhost:3000/:0
[  273657ms] [ERROR] Blocked attempt to create a WebMediaPlayer as there are too many WebMediaPlayers already in existence. See crbug.com/1144736#c27 @ http://localhost:3000/:0
[  273711ms] [ERROR] Blocked attempt to create a WebMediaPlayer as there are too many WebMediaPlayers already in existence. See crbug.com/1144736#c27 @ http://localhost:3000/:0
[  273760ms] [ERROR] Blocked attempt to create a WebMediaPlayer as there are too many WebMediaPlayers already in existence. See crbug.com/1144736#c27 @ http://localhost:3000/:0
[  273798ms] [ERROR] Blocked attempt to create a WebMediaPlayer as there are too many WebMediaPlayers already in existence. See crbug.com/1144736#c27 @ http://localhost:3000/:0
[  273846ms] [ERROR] Blocked attempt to create a WebMediaPlayer as there are too many WebMediaPlayers already in existence. See crbug.com/1144736#c27 @ http://localhost:3000/:0
[  273900ms] [ERROR] Blocked attempt to create a WebMediaPlayer as there are too many WebMediaPlayers already in existence. See crbug.com/1144736#c27 @ http://localhost:3000/:0
[  277999ms] [ERROR] Blocked attempt to create a WebMediaPlayer as there are too many WebMediaPlayers already in existence. See crbug.com/1144736#c27 @ http://localhost:3000/:0
[  278039ms] [ERROR] Blocked attempt to create a WebMediaPlayer as there are too many WebMediaPlayers already in existence. See crbug.com/1144736#c27 @ http://localhost:3000/:0
[  278065ms] [ERROR] Blocked attempt to create a WebMediaPlayer as there are too many WebMediaPlayers already in existence. See crbug.com/1144736#c27 @ http://localhost:3000/:0
[  278086ms] [ERROR] Blocked attempt to create a WebMediaPlayer as there are too many WebMediaPlayers already in existence. See crbug.com/1144736#c27 @ http://localhost:3000/:0
[  278111ms] [ERROR] Blocked attempt to create a WebMediaPlayer as there are too many WebMediaPlayers already in existence. See crbug.com/1144736#c27 @ http://localhost:3000/:0
[  278131ms] [ERROR] Blocked attempt to create a WebMediaPlayer as there are too many WebMediaPlayers already in existence. See crbug.com/1144736#c27 @ http://localhost:3000/:0
[  278143ms] [ERROR] Blocked attempt to create a WebMediaPlayer as there are too many WebMediaPlayers already in existence. See crbug.com/1144736#c27 @ http://localhost:3000/:0
[  279169ms] [ERROR] Blocked attempt to create a WebMediaPlayer as there are too many WebMediaPlayers already in existence. See crbug.com/1144736#c27 @ http://localhost:3000/:0
[  279224ms] [ERROR] Blocked attempt to create a WebMediaPlayer as there are too many WebMediaPlayers already in existence. See crbug.com/1144736#c27 @ http://localhost:3000/:0
[  279269ms] [ERROR] Blocked attempt to create a WebMediaPlayer as there are too many WebMediaPlayers already in existence. See crbug.com/1144736#c27 @ http://localhost:3000/:0
[  279307ms] [ERROR] Blocked attempt to create a WebMediaPlayer as there are too many WebMediaPlayers already in existence. See crbug.com/1144736#c27 @ http://localhost:3000/:0
[  281888ms] [ERROR] Blocked attempt to create a WebMediaPlayer as there are too many WebMediaPlayers already in existence. See crbug.com/1144736#c27 @ http://localhost:3000/:0
[  281965ms] [ERROR] Blocked attempt to create a WebMediaPlayer as there are too many WebMediaPlayers already in existence. See crbug.com/1144736#c27 @ http://localhost:3000/:0
[  281990ms] [ERROR] Blocked attempt to create a WebMediaPlayer as there are too many WebMediaPlayers already in existence. See crbug.com/1144736#c27 @ http://localhost:3000/:0
[  282015ms] [ERROR] Blocked attempt to create a WebMediaPlayer as there are too many WebMediaPlayers already in existence. See crbug.com/1144736#c27 @ http://localhost:3000/:0
[  282037ms] [ERROR] Blocked attempt to create a WebMediaPlayer as there are too many WebMediaPlayers already in existence. See crbug.com/1144736#c27 @ http://localhost:3000/:0
[  282059ms] [ERROR] Blocked attempt to create a WebMediaPlayer as there are too many WebMediaPlayers already in existence. See crbug.com/1144736#c27 @ http://localhost:3000/:0
[  282078ms] [ERROR] Blocked attempt to create a WebMediaPlayer as there are too many WebMediaPlayers already in existence. See crbug.com/1144736#c27 @ http://localhost:3000/:0
[  282299ms] [ERROR] Blocked attempt to create a WebMediaPlayer as there are too many WebMediaPlayers already in existence. See crbug.com/1144736#c27 @ http://localhost:3000/:0
[  282326ms] [ERROR] Blocked attempt to create a WebMediaPlayer as there are too many WebMediaPlayers already in existence. See crbug.com/1144736#c27 @ http://localhost:3000/:0
[  282350ms] [ERROR] Blocked attempt to create a WebMediaPlayer as there are too many WebMediaPlayers already in existence. See crbug.com/1144736#c27 @ http://localhost:3000/:0
[  282391ms] [ERROR] Blocked attempt to create a WebMediaPlayer as there are too many WebMediaPlayers already in existence. See crbug.com/1144736#c27 @ http://localhost:3000/:0
[  282466ms] [ERROR] Blocked attempt to create a WebMediaPlayer as there are too many WebMediaPlayers already in existence. See crbug.com/1144736#c27 @ http://localhost:3000/:0
[  282498ms] [ERROR] Blocked attempt to create a WebMediaPlayer as there are too many WebMediaPlayers already in existence. See crbug.com/1144736#c27 @ http://localhost:3000/:0
[  282524ms] [ERROR] Blocked attempt to create a WebMediaPlayer as there are too many WebMediaPlayers already in existence. See crbug.com/1144736#c27 @ http://localhost:3000/:0
[  282555ms] [ERROR] Blocked attempt to create a WebMediaPlayer as there are too many WebMediaPlayers already in existence. See crbug.com/1144736#c27 @ http://localhost:3000/:0
[  282585ms] [ERROR] Blocked attempt to create a WebMediaPlayer as there are too many WebMediaPlayers already in existence. See crbug.com/1144736#c27 @ http://localhost:3000/:0
[  282626ms] [ERROR] Blocked attempt to create a WebMediaPlayer as there are too many WebMediaPlayers already in existence. See crbug.com/1144736#c27 @ http://localhost:3000/:0
[  282688ms] [ERROR] Blocked attempt to create a WebMediaPlayer as there are too many WebMediaPlayers already in existence. See crbug.com/1144736#c27 @ http://localhost:3000/:0
[  282755ms] [ERROR] Blocked attempt to create a WebMediaPlayer as there are too many WebMediaPlayers already in existence. See crbug.com/1144736#c27 @ http://localhost:3000/:0
[  282799ms] [ERROR] Blocked attempt to create a WebMediaPlayer as there are too many WebMediaPlayers already in existence. See crbug.com/1144736#c27 @ http://localhost:3000/:0
[  282848ms] [ERROR] Blocked attempt to create a WebMediaPlayer as there are too many WebMediaPlayers already in existence. See crbug.com/1144736#c27 @ http://localhost:3000/:0
[  282884ms] [ERROR] Blocked attempt to create a WebMediaPlayer as there are too many WebMediaPlayers already in existence. See crbug.com/1144736#c27 @ http://localhost:3000/:0
[  282933ms] [ERROR] Blocked attempt to create a WebMediaPlayer as there are too many WebMediaPlayers already in existence. See crbug.com/1144736#c27 @ http://localhost:3000/:0
[  282982ms] [ERROR] Blocked attempt to create a WebMediaPlayer as there are too many WebMediaPlayers already in existence. See crbug.com/1144736#c27 @ http://localhost:3000/:0
[  283025ms] [ERROR] Blocked attempt to create a WebMediaPlayer as there are too many WebMediaPlayers already in existence. See crbug.com/1144736#c27 @ http://localhost:3000/:0
[  283048ms] [ERROR] Blocked attempt to create a WebMediaPlayer as there are too many WebMediaPlayers already in existence. See crbug.com/1144736#c27 @ http://localhost:3000/:0
[  283093ms] [ERROR] Blocked attempt to create a WebMediaPlayer as there are too many WebMediaPlayers already in existence. See crbug.com/1144736#c27 @ http://localhost:3000/:0
[  283126ms] [ERROR] Blocked attempt to create a WebMediaPlayer as there are too many WebMediaPlayers already in existence. See crbug.com/1144736#c27 @ http://localhost:3000/:0
[  283155ms] [ERROR] Blocked attempt to create a WebMediaPlayer as there are too many WebMediaPlayers already in existence. See crbug.com/1144736#c27 @ http://localhost:3000/:0
[  283207ms] [ERROR] Blocked attempt to create a WebMediaPlayer as there are too many WebMediaPlayers already in existence. See crbug.com/1144736#c27 @ http://localhost:3000/:0
[  283264ms] [ERROR] Blocked attempt to create a WebMediaPlayer as there are too many WebMediaPlayers already in existence. See crbug.com/1144736#c27 @ http://localhost:3000/:0
[  283317ms] [ERROR] Blocked attempt to create a WebMediaPlayer as there are too many WebMediaPlayers already in existence. See crbug.com/1144736#c27 @ http://localhost:3000/:0
[  283343ms] [ERROR] Blocked attempt to create a WebMediaPlayer as there are too many WebMediaPlayers already in existence. See crbug.com/1144736#c27 @ http://localhost:3000/:0
[  283376ms] [ERROR] Blocked attempt to create a WebMediaPlayer as there are too many WebMediaPlayers already in existence. See crbug.com/1144736#c27 @ http://localhost:3000/:0
[  283398ms] [ERROR] Blocked attempt to create a WebMediaPlayer as there are too many WebMediaPlayers already in existence. See crbug.com/1144736#c27 @ http://localhost:3000/:0
[  283425ms] [ERROR] Blocked attempt to create a WebMediaPlayer as there are too many WebMediaPlayers already in existence. See crbug.com/1144736#c27 @ http://localhost:3000/:0
[  283451ms] [ERROR] Blocked attempt to create a WebMediaPlayer as there are too many WebMediaPlayers already in existence. See crbug.com/1144736#c27 @ http://localhost:3000/:0
[  283477ms] [ERROR] Blocked attempt to create a WebMediaPlayer as there are too many WebMediaPlayers already in existence. See crbug.com/1144736#c27 @ http://localhost:3000/:0
[  283502ms] [ERROR] Blocked attempt to create a WebMediaPlayer as there are too many WebMediaPlayers already in existence. See crbug.com/1144736#c27 @ http://localhost:3000/:0
[  283528ms] [ERROR] Blocked attempt to create a WebMediaPlayer as there are too many WebMediaPlayers already in existence. See crbug.com/1144736#c27 @ http://localhost:3000/:0
[  283562ms] [ERROR] Blocked attempt to create a WebMediaPlayer as there are too many WebMediaPlayers already in existence. See crbug.com/1144736#c27 @ http://localhost:3000/:0
[  283617ms] [ERROR] Blocked attempt to create a WebMediaPlayer as there are too many WebMediaPlayers already in existence. See crbug.com/1144736#c27 @ http://localhost:3000/:0
[  283645ms] [ERROR] Blocked attempt to create a WebMediaPlayer as there are too many WebMediaPlayers already in existence. See crbug.com/1144736#c27 @ http://localhost:3000/:0
[  283722ms] [ERROR] Blocked attempt to create a WebMediaPlayer as there are too many WebMediaPlayers already in existence. See crbug.com/1144736#c27 @ http://localhost:3000/:0
[  283774ms] [ERROR] Blocked attempt to create a WebMediaPlayer as there are too many WebMediaPlayers already in existence. See crbug.com/1144736#c27 @ http://localhost:3000/:0
[  283825ms] [ERROR] Blocked attempt to create a WebMediaPlayer as there are too many WebMediaPlayers already in existence. See crbug.com/1144736#c27 @ http://localhost:3000/:0
[  283864ms] [ERROR] Blocked attempt to create a WebMediaPlayer as there are too many WebMediaPlayers already in existence. See crbug.com/1144736#c27 @ http://localhost:3000/:0
[  283895ms] [ERROR] Blocked attempt to create a WebMediaPlayer as there are too many WebMediaPlayers already in existence. See crbug.com/1144736#c27 @ http://localhost:3000/:0
[  283939ms] [ERROR] Blocked attempt to create a WebMediaPlayer as there are too many WebMediaPlayers already in existence. See crbug.com/1144736#c27 @ http://localhost:3000/:0
[  283993ms] [ERROR] Blocked attempt to create a WebMediaPlayer as there are too many WebMediaPlayers already in existence. See crbug.com/1144736#c27 @ http://localhost:3000/:0
[  284051ms] [ERROR] Blocked attempt to create a WebMediaPlayer as there are too many WebMediaPlayers already in existence. See crbug.com/1144736#c27 @ http://localhost:3000/:0
[  284111ms] [ERROR] Blocked attempt to create a WebMediaPlayer as there are too many WebMediaPlayers already in existence. See crbug.com/1144736#c27 @ http://localhost:3000/:0
[  284151ms] [ERROR] Blocked attempt to create a WebMediaPlayer as there are too many WebMediaPlayers already in existence. See crbug.com/1144736#c27 @ http://localhost:3000/:0
[  284190ms] [ERROR] Blocked attempt to create a WebMediaPlayer as there are too many WebMediaPlayers already in existence. See crbug.com/1144736#c27 @ http://localhost:3000/:0
[  284226ms] [ERROR] Blocked attempt to create a WebMediaPlayer as there are too many WebMediaPlayers already in existence. See crbug.com/1144736#c27 @ http://localhost:3000/:0
[  284247ms] [ERROR] Blocked attempt to create a WebMediaPlayer as there are too many WebMediaPlayers already in existence. See crbug.com/1144736#c27 @ http://localhost:3000/:0
[  284269ms] [ERROR] Blocked attempt to create a WebMediaPlayer as there are too many WebMediaPlayers already in existence. See crbug.com/1144736#c27 @ http://localhost:3000/:0
[  284286ms] [ERROR] Blocked attempt to create a WebMediaPlayer as there are too many WebMediaPlayers already in existence. See crbug.com/1144736#c27 @ http://localhost:3000/:0
[  284336ms] [ERROR] Blocked attempt to create a WebMediaPlayer as there are too many WebMediaPlayers already in existence. See crbug.com/1144736#c27 @ http://localhost:3000/:0
[  284370ms] [ERROR] Blocked attempt to create a WebMediaPlayer as there are too many WebMediaPlayers already in existence. See crbug.com/1144736#c27 @ http://localhost:3000/:0
[  284400ms] [ERROR] Blocked attempt to create a WebMediaPlayer as there are too many WebMediaPlayers already in existence. See crbug.com/1144736#c27 @ http://localhost:3000/:0
[  284419ms] [ERROR] Blocked attempt to create a WebMediaPlayer as there are too many WebMediaPlayers already in existence. See crbug.com/1144736#c27 @ http://localhost:3000/:0
[  284446ms] [ERROR] Blocked attempt to create a WebMediaPlayer as there are too many WebMediaPlayers already in existence. See crbug.com/1144736#c27 @ http://localhost:3000/:0
[  284484ms] [ERROR] Blocked attempt to create a WebMediaPlayer as there are too many WebMediaPlayers already in existence. See crbug.com/1144736#c27 @ http://localhost:3000/:0
[  284524ms] [ERROR] Blocked attempt to create a WebMediaPlayer as there are too many WebMediaPlayers already in existence. See crbug.com/1144736#c27 @ http://localhost:3000/:0
[  284540ms] [ERROR] Blocked attempt to create a WebMediaPlayer as there are too many WebMediaPlayers already in existence. See crbug.com/1144736#c27 @ http://localhost:3000/:0
[  284555ms] [ERROR] Blocked attempt to create a WebMediaPlayer as there are too many WebMediaPlayers already in existence. See crbug.com/1144736#c27 @ http://localhost:3000/:0
[  284572ms] [ERROR] Blocked attempt to create a WebMediaPlayer as there are too many WebMediaPlayers already in existence. See crbug.com/1144736#c27 @ http://localhost:3000/:0
[  284584ms] [ERROR] Blocked attempt to create a WebMediaPlayer as there are too many WebMediaPlayers already in existence. See crbug.com/1144736#c27 @ http://localhost:3000/:0
[  284612ms] [ERROR] Blocked attempt to create a WebMediaPlayer as there are too many WebMediaPlayers already in existence. See crbug.com/1144736#c27 @ http://localhost:3000/:0
[  284642ms] [ERROR] Blocked attempt to create a WebMediaPlayer as there are too many WebMediaPlayers already in existence. See crbug.com/1144736#c27 @ http://localhost:3000/:0
[  284661ms] [ERROR] Blocked attempt to create a WebMediaPlayer as there are too many WebMediaPlayers already in existence. See crbug.com/1144736#c27 @ http://localhost:3000/:0
[  284714ms] [ERROR] Blocked attempt to create a WebMediaPlayer as there are too many WebMediaPlayers already in existence. See crbug.com/1144736#c27 @ http://localhost:3000/:0
[  284723ms] [ERROR] Blocked attempt to create a WebMediaPlayer as there are too many WebMediaPlayers already in existence. See crbug.com/1144736#c27 @ http://localhost:3000/:0
[  284731ms] [ERROR] Blocked attempt to create a WebMediaPlayer as there are too many WebMediaPlayers already in existence. See crbug.com/1144736#c27 @ http://localhost:3000/:0
[  284742ms] [ERROR] Blocked attempt to create a WebMediaPlayer as there are too many WebMediaPlayers already in existence. See crbug.com/1144736#c27 @ http://localhost:3000/:0
[  284745ms] [ERROR] Blocked attempt to create a WebMediaPlayer as there are too many WebMediaPlayers already in existence. See crbug.com/1144736#c27 @ http://localhost:3000/:0
[  284752ms] [ERROR] Blocked attempt to create a WebMediaPlayer as there are too many WebMediaPlayers already in existence. See crbug.com/1144736#c27 @ http://localhost:3000/:0
[  284759ms] [ERROR] Blocked attempt to create a WebMediaPlayer as there are too many WebMediaPlayers already in existence. See crbug.com/1144736#c27 @ http://localhost:3000/:0
[  284766ms] [ERROR] Blocked attempt to create a WebMediaPlayer as there are too many WebMediaPlayers already in existence. See crbug.com/1144736#c27 @ http://localhost:3000/:0
[  284769ms] [ERROR] Blocked attempt to create a WebMediaPlayer as there are too many WebMediaPlayers already in existence. See crbug.com/1144736#c27 @ http://localhost:3000/:0
[  284772ms] [ERROR] Blocked attempt to create a WebMediaPlayer as there are too many WebMediaPlayers already in existence. See crbug.com/1144736#c27 @ http://localhost:3000/:0
[  284774ms] [ERROR] Blocked attempt to create a WebMediaPlayer as there are too many WebMediaPlayers already in existence. See crbug.com/1144736#c27 @ http://localhost:3000/:0
[  284777ms] [ERROR] Blocked attempt to create a WebMediaPlayer as there are too many WebMediaPlayers already in existence. See crbug.com/1144736#c27 @ http://localhost:3000/:0
[  284782ms] [ERROR] Blocked attempt to create a WebMediaPlayer as there are too many WebMediaPlayers already in existence. See crbug.com/1144736#c27 @ http://localhost:3000/:0
[  284791ms] [ERROR] Blocked attempt to create a WebMediaPlayer as there are too many WebMediaPlayers already in existence. See crbug.com/1144736#c27 @ http://localhost:3000/:0
[  284796ms] [ERROR] Blocked attempt to create a WebMediaPlayer as there are too many WebMediaPlayers already in existence. See crbug.com/1144736#c27 @ http://localhost:3000/:0
[  284804ms] [ERROR] Blocked attempt to create a WebMediaPlayer as there are too many WebMediaPlayers already in existence. See crbug.com/1144736#c27 @ http://localhost:3000/:0
[  284811ms] [ERROR] Blocked attempt to create a WebMediaPlayer as there are too many WebMediaPlayers already in existence. See crbug.com/1144736#c27 @ http://localhost:3000/:0
[  284819ms] [ERROR] Blocked attempt to create a WebMediaPlayer as there are too many WebMediaPlayers already in existence. See crbug.com/1144736#c27 @ http://localhost:3000/:0
[  284826ms] [ERROR] Blocked attempt to create a WebMediaPlayer as there are too many WebMediaPlayers already in existence. See crbug.com/1144736#c27 @ http://localhost:3000/:0
[  284828ms] [ERROR] Blocked attempt to create a WebMediaPlayer as there are too many WebMediaPlayers already in existence. See crbug.com/1144736#c27 @ http://localhost:3000/:0
[  284831ms] [ERROR] Blocked attempt to create a WebMediaPlayer as there are too many WebMediaPlayers already in existence. See crbug.com/1144736#c27 @ http://localhost:3000/:0
[  284833ms] [ERROR] Blocked attempt to create a WebMediaPlayer as there are too many WebMediaPlayers already in existence. See crbug.com/1144736#c27 @ http://localhost:3000/:0
[  284835ms] [ERROR] Blocked attempt to create a WebMediaPlayer as there are too many WebMediaPlayers already in existence. See crbug.com/1144736#c27 @ http://localhost:3000/:0
[  284837ms] [ERROR] Blocked attempt to create a WebMediaPlayer as there are too many WebMediaPlayers already in existence. See crbug.com/1144736#c27 @ http://localhost:3000/:0
[  284840ms] [ERROR] Blocked attempt to create a WebMediaPlayer as there are too many WebMediaPlayers already in existence. See crbug.com/1144736#c27 @ http://localhost:3000/:0
[  284842ms] [ERROR] Blocked attempt to create a WebMediaPlayer as there are too many WebMediaPlayers already in existence. See crbug.com/1144736#c27 @ http://localhost:3000/:0
[  284844ms] [ERROR] Blocked attempt to create a WebMediaPlayer as there are too many WebMediaPlayers already in existence. See crbug.com/1144736#c27 @ http://localhost:3000/:0
[  284847ms] [ERROR] Blocked attempt to create a WebMediaPlayer as there are too many WebMediaPlayers already in existence. See crbug.com/1144736#c27 @ http://localhost:3000/:0
[  284849ms] [ERROR] Blocked attempt to create a WebMediaPlayer as there are too many WebMediaPlayers already in existence. See crbug.com/1144736#c27 @ http://localhost:3000/:0
[  284851ms] [ERROR] Blocked attempt to create a WebMediaPlayer as there are too many WebMediaPlayers already in existence. See crbug.com/1144736#c27 @ http://localhost:3000/:0
[  284853ms] [ERROR] Blocked attempt to create a WebMediaPlayer as there are too many WebMediaPlayers already in existence. See crbug.com/1144736#c27 @ http://localhost:3000/:0
[  284858ms] [ERROR] Blocked attempt to create a WebMediaPlayer as there are too many WebMediaPlayers already in existence. See crbug.com/1144736#c27 @ http://localhost:3000/:0
[  284865ms] [ERROR] Blocked attempt to create a WebMediaPlayer as there are too many WebMediaPlayers already in existence. See crbug.com/1144736#c27 @ http://localhost:3000/:0
[  284870ms] [ERROR] Blocked attempt to create a WebMediaPlayer as there are too many WebMediaPlayers already in existence. See crbug.com/1144736#c27 @ http://localhost:3000/:0
[  284875ms] [ERROR] Blocked attempt to create a WebMediaPlayer as there are too many WebMediaPlayers already in existence. See crbug.com/1144736#c27 @ http://localhost:3000/:0
[  284877ms] [ERROR] Blocked attempt to create a WebMediaPlayer as there are too many WebMediaPlayers already in existence. See crbug.com/1144736#c27 @ http://localhost:3000/:0
[  284880ms] [ERROR] Blocked attempt to create a WebMediaPlayer as there are too many WebMediaPlayers already in existence. See crbug.com/1144736#c27 @ http://localhost:3000/:0
[  284882ms] [ERROR] Blocked attempt to create a WebMediaPlayer as there are too many WebMediaPlayers already in existence. See crbug.com/1144736#c27 @ http://localhost:3000/:0
[  284884ms] [ERROR] Blocked attempt to create a WebMediaPlayer as there are too many WebMediaPlayers already in existence. See crbug.com/1144736#c27 @ http://localhost:3000/:0
[  284891ms] [ERROR] Blocked attempt to create a WebMediaPlayer as there are too many WebMediaPlayers already in existence. See crbug.com/1144736#c27 @ http://localhost:3000/:0
[  284894ms] [ERROR] Blocked attempt to create a WebMediaPlayer as there are too many WebMediaPlayers already in existence. See crbug.com/1144736#c27 @ http://localhost:3000/:0
[  284896ms] [ERROR] Blocked attempt to create a WebMediaPlayer as there are too many WebMediaPlayers already in existence. See crbug.com/1144736#c27 @ http://localhost:3000/:0
[  284899ms] [ERROR] Blocked attempt to create a WebMediaPlayer as there are too many WebMediaPlayers already in existence. See crbug.com/1144736#c27 @ http://localhost:3000/:0
[  284901ms] [ERROR] Blocked attempt to create a WebMediaPlayer as there are too many WebMediaPlayers already in existence. See crbug.com/1144736#c27 @ http://localhost:3000/:0
[  284905ms] [ERROR] Blocked attempt to create a WebMediaPlayer as there are too many WebMediaPlayers already in existence. See crbug.com/1144736#c27 @ http://localhost:3000/:0
[  284909ms] [ERROR] Blocked attempt to create a WebMediaPlayer as there are too many WebMediaPlayers already in existence. See crbug.com/1144736#c27 @ http://localhost:3000/:0
[  284912ms] [ERROR] Blocked attempt to create a WebMediaPlayer as there are too many WebMediaPlayers already in existence. See crbug.com/1144736#c27 @ http://localhost:3000/:0
[  284916ms] [ERROR] Blocked attempt to create a WebMediaPlayer as there are too many WebMediaPlayers already in existence. See crbug.com/1144736#c27 @ http://localhost:3000/:0
[  284920ms] [ERROR] Blocked attempt to create a WebMediaPlayer as there are too many WebMediaPlayers already in existence. See crbug.com/1144736#c27 @ http://localhost:3000/:0
[  284922ms] [ERROR] Blocked attempt to create a WebMediaPlayer as there are too many WebMediaPlayers already in existence. See crbug.com/1144736#c27 @ http://localhost:3000/:0
[  284924ms] [ERROR] Blocked attempt to create a WebMediaPlayer as there are too many WebMediaPlayers already in existence. See crbug.com/1144736#c27 @ http://localhost:3000/:0
[  284927ms] [ERROR] Blocked attempt to create a WebMediaPlayer as there are too many WebMediaPlayers already in existence. See crbug.com/1144736#c27 @ http://localhost:3000/:0
[  284930ms] [ERROR] Blocked attempt to create a WebMediaPlayer as there are too many WebMediaPlayers already in existence. See crbug.com/1144736#c27 @ http://localhost:3000/:0
[  284936ms] [ERROR] Blocked attempt to create a WebMediaPlayer as there are too many WebMediaPlayers already in existence. See crbug.com/1144736#c27 @ http://localhost:3000/:0
[  284938ms] [ERROR] Blocked attempt to create a WebMediaPlayer as there are too many WebMediaPlayers already in existence. See crbug.com/1144736#c27 @ http://localhost:3000/:0
[  284940ms] [ERROR] Blocked attempt to create a WebMediaPlayer as there are too many WebMediaPlayers already in existence. See crbug.com/1144736#c27 @ http://localhost:3000/:0
[  284943ms] [ERROR] Blocked attempt to create a WebMediaPlayer as there are too many WebMediaPlayers already in existence. See crbug.com/1144736#c27 @ http://localhost:3000/:0
[  284945ms] [ERROR] Blocked attempt to create a WebMediaPlayer as there are too many WebMediaPlayers already in existence. See crbug.com/1144736#c27 @ http://localhost:3000/:0
[  284949ms] [ERROR] Blocked attempt to create a WebMediaPlayer as there are too many WebMediaPlayers already in existence. See crbug.com/1144736#c27 @ http://localhost:3000/:0
[  284952ms] [ERROR] Blocked attempt to create a WebMediaPlayer as there are too many WebMediaPlayers already in existence. See crbug.com/1144736#c27 @ http://localhost:3000/:0
[  284970ms] [ERROR] Blocked attempt to create a WebMediaPlayer as there are too many WebMediaPlayers already in existence. See crbug.com/1144736#c27 @ http://localhost:3000/:0
[  284978ms] [ERROR] Blocked attempt to create a WebMediaPlayer as there are too many WebMediaPlayers already in existence. See crbug.com/1144736#c27 @ http://localhost:3000/:0
[  284988ms] [ERROR] Blocked attempt to create a WebMediaPlayer as there are too many WebMediaPlayers already in existence. See crbug.com/1144736#c27 @ http://localhost:3000/:0
[  284996ms] [ERROR] Blocked attempt to create a WebMediaPlayer as there are too many WebMediaPlayers already in existence. See crbug.com/1144736#c27 @ http://localhost:3000/:0
[  285006ms] [ERROR] Blocked attempt to create a WebMediaPlayer as there are too many WebMediaPlayers already in existence. See crbug.com/1144736#c27 @ http://localhost:3000/:0
[  285019ms] [ERROR] Blocked attempt to create a WebMediaPlayer as there are too many WebMediaPlayers already in existence. See crbug.com/1144736#c27 @ http://localhost:3000/:0
[  285026ms] [ERROR] Blocked attempt to create a WebMediaPlayer as there are too many WebMediaPlayers already in existence. See crbug.com/1144736#c27 @ http://localhost:3000/:0
[  285038ms] [ERROR] Blocked attempt to create a WebMediaPlayer as there are too many WebMediaPlayers already in existence. See crbug.com/1144736#c27 @ http://localhost:3000/:0
[  285047ms] [ERROR] Blocked attempt to create a WebMediaPlayer as there are too many WebMediaPlayers already in existence. See crbug.com/1144736#c27 @ http://localhost:3000/:0
[  285057ms] [ERROR] Blocked attempt to create a WebMediaPlayer as there are too many WebMediaPlayers already in existence. See crbug.com/1144736#c27 @ http://localhost:3000/:0
[  285072ms] [ERROR] Blocked attempt to create a WebMediaPlayer as there are too many WebMediaPlayers already in existence. See crbug.com/1144736#c27 @ http://localhost:3000/:0
[  285089ms] [ERROR] Blocked attempt to create a WebMediaPlayer as there are too many WebMediaPlayers already in existence. See crbug.com/1144736#c27 @ http://localhost:3000/:0
[  285097ms] [ERROR] Blocked attempt to create a WebMediaPlayer as there are too many WebMediaPlayers already in existence. See crbug.com/1144736#c27 @ http://localhost:3000/:0
[  285106ms] [ERROR] Blocked attempt to create a WebMediaPlayer as there are too many WebMediaPlayers already in existence. See crbug.com/1144736#c27 @ http://localhost:3000/:0
[  285115ms] [ERROR] Blocked attempt to create a WebMediaPlayer as there are too many WebMediaPlayers already in existence. See crbug.com/1144736#c27 @ http://localhost:3000/:0
[  285126ms] [ERROR] Blocked attempt to create a WebMediaPlayer as there are too many WebMediaPlayers already in existence. See crbug.com/1144736#c27 @ http://localhost:3000/:0
[  285134ms] [ERROR] Blocked attempt to create a WebMediaPlayer as there are too many WebMediaPlayers already in existence. See crbug.com/1144736#c27 @ http://localhost:3000/:0
[  285142ms] [ERROR] Blocked attempt to create a WebMediaPlayer as there are too many WebMediaPlayers already in existence. See crbug.com/1144736#c27 @ http://localhost:3000/:0
[  285151ms] [ERROR] Blocked attempt to create a WebMediaPlayer as there are too many WebMediaPlayers already in existence. See crbug.com/1144736#c27 @ http://localhost:3000/:0
[  285158ms] [ERROR] Blocked attempt to create a WebMediaPlayer as there are too many WebMediaPlayers already in existence. See crbug.com/1144736#c27 @ http://localhost:3000/:0
[  285166ms] [ERROR] Blocked attempt to create a WebMediaPlayer as there are too many WebMediaPlayers already in existence. See crbug.com/1144736#c27 @ http://localhost:3000/:0
[  285173ms] [ERROR] Blocked attempt to create a WebMediaPlayer as there are too many WebMediaPlayers already in existence. See crbug.com/1144736#c27 @ http://localhost:3000/:0
[  285181ms] [ERROR] Blocked attempt to create a WebMediaPlayer as there are too many WebMediaPlayers already in existence. See crbug.com/1144736#c27 @ http://localhost:3000/:0
[  285189ms] [ERROR] Blocked attempt to create a WebMediaPlayer as there are too many WebMediaPlayers already in existence. See crbug.com/1144736#c27 @ http://localhost:3000/:0
[  285205ms] [ERROR] Blocked attempt to create a WebMediaPlayer as there are too many WebMediaPlayers already in existence. See crbug.com/1144736#c27 @ http://localhost:3000/:0
[  285222ms] [ERROR] Blocked attempt to create a WebMediaPlayer as there are too many WebMediaPlayers already in existence. See crbug.com/1144736#c27 @ http://localhost:3000/:0
[  285251ms] [ERROR] Blocked attempt to create a WebMediaPlayer as there are too many WebMediaPlayers already in existence. See crbug.com/1144736#c27 @ http://localhost:3000/:0
[  285278ms] [ERROR] Blocked attempt to create a WebMediaPlayer as there are too many WebMediaPlayers already in existence. See crbug.com/1144736#c27 @ http://localhost:3000/:0
[  285292ms] [ERROR] Blocked attempt to create a WebMediaPlayer as there are too many WebMediaPlayers already in existence. See crbug.com/1144736#c27 @ http://localhost:3000/:0
[  285302ms] [ERROR] Blocked attempt to create a WebMediaPlayer as there are too many WebMediaPlayers already in existence. See crbug.com/1144736#c27 @ http://localhost:3000/:0
[  285308ms] [ERROR] Blocked attempt to create a WebMediaPlayer as there are too many WebMediaPlayers already in existence. See crbug.com/1144736#c27 @ http://localhost:3000/:0
[  285316ms] [ERROR] Blocked attempt to create a WebMediaPlayer as there are too many WebMediaPlayers already in existence. See crbug.com/1144736#c27 @ http://localhost:3000/:0
[  285323ms] [ERROR] Blocked attempt to create a WebMediaPlayer as there are too many WebMediaPlayers already in existence. See crbug.com/1144736#c27 @ http://localhost:3000/:0
[  285331ms] [ERROR] Blocked attempt to create a WebMediaPlayer as there are too many WebMediaPlayers already in existence. See crbug.com/1144736#c27 @ http://localhost:3000/:0
[  285365ms] [ERROR] Blocked attempt to create a WebMediaPlayer as there are too many WebMediaPlayers already in existence. See crbug.com/1144736#c27 @ http://localhost:3000/:0
[  285381ms] [ERROR] Blocked attempt to create a WebMediaPlayer as there are too many WebMediaPlayers already in existence. See crbug.com/1144736#c27 @ http://localhost:3000/:0
[  285400ms] [ERROR] Blocked attempt to create a WebMediaPlayer as there are too many WebMediaPlayers already in existence. See crbug.com/1144736#c27 @ http://localhost:3000/:0
[  285411ms] [ERROR] Blocked attempt to create a WebMediaPlayer as there are too many WebMediaPlayers already in existence. See crbug.com/1144736#c27 @ http://localhost:3000/:0
[  285422ms] [ERROR] Blocked attempt to create a WebMediaPlayer as there are too many WebMediaPlayers already in existence. See crbug.com/1144736#c27 @ http://localhost:3000/:0
[  285440ms] [ERROR] Blocked attempt to create a WebMediaPlayer as there are too many WebMediaPlayers already in existence. See crbug.com/1144736#c27 @ http://localhost:3000/:0
[  285455ms] [ERROR] Blocked attempt to create a WebMediaPlayer as there are too many WebMediaPlayers already in existence. See crbug.com/1144736#c27 @ http://localhost:3000/:0
[  285473ms] [ERROR] Blocked attempt to create a WebMediaPlayer as there are too many WebMediaPlayers already in existence. See crbug.com/1144736#c27 @ http://localhost:3000/:0
[  285490ms] [ERROR] Blocked attempt to create a WebMediaPlayer as there are too many WebMediaPlayers already in existence. See crbug.com/1144736#c27 @ http://localhost:3000/:0
[  285506ms] [ERROR] Blocked attempt to create a WebMediaPlayer as there are too many WebMediaPlayers already in existence. See crbug.com/1144736#c27 @ http://localhost:3000/:0
[  285523ms] [ERROR] Blocked attempt to create a WebMediaPlayer as there are too many WebMediaPlayers already in existence. See crbug.com/1144736#c27 @ http://localhost:3000/:0
[  285541ms] [ERROR] Blocked attempt to create a WebMediaPlayer as there are too many WebMediaPlayers already in existence. See crbug.com/1144736#c27 @ http://localhost:3000/:0
[  285550ms] [ERROR] Blocked attempt to create a WebMediaPlayer as there are too many WebMediaPlayers already in existence. See crbug.com/1144736#c27 @ http://localhost:3000/:0
[  285558ms] [ERROR] Blocked attempt to create a WebMediaPlayer as there are too many WebMediaPlayers already in existence. See crbug.com/1144736#c27 @ http://localhost:3000/:0
[  285568ms] [ERROR] Blocked attempt to create a WebMediaPlayer as there are too many WebMediaPlayers already in existence. See crbug.com/1144736#c27 @ http://localhost:3000/:0
[  285576ms] [ERROR] Blocked attempt to create a WebMediaPlayer as there are too many WebMediaPlayers already in existence. See crbug.com/1144736#c27 @ http://localhost:3000/:0
[  285592ms] [ERROR] Blocked attempt to create a WebMediaPlayer as there are too many WebMediaPlayers already in existence. See crbug.com/1144736#c27 @ http://localhost:3000/:0
[  285606ms] [ERROR] Blocked attempt to create a WebMediaPlayer as there are too many WebMediaPlayers already in existence. See crbug.com/1144736#c27 @ http://localhost:3000/:0
[  285616ms] [ERROR] Blocked attempt to create a WebMediaPlayer as there are too many WebMediaPlayers already in existence. See crbug.com/1144736#c27 @ http://localhost:3000/:0
[  285624ms] [ERROR] Blocked attempt to create a WebMediaPlayer as there are too many WebMediaPlayers already in existence. See crbug.com/1144736#c27 @ http://localhost:3000/:0
[  285632ms] [ERROR] Blocked attempt to create a WebMediaPlayer as there are too many WebMediaPlayers already in existence. See crbug.com/1144736#c27 @ http://localhost:3000/:0
[  285640ms] [ERROR] Blocked attempt to create a WebMediaPlayer as there are too many WebMediaPlayers already in existence. See crbug.com/1144736#c27 @ http://localhost:3000/:0
[  285647ms] [ERROR] Blocked attempt to create a WebMediaPlayer as there are too many WebMediaPlayers already in existence. See crbug.com/1144736#c27 @ http://localhost:3000/:0
[  285655ms] [ERROR] Blocked attempt to create a WebMediaPlayer as there are too many WebMediaPlayers already in existence. See crbug.com/1144736#c27 @ http://localhost:3000/:0
[  285663ms] [ERROR] Blocked attempt to create a WebMediaPlayer as there are too many WebMediaPlayers already in existence. See crbug.com/1144736#c27 @ http://localhost:3000/:0
[  285671ms] [ERROR] Blocked attempt to create a WebMediaPlayer as there are too many WebMediaPlayers already in existence. See crbug.com/1144736#c27 @ http://localhost:3000/:0
[  285681ms] [ERROR] Blocked attempt to create a WebMediaPlayer as there are too many WebMediaPlayers already in existence. See crbug.com/1144736#c27 @ http://localhost:3000/:0
[  285697ms] [ERROR] Blocked attempt to create a WebMediaPlayer as there are too many WebMediaPlayers already in existence. See crbug.com/1144736#c27 @ http://localhost:3000/:0
[  285710ms] [ERROR] Blocked attempt to create a WebMediaPlayer as there are too many WebMediaPlayers already in existence. See crbug.com/1144736#c27 @ http://localhost:3000/:0
[  285722ms] [ERROR] Blocked attempt to create a WebMediaPlayer as there are too many WebMediaPlayers already in existence. See crbug.com/1144736#c27 @ http://localhost:3000/:0
[  285733ms] [ERROR] Blocked attempt to create a WebMediaPlayer as there are too many WebMediaPlayers already in existence. See crbug.com/1144736#c27 @ http://localhost:3000/:0
[  285749ms] [ERROR] Blocked attempt to create a WebMediaPlayer as there are too many WebMediaPlayers already in existence. See crbug.com/1144736#c27 @ http://localhost:3000/:0
[  285766ms] [ERROR] Blocked attempt to create a WebMediaPlayer as there are too many WebMediaPlayers already in existence. See crbug.com/1144736#c27 @ http://localhost:3000/:0
[  285787ms] [ERROR] Blocked attempt to create a WebMediaPlayer as there are too many WebMediaPlayers already in existence. See crbug.com/1144736#c27 @ http://localhost:3000/:0
[  285807ms] [ERROR] Blocked attempt to create a WebMediaPlayer as there are too many WebMediaPlayers already in existence. See crbug.com/1144736#c27 @ http://localhost:3000/:0
[  285823ms] [ERROR] Blocked attempt to create a WebMediaPlayer as there are too many WebMediaPlayers already in existence. See crbug.com/1144736#c27 @ http://localhost:3000/:0
[  285834ms] [ERROR] Blocked attempt to create a WebMediaPlayer as there are too many WebMediaPlayers already in existence. See crbug.com/1144736#c27 @ http://localhost:3000/:0
[  285847ms] [ERROR] Blocked attempt to create a WebMediaPlayer as there are too many WebMediaPlayers already in existence. See crbug.com/1144736#c27 @ http://localhost:3000/:0
[  285858ms] [ERROR] Blocked attempt to create a WebMediaPlayer as there are too many WebMediaPlayers already in existence. See crbug.com/1144736#c27 @ http://localhost:3000/:0
[  285867ms] [ERROR] Blocked attempt to create a WebMediaPlayer as there are too many WebMediaPlayers already in existence. See crbug.com/1144736#c27 @ http://localhost:3000/:0
[  285880ms] [ERROR] Blocked attempt to create a WebMediaPlayer as there are too many WebMediaPlayers already in existence. See crbug.com/1144736#c27 @ http://localhost:3000/:0
[  285899ms] [ERROR] Blocked attempt to create a WebMediaPlayer as there are too many WebMediaPlayers already in existence. See crbug.com/1144736#c27 @ http://localhost:3000/:0
[  285912ms] [ERROR] Blocked attempt to create a WebMediaPlayer as there are too many WebMediaPlayers already in existence. See crbug.com/1144736#c27 @ http://localhost:3000/:0
[  285926ms] [ERROR] Blocked attempt to create a WebMediaPlayer as there are too many WebMediaPlayers already in existence. See crbug.com/1144736#c27 @ http://localhost:3000/:0
[  285941ms] [ERROR] Blocked attempt to create a WebMediaPlayer as there are too many WebMediaPlayers already in existence. See crbug.com/1144736#c27 @ http://localhost:3000/:0
[  285957ms] [ERROR] Blocked attempt to create a WebMediaPlayer as there are too many WebMediaPlayers already in existence. See crbug.com/1144736#c27 @ http://localhost:3000/:0
[  285977ms] [ERROR] Blocked attempt to create a WebMediaPlayer as there are too many WebMediaPlayers already in existence. See crbug.com/1144736#c27 @ http://localhost:3000/:0
[  286023ms] [ERROR] Blocked attempt to create a WebMediaPlayer as there are too many WebMediaPlayers already in existence. See crbug.com/1144736#c27 @ http://localhost:3000/:0
[  286066ms] [ERROR] Blocked attempt to create a WebMediaPlayer as there are too many WebMediaPlayers already in existence. See crbug.com/1144736#c27 @ http://localhost:3000/:0
[  286120ms] [ERROR] Blocked attempt to create a WebMediaPlayer as there are too many WebMediaPlayers already in existence. See crbug.com/1144736#c27 @ http://localhost:3000/:0
[  286152ms] [ERROR] Blocked attempt to create a WebMediaPlayer as there are too many WebMediaPlayers already in existence. See crbug.com/1144736#c27 @ http://localhost:3000/:0
[  287110ms] [ERROR] Blocked attempt to create a WebMediaPlayer as there are too many WebMediaPlayers already in existence. See crbug.com/1144736#c27 @ http://localhost:3000/:0
[  287129ms] [ERROR] Blocked attempt to create a WebMediaPlayer as there are too many WebMediaPlayers already in existence. See crbug.com/1144736#c27 @ http://localhost:3000/:0
[  287147ms] [ERROR] Blocked attempt to create a WebMediaPlayer as there are too many WebMediaPlayers already in existence. See crbug.com/1144736#c27 @ http://localhost:3000/:0
[  287166ms] [ERROR] Blocked attempt to create a WebMediaPlayer as there are too many WebMediaPlayers already in existence. See crbug.com/1144736#c27 @ http://localhost:3000/:0
[  287209ms] [ERROR] Blocked attempt to create a WebMediaPlayer as there are too many WebMediaPlayers already in existence. See crbug.com/1144736#c27 @ http://localhost:3000/:0
[  287238ms] [ERROR] Blocked attempt to create a WebMediaPlayer as there are too many WebMediaPlayers already in existence. See crbug.com/1144736#c27 @ http://localhost:3000/:0
[  287270ms] [ERROR] Blocked attempt to create a WebMediaPlayer as there are too many WebMediaPlayers already in existence. See crbug.com/1144736#c27 @ http://localhost:3000/:0
[  287308ms] [ERROR] Blocked attempt to create a WebMediaPlayer as there are too many WebMediaPlayers already in existence. See crbug.com/1144736#c27 @ http://localhost:3000/:0
[  287354ms] [ERROR] Blocked attempt to create a WebMediaPlayer as there are too many WebMediaPlayers already in existence. See crbug.com/1144736#c27 @ http://localhost:3000/:0
[  287376ms] [ERROR] Blocked attempt to create a WebMediaPlayer as there are too many WebMediaPlayers already in existence. See crbug.com/1144736#c27 @ http://localhost:3000/:0
[  287398ms] [ERROR] Blocked attempt to create a WebMediaPlayer as there are too many WebMediaPlayers already in existence. See crbug.com/1144736#c27 @ http://localhost:3000/:0
[  287437ms] [ERROR] Blocked attempt to create a WebMediaPlayer as there are too many WebMediaPlayers already in existence. See crbug.com/1144736#c27 @ http://localhost:3000/:0
[  287479ms] [ERROR] Blocked attempt to create a WebMediaPlayer as there are too many WebMediaPlayers already in existence. See crbug.com/1144736#c27 @ http://localhost:3000/:0
[  287528ms] [ERROR] Blocked attempt to create a WebMediaPlayer as there are too many WebMediaPlayers already in existence. See crbug.com/1144736#c27 @ http://localhost:3000/:0
[  287567ms] [ERROR] Blocked attempt to create a WebMediaPlayer as there are too many WebMediaPlayers already in existence. See crbug.com/1144736#c27 @ http://localhost:3000/:0
[  287624ms] [ERROR] Blocked attempt to create a WebMediaPlayer as there are too many WebMediaPlayers already in existence. See crbug.com/1144736#c27 @ http://localhost:3000/:0
[  287674ms] [ERROR] Blocked attempt to create a WebMediaPlayer as there are too many WebMediaPlayers already in existence. See crbug.com/1144736#c27 @ http://localhost:3000/:0
[  287719ms] [ERROR] Blocked attempt to create a WebMediaPlayer as there are too many WebMediaPlayers already in existence. See crbug.com/1144736#c27 @ http://localhost:3000/:0
[  287740ms] [ERROR] Blocked attempt to create a WebMediaPlayer as there are too many WebMediaPlayers already in existence. See crbug.com/1144736#c27 @ http://localhost:3000/:0
[  287779ms] [ERROR] Blocked attempt to create a WebMediaPlayer as there are too many WebMediaPlayers already in existence. See crbug.com/1144736#c27 @ http://localhost:3000/:0
[  287827ms] [ERROR] Blocked attempt to create a WebMediaPlayer as there are too many WebMediaPlayers already in existence. See crbug.com/1144736#c27 @ http://localhost:3000/:0
[  287868ms] [ERROR] Blocked attempt to create a WebMediaPlayer as there are too many WebMediaPlayers already in existence. See crbug.com/1144736#c27 @ http://localhost:3000/:0
[  287900ms] [ERROR] Blocked attempt to create a WebMediaPlayer as there are too many WebMediaPlayers already in existence. See crbug.com/1144736#c27 @ http://localhost:3000/:0
[  287941ms] [ERROR] Blocked attempt to create a WebMediaPlayer as there are too many WebMediaPlayers already in existence. See crbug.com/1144736#c27 @ http://localhost:3000/:0
[  287975ms] [ERROR] Blocked attempt to create a WebMediaPlayer as there are too many WebMediaPlayers already in existence. See crbug.com/1144736#c27 @ http://localhost:3000/:0
[  288011ms] [ERROR] Blocked attempt to create a WebMediaPlayer as there are too many WebMediaPlayers already in existence. See crbug.com/1144736#c27 @ http://localhost:3000/:0
[  288115ms] [ERROR] Blocked attempt to create a WebMediaPlayer as there are too many WebMediaPlayers already in existence. See crbug.com/1144736#c27 @ http://localhost:3000/:0
[  288209ms] [ERROR] Blocked attempt to create a WebMediaPlayer as there are too many WebMediaPlayers already in existence. See crbug.com/1144736#c27 @ http://localhost:3000/:0
[  288243ms] [ERROR] Blocked attempt to create a WebMediaPlayer as there are too many WebMediaPlayers already in existence. See crbug.com/1144736#c27 @ http://localhost:3000/:0
[  289299ms] [ERROR] Blocked attempt to create a WebMediaPlayer as there are too many WebMediaPlayers already in existence. See crbug.com/1144736#c27 @ http://localhost:3000/:0
[  289339ms] [ERROR] Blocked attempt to create a WebMediaPlayer as there are too many WebMediaPlayers already in existence. See crbug.com/1144736#c27 @ http://localhost:3000/:0
[  289379ms] [ERROR] Blocked attempt to create a WebMediaPlayer as there are too many WebMediaPlayers already in existence. See crbug.com/1144736#c27 @ http://localhost:3000/:0
[  289401ms] [ERROR] Blocked attempt to create a WebMediaPlayer as there are too many WebMediaPlayers already in existence. See crbug.com/1144736#c27 @ http://localhost:3000/:0
[  289425ms] [ERROR] Blocked attempt to create a WebMediaPlayer as there are too many WebMediaPlayers already in existence. See crbug.com/1144736#c27 @ http://localhost:3000/:0
[  289445ms] [ERROR] Blocked attempt to create a WebMediaPlayer as there are too many WebMediaPlayers already in existence. See crbug.com/1144736#c27 @ http://localhost:3000/:0
[  289482ms] [ERROR] Blocked attempt to create a WebMediaPlayer as there are too many WebMediaPlayers already in existence. See crbug.com/1144736#c27 @ http://localhost:3000/:0
[  289494ms] [ERROR] Blocked attempt to create a WebMediaPlayer as there are too many WebMediaPlayers already in existence. See crbug.com/1144736#c27 @ http://localhost:3000/:0
[  289506ms] [ERROR] Blocked attempt to create a WebMediaPlayer as there are too many WebMediaPlayers already in existence. See crbug.com/1144736#c27 @ http://localhost:3000/:0
[  289518ms] [ERROR] Blocked attempt to create a WebMediaPlayer as there are too many WebMediaPlayers already in existence. See crbug.com/1144736#c27 @ http://localhost:3000/:0
[  289538ms] [ERROR] Blocked attempt to create a WebMediaPlayer as there are too many WebMediaPlayers already in existence. See crbug.com/1144736#c27 @ http://localhost:3000/:0
[  289556ms] [ERROR] Blocked attempt to create a WebMediaPlayer as there are too many WebMediaPlayers already in existence. See crbug.com/1144736#c27 @ http://localhost:3000/:0
[  289564ms] [ERROR] Blocked attempt to create a WebMediaPlayer as there are too many WebMediaPlayers already in existence. See crbug.com/1144736#c27 @ http://localhost:3000/:0
[  289576ms] [ERROR] Blocked attempt to create a WebMediaPlayer as there are too many WebMediaPlayers already in existence. See crbug.com/1144736#c27 @ http://localhost:3000/:0
[  289589ms] [ERROR] Blocked attempt to create a WebMediaPlayer as there are too many WebMediaPlayers already in existence. See crbug.com/1144736#c27 @ http://localhost:3000/:0
[  289597ms] [ERROR] Blocked attempt to create a WebMediaPlayer as there are too many WebMediaPlayers already in existence. See crbug.com/1144736#c27 @ http://localhost:3000/:0
[  290616ms] [ERROR] Blocked attempt to create a WebMediaPlayer as there are too many WebMediaPlayers already in existence. See crbug.com/1144736#c27 @ http://localhost:3000/:0
[  291279ms] [ERROR] Blocked attempt to create a WebMediaPlayer as there are too many WebMediaPlayers already in existence. See crbug.com/1144736#c27 @ http://localhost:3000/:0
[  291295ms] [ERROR] Blocked attempt to create a WebMediaPlayer as there are too many WebMediaPlayers already in existence. See crbug.com/1144736#c27 @ http://localhost:3000/:0
[  291305ms] [ERROR] Blocked attempt to create a WebMediaPlayer as there are too many WebMediaPlayers already in existence. See crbug.com/1144736#c27 @ http://localhost:3000/:0
[  291321ms] [ERROR] Blocked attempt to create a WebMediaPlayer as there are too many WebMediaPlayers already in existence. See crbug.com/1144736#c27 @ http://localhost:3000/:0
[  291331ms] [ERROR] Blocked attempt to create a WebMediaPlayer as there are too many WebMediaPlayers already in existence. See crbug.com/1144736#c27 @ http://localhost:3000/:0
[  291340ms] [ERROR] Blocked attempt to create a WebMediaPlayer as there are too many WebMediaPlayers already in existence. See crbug.com/1144736#c27 @ http://localhost:3000/:0
[  291354ms] [ERROR] Blocked attempt to create a WebMediaPlayer as there are too many WebMediaPlayers already in existence. See crbug.com/1144736#c27 @ http://localhost:3000/:0
[  291367ms] [ERROR] Blocked attempt to create a WebMediaPlayer as there are too many WebMediaPlayers already in existence. See crbug.com/1144736#c27 @ http://localhost:3000/:0
[  291382ms] [ERROR] Blocked attempt to create a WebMediaPlayer as there are too many WebMediaPlayers already in existence. See crbug.com/1144736#c27 @ http://localhost:3000/:0
[  291404ms] [ERROR] Blocked attempt to create a WebMediaPlayer as there are too many WebMediaPlayers already in existence. See crbug.com/1144736#c27 @ http://localhost:3000/:0
[  291437ms] [ERROR] Blocked attempt to create a WebMediaPlayer as there are too many WebMediaPlayers already in existence. See crbug.com/1144736#c27 @ http://localhost:3000/:0
[  291458ms] [ERROR] Blocked attempt to create a WebMediaPlayer as there are too many WebMediaPlayers already in existence. See crbug.com/1144736#c27 @ http://localhost:3000/:0
[  291477ms] [ERROR] Blocked attempt to create a WebMediaPlayer as there are too many WebMediaPlayers already in existence. See crbug.com/1144736#c27 @ http://localhost:3000/:0
[  291509ms] [ERROR] Blocked attempt to create a WebMediaPlayer as there are too many WebMediaPlayers already in existence. See crbug.com/1144736#c27 @ http://localhost:3000/:0
[  291547ms] [ERROR] Blocked attempt to create a WebMediaPlayer as there are too many WebMediaPlayers already in existence. See crbug.com/1144736#c27 @ http://localhost:3000/:0
[  291587ms] [ERROR] Blocked attempt to create a WebMediaPlayer as there are too many WebMediaPlayers already in existence. See crbug.com/1144736#c27 @ http://localhost:3000/:0
[  291612ms] [ERROR] Blocked attempt to create a WebMediaPlayer as there are too many WebMediaPlayers already in existence. See crbug.com/1144736#c27 @ http://localhost:3000/:0
[  291639ms] [ERROR] Blocked attempt to create a WebMediaPlayer as there are too many WebMediaPlayers already in existence. See crbug.com/1144736#c27 @ http://localhost:3000/:0
[  291672ms] [ERROR] Blocked attempt to create a WebMediaPlayer as there are too many WebMediaPlayers already in existence. See crbug.com/1144736#c27 @ http://localhost:3000/:0
[  291698ms] [ERROR] Blocked attempt to create a WebMediaPlayer as there are too many WebMediaPlayers already in existence. See crbug.com/1144736#c27 @ http://localhost:3000/:0
[  291728ms] [ERROR] Blocked attempt to create a WebMediaPlayer as there are too many WebMediaPlayers already in existence. See crbug.com/1144736#c27 @ http://localhost:3000/:0
