[     655ms] [ERROR] Ignoring duplicate Content-Security-Policy directive 'worker-src'. @ https://www.gucci.com/de/de/ca/women/ready-to-wear-for-women-c-women-readytowear:0
[    1285ms] [ERROR] Ignoring duplicate Content-Security-Policy directive 'worker-src'. @ https://www.gucci.com/static/7941ce5497c4f05c60ad3b5f0ef2bf8454a63794300564:137
[    1286ms] [ERROR] Ignoring duplicate Content-Security-Policy directive 'worker-src'. @ https://www.gucci.com/static/7941ce5497c4f05c60ad3b5f0ef2bf8454a63794300564:137
[    1346ms] [ERROR] Ignoring duplicate Content-Security-Policy directive 'worker-src'. @ https://www.gucci.com/static/7941ce5497c4f05c60ad3b5f0ef2bf8454a63794300564:164
[    1347ms] [ERROR] Ignoring duplicate Content-Security-Policy directive 'worker-src'. @ https://www.gucci.com/static/7941ce5497c4f05c60ad3b5f0ef2bf8454a63794300564:164
[    4228ms] [LOG] Logger set with Service: search and Environment: prd @ https://www.gucci.com/search/_static/parse-M7XxFHqy.js:0
[    4506ms] [LOG] [web-tracking-compliance] [prd] loaded - v: 1.1.0 @ https://www.gucci.com/componentsfront/_public/web_tracking_compliance/index.js:0
[    4529ms] [WARNING] Datadog Browser SDK: SDK is loaded more than once. This is unsupported and might have unexpected behavior. @ https://www.gucci.com/deps/_static/@datadog/browser-core@6.4.0/es2022/browser-core.mjs:3
[    4772ms] [LOG] Logger set with Service: plp and Environment: prd @ https://www.gucci.com/plp/_next/static/chunks/780-2d5b30f3804dadfc.js:0
[    4796ms] [LOG] Logger set with Service: header-footer-mfe and Environment: prd @ https://www.gucci.com/header-footer/_static/navigation/index-BeDZXoYq.js:1
[    5013ms] [LOG] Logger set with Service: geo-markup and Environment: prd @ https://www.gucci.com/geo-markup/_static/footer/geo-section/index-DUA8Vu1C.js:0
[    5706ms] [ERROR] Ignoring duplicate Content-Security-Policy directive 'worker-src'. @ https://www.gucci.com/static/7941ce5497c4f05c60ad3b5f0ef2bf8454a63794300564:23
[    5708ms] [ERROR] Ignoring duplicate Content-Security-Policy directive 'worker-src'. @ https://www.gucci.com/static/7941ce5497c4f05c60ad3b5f0ef2bf8454a63794300564:23
[    6339ms] [ERROR] Ignoring duplicate Content-Security-Policy directive 'worker-src'. @ https://www.gucci.com/static/7941ce5497c4f05c60ad3b5f0ef2bf8454a63794300564:23
[    6342ms] [ERROR] Ignoring duplicate Content-Security-Policy directive 'worker-src'. @ https://www.gucci.com/static/7941ce5497c4f05c60ad3b5f0ef2bf8454a63794300564:23
[   12477ms] [ERROR] Ignoring duplicate Content-Security-Policy directive 'worker-src'. @ https://www.gucci.com/static/7941ce5497c4f05c60ad3b5f0ef2bf8454a63794300564:23
[   12479ms] [ERROR] Ignoring duplicate Content-Security-Policy directive 'worker-src'. @ https://www.gucci.com/static/7941ce5497c4f05c60ad3b5f0ef2bf8454a63794300564:23
[   12496ms] [ERROR] Ignoring duplicate Content-Security-Policy directive 'worker-src'. @ https://www.gucci.com/static/7941ce5497c4f05c60ad3b5f0ef2bf8454a63794300564:23
[   12498ms] [ERROR] Ignoring duplicate Content-Security-Policy directive 'worker-src'. @ https://www.gucci.com/static/7941ce5497c4f05c60ad3b5f0ef2bf8454a63794300564:23
[   18252ms] [LOG] front.js => connectedToInside @ https://eu3-cdn.inside-graph.com/js/frontend-framework.js.bundle?v=996bfc2e3d-139975:2381
[   18933ms] [LOG] [INSIDE] Custom script loaded @ https://eu3-cdn.inside-graph.com/custom/4-customScript.js?v=996bfc2e3d-139975:3
[   20486ms] [LOG] googleAnalytics {category: Inside : Reactive Chat, action: view, label: undefined} @ https://eu3-cdn.inside-graph.com/custom/4-customChatTab.js?v=996bfc2e3d-139975:478
[   33025ms] [LOG] disconnected from inside @ https://eu3-cdn.inside-graph.com/js/frontend-framework.js.bundle?v=996bfc2e3d-139975:2903
[   33548ms] [ERROR] Ignoring duplicate Content-Security-Policy directive 'worker-src'. @ https://www.gucci.com/static/7941ce5497c4f05c60ad3b5f0ef2bf8454a63794300564:23
[   33566ms] [ERROR] Ignoring duplicate Content-Security-Policy directive 'worker-src'. @ https://www.gucci.com/static/7941ce5497c4f05c60ad3b5f0ef2bf8454a63794300564:23
[   34610ms] [ERROR] Ignoring duplicate Content-Security-Policy directive 'worker-src'. @ https://www.gucci.com/static/7941ce5497c4f05c60ad3b5f0ef2bf8454a63794300564:23
[   35252ms] [ERROR] Ignoring duplicate Content-Security-Policy directive 'worker-src'. @ https://www.gucci.com/static/7941ce5497c4f05c60ad3b5f0ef2bf8454a63794300564:23
[   35254ms] [ERROR] Ignoring duplicate Content-Security-Policy directive 'worker-src'. @ https://www.gucci.com/static/7941ce5497c4f05c60ad3b5f0ef2bf8454a63794300564:23
[   35271ms] [ERROR] Ignoring duplicate Content-Security-Policy directive 'worker-src'. @ https://www.gucci.com/static/7941ce5497c4f05c60ad3b5f0ef2bf8454a63794300564:164
[   35274ms] [ERROR] Ignoring duplicate Content-Security-Policy directive 'worker-src'. @ https://www.gucci.com/static/7941ce5497c4f05c60ad3b5f0ef2bf8454a63794300564:164
[   36708ms] [ERROR] Ignoring duplicate Content-Security-Policy directive 'worker-src'. @ https://www.gucci.com/static/7941ce5497c4f05c60ad3b5f0ef2bf8454a63794300564:23
[   36769ms] [LOG] front.js => connectedToInside @ https://cdn.quantummetric.com/qscripts/quantum-gucci.js:127
[   39036ms] [ERROR] Ignoring duplicate Content-Security-Policy directive 'worker-src'. @ https://www.gucci.com/static/7941ce5497c4f05c60ad3b5f0ef2bf8454a63794300564:23
[  394882ms] [LOG] disconnected from inside @ https://cdn.quantummetric.com/qscripts/quantum-gucci.js:127
[  626487ms] [LOG] disconnected from inside @ https://cdn.quantummetric.com/qscripts/quantum-gucci.js:127
[  628798ms] [LOG] front.js => connectedToInside @ https://cdn.quantummetric.com/qscripts/quantum-gucci.js:127
[ 1055828ms] [LOG] disconnected from inside @ https://cdn.quantummetric.com/qscripts/quantum-gucci.js:127
[ 1058022ms] [LOG] front.js => connectedToInside @ https://cdn.quantummetric.com/qscripts/quantum-gucci.js:127
[ 1175543ms] [LOG] disconnected from inside @ https://cdn.quantummetric.com/qscripts/quantum-gucci.js:127
[ 1227943ms] [LOG] disconnected from inside @ https://cdn.quantummetric.com/qscripts/quantum-gucci.js:127
[ 1229934ms] [LOG] front.js => connectedToInside @ https://cdn.quantummetric.com/qscripts/quantum-gucci.js:127
[ 1567954ms] [LOG] disconnected from inside @ https://cdn.quantummetric.com/qscripts/quantum-gucci.js:127
[ 1614670ms] [LOG] disconnected from inside @ https://cdn.quantummetric.com/qscripts/quantum-gucci.js:127
[ 1616684ms] [LOG] front.js => connectedToInside @ https://cdn.quantummetric.com/qscripts/quantum-gucci.js:127
[ 1975921ms] [LOG] disconnected from inside @ https://cdn.quantummetric.com/qscripts/quantum-gucci.js:127
[ 1978414ms] [LOG] front.js => connectedToInside @ https://cdn.quantummetric.com/qscripts/quantum-gucci.js:127
[ 2095653ms] [LOG] disconnected from inside @ https://cdn.quantummetric.com/qscripts/quantum-gucci.js:127
[11405870ms] [LOG] disconnected from inside @ https://cdn.quantummetric.com/qscripts/quantum-gucci.js:127
[11407595ms] [LOG] front.js => connectedToInside @ https://cdn.quantummetric.com/qscripts/quantum-gucci.js:127
[11737101ms] [LOG] disconnected from inside @ https://cdn.quantummetric.com/qscripts/quantum-gucci.js:127
[11749289ms] [LOG] disconnected from inside @ https://cdn.quantummetric.com/qscripts/quantum-gucci.js:127
[11751596ms] [LOG] front.js => connectedToInside @ https://cdn.quantummetric.com/qscripts/quantum-gucci.js:127
[12133289ms] [LOG] disconnected from inside @ https://cdn.quantummetric.com/qscripts/quantum-gucci.js:127
[12135492ms] [LOG] front.js => connectedToInside @ https://cdn.quantummetric.com/qscripts/quantum-gucci.js:127
[12253023ms] [LOG] disconnected from inside @ https://cdn.quantummetric.com/qscripts/quantum-gucci.js:127
[12382988ms] [LOG] disconnected from inside @ https://cdn.quantummetric.com/qscripts/quantum-gucci.js:127
[12387494ms] [LOG] front.js => connectedToInside @ https://cdn.quantummetric.com/qscripts/quantum-gucci.js:127
[12682427ms] [LOG] disconnected from inside @ https://cdn.quantummetric.com/qscripts/quantum-gucci.js:127
