[     182ms] [LOG] [Fast Refresh] rebuilding @ http://10.2.0.2:3001/_next/static/chunks/079ae_next_dist_e4f9772e._.js:2297
[     876ms] [LOG] [Fast Refresh] done in 802ms @ http://10.2.0.2:3001/_next/static/chunks/079ae_next_dist_e4f9772e._.js:2297
[    1651ms] [INFO] %cDownload the React DevTools for a better development experience: https://react.dev/link/react-devtools font-weight:bold @ http://localhost:3001/_next/static/chunks/079ae_next_dist_e4f9772e._.js:2297
[    2052ms] [LOG] [HMR] connected @ http://localhost:3001/_next/static/chunks/079ae_next_dist_e4f9772e._.js:2297
[    2601ms] [LOG] [Fast Refresh] rebuilding @ http://localhost:3001/_next/static/chunks/079ae_next_dist_e4f9772e._.js:2297
[    2754ms] [ERROR] Access to fetch at 'http://localhost:8080/users/me' from origin 'http://localhost:3001' has been blocked by CORS policy: Response to preflight request doesn't pass access control check: No 'Access-Control-Allow-Origin' header is present on the requested resource. @ http://localhost:3001/bekleidung:0
[    2755ms] [ERROR] Failed to load resource: net::ERR_FAILED @ http://localhost:8080/users/me:0
[    2970ms] [ERROR] Access to fetch at 'http://localhost:8080/products?size=200' from origin 'http://localhost:3001' has been blocked by CORS policy: Response to preflight request doesn't pass access control check: No 'Access-Control-Allow-Origin' header is present on the requested resource. @ http://localhost:3001/bekleidung:0
[    2971ms] [ERROR] Failed to load resource: net::ERR_FAILED @ http://localhost:8080/products?size=200:0
[    3385ms] [LOG] [Fast Refresh] done in 949ms @ http://localhost:3001/_next/static/chunks/079ae_next_dist_e4f9772e._.js:2297
[  382188ms] [LOG] [Fast Refresh] rebuilding @ http://localhost:3001/_next/static/chunks/079ae_next_dist_e4f9772e._.js:2297
[  383781ms] [ERROR] ./app/(root)/bekleidung/page.tsx:502:16
Parsing ecmascript source code failed
  500 |           </p>
  501 |         )}
> 502 |       </header>
      |                ^
> 503 |
      | ^
> 504 |       {/* ── Category strip ── sticky flush below navbar ───────────────────── */}
      | ^^^^^^^
  505 |       <div style={{
  506 |         position: 'sticky',
  507 |         top: navH,

Expected '</', got 'jsx text'

Import traces:
  Client Component Browser:
    ./app/(root)/bekleidung/page.tsx [Client Component Browser]
    ./app/(root)/bekleidung/page.tsx [Server Component]

  Client Component SSR:
    ./app/(root)/bekleidung/page.tsx [Client Component SSR]
    ./app/(root)/bekleidung/page.tsx [Server Component] @ http://localhost:3001/_next/static/chunks/079ae_next_dist_e4f9772e._.js:3127
[  384000ms] [ERROR] ./app/(root)/bekleidung/page.tsx:502:16
Parsing ecmascript source code failed
  500 |           </p>
  501 |         )}
> 502 |       </header>
      |                ^
> 503 |
      | ^
> 504 |       {/* ── Category strip ── sticky flush below navbar ───────────────────── */}
      | ^^^^^^^
  505 |       <div style={{
  506 |         position: 'sticky',
  507 |         top: navH,

Expected '</', got 'jsx text'

Import traces:
  Client Component Browser:
    ./app/(root)/bekleidung/page.tsx [Client Component Browser]
    ./app/(root)/bekleidung/page.tsx [Server Component]

  Client Component SSR:
    ./app/(root)/bekleidung/page.tsx [Client Component SSR]
    ./app/(root)/bekleidung/page.tsx [Server Component] @ http://localhost:3001/_next/static/chunks/079ae_next_dist_e4f9772e._.js:3127
[  384114ms] [ERROR] ./app/(root)/bekleidung/page.tsx:502:16
Parsing ecmascript source code failed
  500 |           </p>
  501 |         )}
> 502 |       </header>
      |                ^
> 503 |
      | ^
> 504 |       {/* ── Category strip ── sticky flush below navbar ───────────────────── */}
      | ^^^^^^^
  505 |       <div style={{
  506 |         position: 'sticky',
  507 |         top: navH,

Expected '</', got 'jsx text'

Import traces:
  Client Component Browser:
    ./app/(root)/bekleidung/page.tsx [Client Component Browser]
    ./app/(root)/bekleidung/page.tsx [Server Component]

  Client Component SSR:
    ./app/(root)/bekleidung/page.tsx [Client Component SSR]
    ./app/(root)/bekleidung/page.tsx [Server Component] @ http://localhost:3001/_next/static/chunks/079ae_next_dist_e4f9772e._.js:3127
[  384197ms] [ERROR] ./app/(root)/bekleidung/page.tsx:502:16
Parsing ecmascript source code failed
  500 |           </p>
  501 |         )}
> 502 |       </header>
      |                ^
> 503 |
      | ^
> 504 |       {/* ── Category strip ── sticky flush below navbar ───────────────────── */}
      | ^^^^^^^
  505 |       <div style={{
  506 |         position: 'sticky',
  507 |         top: navH,

Expected '</', got 'jsx text'

Import traces:
  Client Component Browser:
    ./app/(root)/bekleidung/page.tsx [Client Component Browser]
    ./app/(root)/bekleidung/page.tsx [Server Component]

  Client Component SSR:
    ./app/(root)/bekleidung/page.tsx [Client Component SSR]
    ./app/(root)/bekleidung/page.tsx [Server Component] @ http://localhost:3001/_next/static/chunks/079ae_next_dist_e4f9772e._.js:3127
[  384284ms] [ERROR] ./app/(root)/bekleidung/page.tsx:502:16
Parsing ecmascript source code failed
  500 |           </p>
  501 |         )}
> 502 |       </header>
      |                ^
> 503 |
      | ^
> 504 |       {/* ── Category strip ── sticky flush below navbar ───────────────────── */}
      | ^^^^^^^
  505 |       <div style={{
  506 |         position: 'sticky',
  507 |         top: navH,

Expected '</', got 'jsx text'

Import traces:
  Client Component Browser:
    ./app/(root)/bekleidung/page.tsx [Client Component Browser]
    ./app/(root)/bekleidung/page.tsx [Server Component]

  Client Component SSR:
    ./app/(root)/bekleidung/page.tsx [Client Component SSR]
    ./app/(root)/bekleidung/page.tsx [Server Component] @ http://localhost:3001/_next/static/chunks/079ae_next_dist_e4f9772e._.js:3127
[  384367ms] [ERROR] ./app/(root)/bekleidung/page.tsx:502:16
Parsing ecmascript source code failed
  500 |           </p>
  501 |         )}
> 502 |       </header>
      |                ^
> 503 |
      | ^
> 504 |       {/* ── Category strip ── sticky flush below navbar ───────────────────── */}
      | ^^^^^^^
  505 |       <div style={{
  506 |         position: 'sticky',
  507 |         top: navH,

Expected '</', got 'jsx text'

Import traces:
  Client Component Browser:
    ./app/(root)/bekleidung/page.tsx [Client Component Browser]
    ./app/(root)/bekleidung/page.tsx [Server Component]

  Client Component SSR:
    ./app/(root)/bekleidung/page.tsx [Client Component SSR]
    ./app/(root)/bekleidung/page.tsx [Server Component] @ http://localhost:3001/_next/static/chunks/079ae_next_dist_e4f9772e._.js:3127
[  384467ms] [ERROR] ./app/(root)/bekleidung/page.tsx:502:16
Parsing ecmascript source code failed
  500 |           </p>
  501 |         )}
> 502 |       </header>
      |                ^
> 503 |
      | ^
> 504 |       {/* ── Category strip ── sticky flush below navbar ───────────────────── */}
      | ^^^^^^^
  505 |       <div style={{
  506 |         position: 'sticky',
  507 |         top: navH,

Expected '</', got 'jsx text'

Import traces:
  Client Component Browser:
    ./app/(root)/bekleidung/page.tsx [Client Component Browser]
    ./app/(root)/bekleidung/page.tsx [Server Component]

  Client Component SSR:
    ./app/(root)/bekleidung/page.tsx [Client Component SSR]
    ./app/(root)/bekleidung/page.tsx [Server Component] @ http://localhost:3001/_next/static/chunks/079ae_next_dist_e4f9772e._.js:3127
[  384558ms] [ERROR] ./app/(root)/bekleidung/page.tsx:502:16
Parsing ecmascript source code failed
  500 |           </p>
  501 |         )}
> 502 |       </header>
      |                ^
> 503 |
      | ^
> 504 |       {/* ── Category strip ── sticky flush below navbar ───────────────────── */}
      | ^^^^^^^
  505 |       <div style={{
  506 |         position: 'sticky',
  507 |         top: navH,

Expected '</', got 'jsx text'

Import traces:
  Client Component Browser:
    ./app/(root)/bekleidung/page.tsx [Client Component Browser]
    ./app/(root)/bekleidung/page.tsx [Server Component]

  Client Component SSR:
    ./app/(root)/bekleidung/page.tsx [Client Component SSR]
    ./app/(root)/bekleidung/page.tsx [Server Component] @ http://localhost:3001/_next/static/chunks/079ae_next_dist_e4f9772e._.js:3127
[  384590ms] [LOG] [Fast Refresh] rebuilding @ http://localhost:3001/_next/static/chunks/079ae_next_dist_e4f9772e._.js:2297
[  384664ms] [ERROR] ./app/(root)/bekleidung/page.tsx:502:16
Parsing ecmascript source code failed
  500 |           </p>
  501 |         )}
> 502 |       </header>
      |                ^
> 503 |
      | ^
> 504 |       {/* ── Category strip ── sticky flush below navbar ───────────────────── */}
      | ^^^^^^^
  505 |       <div style={{
  506 |         position: 'sticky',
  507 |         top: navH,

Expected '</', got 'jsx text'

Import traces:
  Client Component Browser:
    ./app/(root)/bekleidung/page.tsx [Client Component Browser]
    ./app/(root)/bekleidung/page.tsx [Server Component]

  Client Component SSR:
    ./app/(root)/bekleidung/page.tsx [Client Component SSR]
    ./app/(root)/bekleidung/page.tsx [Server Component] @ http://localhost:3001/_next/static/chunks/079ae_next_dist_e4f9772e._.js:3127
[  384745ms] [ERROR] ./app/(root)/bekleidung/page.tsx:502:16
Parsing ecmascript source code failed
  500 |           </p>
  501 |         )}
> 502 |       </header>
      |                ^
> 503 |
      | ^
> 504 |       {/* ── Category strip ── sticky flush below navbar ───────────────────── */}
      | ^^^^^^^
  505 |       <div style={{
  506 |         position: 'sticky',
  507 |         top: navH,

Expected '</', got 'jsx text'

Import traces:
  Client Component Browser:
    ./app/(root)/bekleidung/page.tsx [Client Component Browser]
    ./app/(root)/bekleidung/page.tsx [Server Component]

  Client Component SSR:
    ./app/(root)/bekleidung/page.tsx [Client Component SSR]
    ./app/(root)/bekleidung/page.tsx [Server Component] @ http://localhost:3001/_next/static/chunks/079ae_next_dist_e4f9772e._.js:3127
[  384789ms] [LOG] [Fast Refresh] rebuilding @ http://localhost:3001/_next/static/chunks/079ae_next_dist_e4f9772e._.js:2297
[  384829ms] [ERROR] ./app/(root)/bekleidung/page.tsx:502:16
Parsing ecmascript source code failed
  500 |           </p>
  501 |         )}
> 502 |       </header>
      |                ^
> 503 |
      | ^
> 504 |       {/* ── Category strip ── sticky flush below navbar ───────────────────── */}
      | ^^^^^^^
  505 |       <div style={{
  506 |         position: 'sticky',
  507 |         top: navH,

Expected '</', got 'jsx text'

Import traces:
  Client Component Browser:
    ./app/(root)/bekleidung/page.tsx [Client Component Browser]
    ./app/(root)/bekleidung/page.tsx [Server Component]

  Client Component SSR:
    ./app/(root)/bekleidung/page.tsx [Client Component SSR]
    ./app/(root)/bekleidung/page.tsx [Server Component] @ http://localhost:3001/_next/static/chunks/079ae_next_dist_e4f9772e._.js:3127
[  384872ms] [ERROR] ./app/(root)/bekleidung/page.tsx:502:16
Parsing ecmascript source code failed
  500 |           </p>
  501 |         )}
> 502 |       </header>
      |                ^
> 503 |
      | ^
> 504 |       {/* ── Category strip ── sticky flush below navbar ───────────────────── */}
      | ^^^^^^^
  505 |       <div style={{
  506 |         position: 'sticky',
  507 |         top: navH,

Expected '</', got 'jsx text'

Import traces:
  Client Component Browser:
    ./app/(root)/bekleidung/page.tsx [Client Component Browser]
    ./app/(root)/bekleidung/page.tsx [Server Component]

  Client Component SSR:
    ./app/(root)/bekleidung/page.tsx [Client Component SSR]
    ./app/(root)/bekleidung/page.tsx [Server Component] @ http://localhost:3001/_next/static/chunks/079ae_next_dist_e4f9772e._.js:3127
[  384948ms] [ERROR] ./app/(root)/bekleidung/page.tsx:502:16
Parsing ecmascript source code failed
  500 |           </p>
  501 |         )}
> 502 |       </header>
      |                ^
> 503 |
      | ^
> 504 |       {/* ── Category strip ── sticky flush below navbar ───────────────────── */}
      | ^^^^^^^
  505 |       <div style={{
  506 |         position: 'sticky',
  507 |         top: navH,

Expected '</', got 'jsx text'

Import traces:
  Client Component Browser:
    ./app/(root)/bekleidung/page.tsx [Client Component Browser]
    ./app/(root)/bekleidung/page.tsx [Server Component]

  Client Component SSR:
    ./app/(root)/bekleidung/page.tsx [Client Component SSR]
    ./app/(root)/bekleidung/page.tsx [Server Component] @ http://localhost:3001/_next/static/chunks/079ae_next_dist_e4f9772e._.js:3127
[  384977ms] [LOG] [Fast Refresh] rebuilding @ http://localhost:3001/_next/static/chunks/079ae_next_dist_e4f9772e._.js:2297
[  385051ms] [ERROR] ./app/(root)/bekleidung/page.tsx:502:16
Parsing ecmascript source code failed
  500 |           </p>
  501 |         )}
> 502 |       </header>
      |                ^
> 503 |
      | ^
> 504 |       {/* ── Category strip ── sticky flush below navbar ───────────────────── */}
      | ^^^^^^^
  505 |       <div style={{
  506 |         position: 'sticky',
  507 |         top: navH,

Expected '</', got 'jsx text'

Import traces:
  Client Component Browser:
    ./app/(root)/bekleidung/page.tsx [Client Component Browser]
    ./app/(root)/bekleidung/page.tsx [Server Component]

  Client Component SSR:
    ./app/(root)/bekleidung/page.tsx [Client Component SSR]
    ./app/(root)/bekleidung/page.tsx [Server Component] @ http://localhost:3001/_next/static/chunks/079ae_next_dist_e4f9772e._.js:3127
[  385138ms] [ERROR] ./app/(root)/bekleidung/page.tsx:502:16
Parsing ecmascript source code failed
  500 |           </p>
  501 |         )}
> 502 |       </header>
      |                ^
> 503 |
      | ^
> 504 |       {/* ── Category strip ── sticky flush below navbar ───────────────────── */}
      | ^^^^^^^
  505 |       <div style={{
  506 |         position: 'sticky',
  507 |         top: navH,

Expected '</', got 'jsx text'

Import traces:
  Client Component Browser:
    ./app/(root)/bekleidung/page.tsx [Client Component Browser]
    ./app/(root)/bekleidung/page.tsx [Server Component]

  Client Component SSR:
    ./app/(root)/bekleidung/page.tsx [Client Component SSR]
    ./app/(root)/bekleidung/page.tsx [Server Component] @ http://localhost:3001/_next/static/chunks/079ae_next_dist_e4f9772e._.js:3127
[  385181ms] [LOG] [Fast Refresh] rebuilding @ http://localhost:3001/_next/static/chunks/079ae_next_dist_e4f9772e._.js:2297
[  385232ms] [ERROR] ./app/(root)/bekleidung/page.tsx:502:16
Parsing ecmascript source code failed
  500 |           </p>
  501 |         )}
> 502 |       </header>
      |                ^
> 503 |
      | ^
> 504 |       {/* ── Category strip ── sticky flush below navbar ───────────────────── */}
      | ^^^^^^^
  505 |       <div style={{
  506 |         position: 'sticky',
  507 |         top: navH,

Expected '</', got 'jsx text'

Import traces:
  Client Component Browser:
    ./app/(root)/bekleidung/page.tsx [Client Component Browser]
    ./app/(root)/bekleidung/page.tsx [Server Component]

  Client Component SSR:
    ./app/(root)/bekleidung/page.tsx [Client Component SSR]
    ./app/(root)/bekleidung/page.tsx [Server Component] @ http://localhost:3001/_next/static/chunks/079ae_next_dist_e4f9772e._.js:3127
[  385271ms] [ERROR] ./app/(root)/bekleidung/page.tsx:502:16
Parsing ecmascript source code failed
  500 |           </p>
  501 |         )}
> 502 |       </header>
      |                ^
> 503 |
      | ^
> 504 |       {/* ── Category strip ── sticky flush below navbar ───────────────────── */}
      | ^^^^^^^
  505 |       <div style={{
  506 |         position: 'sticky',
  507 |         top: navH,

Expected '</', got 'jsx text'

Import traces:
  Client Component Browser:
    ./app/(root)/bekleidung/page.tsx [Client Component Browser]
    ./app/(root)/bekleidung/page.tsx [Server Component]

  Client Component SSR:
    ./app/(root)/bekleidung/page.tsx [Client Component SSR]
    ./app/(root)/bekleidung/page.tsx [Server Component] @ http://localhost:3001/_next/static/chunks/079ae_next_dist_e4f9772e._.js:3127
[  385347ms] [ERROR] ./app/(root)/bekleidung/page.tsx:502:16
Parsing ecmascript source code failed
  500 |           </p>
  501 |         )}
> 502 |       </header>
      |                ^
> 503 |
      | ^
> 504 |       {/* ── Category strip ── sticky flush below navbar ───────────────────── */}
      | ^^^^^^^
  505 |       <div style={{
  506 |         position: 'sticky',
  507 |         top: navH,

Expected '</', got 'jsx text'

Import traces:
  Client Component Browser:
    ./app/(root)/bekleidung/page.tsx [Client Component Browser]
    ./app/(root)/bekleidung/page.tsx [Server Component]

  Client Component SSR:
    ./app/(root)/bekleidung/page.tsx [Client Component SSR]
    ./app/(root)/bekleidung/page.tsx [Server Component] @ http://localhost:3001/_next/static/chunks/079ae_next_dist_e4f9772e._.js:3127
[  385421ms] [ERROR] ./app/(root)/bekleidung/page.tsx:502:16
Parsing ecmascript source code failed
  500 |           </p>
  501 |         )}
> 502 |       </header>
      |                ^
> 503 |
      | ^
> 504 |       {/* ── Category strip ── sticky flush below navbar ───────────────────── */}
      | ^^^^^^^
  505 |       <div style={{
  506 |         position: 'sticky',
  507 |         top: navH,

Expected '</', got 'jsx text'

Import traces:
  Client Component Browser:
    ./app/(root)/bekleidung/page.tsx [Client Component Browser]
    ./app/(root)/bekleidung/page.tsx [Server Component]

  Client Component SSR:
    ./app/(root)/bekleidung/page.tsx [Client Component SSR]
    ./app/(root)/bekleidung/page.tsx [Server Component] @ http://localhost:3001/_next/static/chunks/079ae_next_dist_e4f9772e._.js:3127
[  385474ms] [LOG] [Fast Refresh] rebuilding @ http://localhost:3001/_next/static/chunks/079ae_next_dist_e4f9772e._.js:2297
[  385561ms] [ERROR] ./app/(root)/bekleidung/page.tsx:502:16
Parsing ecmascript source code failed
  500 |           </p>
  501 |         )}
> 502 |       </header>
      |                ^
> 503 |
      | ^
> 504 |       {/* ── Category strip ── sticky flush below navbar ───────────────────── */}
      | ^^^^^^^
  505 |       <div style={{
  506 |         position: 'sticky',
  507 |         top: navH,

Expected '</', got 'jsx text'

Import traces:
  Client Component Browser:
    ./app/(root)/bekleidung/page.tsx [Client Component Browser]
    ./app/(root)/bekleidung/page.tsx [Server Component]

  Client Component SSR:
    ./app/(root)/bekleidung/page.tsx [Client Component SSR]
    ./app/(root)/bekleidung/page.tsx [Server Component] @ http://localhost:3001/_next/static/chunks/079ae_next_dist_e4f9772e._.js:3127
[  385581ms] [LOG] [Fast Refresh] rebuilding @ http://localhost:3001/_next/static/chunks/079ae_next_dist_e4f9772e._.js:2297
[  385658ms] [ERROR] ./app/(root)/bekleidung/page.tsx:502:16
Parsing ecmascript source code failed
  500 |           </p>
  501 |         )}
> 502 |       </header>
      |                ^
> 503 |
      | ^
> 504 |       {/* ── Category strip ── sticky flush below navbar ───────────────────── */}
      | ^^^^^^^
  505 |       <div style={{
  506 |         position: 'sticky',
  507 |         top: navH,

Expected '</', got 'jsx text'

Import traces:
  Client Component Browser:
    ./app/(root)/bekleidung/page.tsx [Client Component Browser]
    ./app/(root)/bekleidung/page.tsx [Server Component]

  Client Component SSR:
    ./app/(root)/bekleidung/page.tsx [Client Component SSR]
    ./app/(root)/bekleidung/page.tsx [Server Component] @ http://localhost:3001/_next/static/chunks/079ae_next_dist_e4f9772e._.js:3127
[  385732ms] [ERROR] ./app/(root)/bekleidung/page.tsx:502:16
Parsing ecmascript source code failed
  500 |           </p>
  501 |         )}
> 502 |       </header>
      |                ^
> 503 |
      | ^
> 504 |       {/* ── Category strip ── sticky flush below navbar ───────────────────── */}
      | ^^^^^^^
  505 |       <div style={{
  506 |         position: 'sticky',
  507 |         top: navH,

Expected '</', got 'jsx text'

Import traces:
  Client Component Browser:
    ./app/(root)/bekleidung/page.tsx [Client Component Browser]
    ./app/(root)/bekleidung/page.tsx [Server Component]

  Client Component SSR:
    ./app/(root)/bekleidung/page.tsx [Client Component SSR]
    ./app/(root)/bekleidung/page.tsx [Server Component] @ http://localhost:3001/_next/static/chunks/079ae_next_dist_e4f9772e._.js:3127
[  385811ms] [ERROR] ./app/(root)/bekleidung/page.tsx:502:16
Parsing ecmascript source code failed
  500 |           </p>
  501 |         )}
> 502 |       </header>
      |                ^
> 503 |
      | ^
> 504 |       {/* ── Category strip ── sticky flush below navbar ───────────────────── */}
      | ^^^^^^^
  505 |       <div style={{
  506 |         position: 'sticky',
  507 |         top: navH,

Expected '</', got 'jsx text'

Import traces:
  Client Component Browser:
    ./app/(root)/bekleidung/page.tsx [Client Component Browser]
    ./app/(root)/bekleidung/page.tsx [Server Component]

  Client Component SSR:
    ./app/(root)/bekleidung/page.tsx [Client Component SSR]
    ./app/(root)/bekleidung/page.tsx [Server Component] @ http://localhost:3001/_next/static/chunks/079ae_next_dist_e4f9772e._.js:3127
[  385897ms] [ERROR] ./app/(root)/bekleidung/page.tsx:502:16
Parsing ecmascript source code failed
  500 |           </p>
  501 |         )}
> 502 |       </header>
      |                ^
> 503 |
      | ^
> 504 |       {/* ── Category strip ── sticky flush below navbar ───────────────────── */}
      | ^^^^^^^
  505 |       <div style={{
  506 |         position: 'sticky',
  507 |         top: navH,

Expected '</', got 'jsx text'

Import traces:
  Client Component Browser:
    ./app/(root)/bekleidung/page.tsx [Client Component Browser]
    ./app/(root)/bekleidung/page.tsx [Server Component]

  Client Component SSR:
    ./app/(root)/bekleidung/page.tsx [Client Component SSR]
    ./app/(root)/bekleidung/page.tsx [Server Component] @ http://localhost:3001/_next/static/chunks/079ae_next_dist_e4f9772e._.js:3127
[  385970ms] [ERROR] ./app/(root)/bekleidung/page.tsx:502:16
Parsing ecmascript source code failed
  500 |           </p>
  501 |         )}
> 502 |       </header>
      |                ^
> 503 |
      | ^
> 504 |       {/* ── Category strip ── sticky flush below navbar ───────────────────── */}
      | ^^^^^^^
  505 |       <div style={{
  506 |         position: 'sticky',
  507 |         top: navH,

Expected '</', got 'jsx text'

Import traces:
  Client Component Browser:
    ./app/(root)/bekleidung/page.tsx [Client Component Browser]
    ./app/(root)/bekleidung/page.tsx [Server Component]

  Client Component SSR:
    ./app/(root)/bekleidung/page.tsx [Client Component SSR]
    ./app/(root)/bekleidung/page.tsx [Server Component] @ http://localhost:3001/_next/static/chunks/079ae_next_dist_e4f9772e._.js:3127
[  386050ms] [ERROR] ./app/(root)/bekleidung/page.tsx:502:16
Parsing ecmascript source code failed
  500 |           </p>
  501 |         )}
> 502 |       </header>
      |                ^
> 503 |
      | ^
> 504 |       {/* ── Category strip ── sticky flush below navbar ───────────────────── */}
      | ^^^^^^^
  505 |       <div style={{
  506 |         position: 'sticky',
  507 |         top: navH,

Expected '</', got 'jsx text'

Import traces:
  Client Component Browser:
    ./app/(root)/bekleidung/page.tsx [Client Component Browser]
    ./app/(root)/bekleidung/page.tsx [Server Component]

  Client Component SSR:
    ./app/(root)/bekleidung/page.tsx [Client Component SSR]
    ./app/(root)/bekleidung/page.tsx [Server Component] @ http://localhost:3001/_next/static/chunks/079ae_next_dist_e4f9772e._.js:3127
[  386125ms] [ERROR] ./app/(root)/bekleidung/page.tsx:502:16
Parsing ecmascript source code failed
  500 |           </p>
  501 |         )}
> 502 |       </header>
      |                ^
> 503 |
      | ^
> 504 |       {/* ── Category strip ── sticky flush below navbar ───────────────────── */}
      | ^^^^^^^
  505 |       <div style={{
  506 |         position: 'sticky',
  507 |         top: navH,

Expected '</', got 'jsx text'

Import traces:
  Client Component Browser:
    ./app/(root)/bekleidung/page.tsx [Client Component Browser]
    ./app/(root)/bekleidung/page.tsx [Server Component]

  Client Component SSR:
    ./app/(root)/bekleidung/page.tsx [Client Component SSR]
    ./app/(root)/bekleidung/page.tsx [Server Component] @ http://localhost:3001/_next/static/chunks/079ae_next_dist_e4f9772e._.js:3127
[  386216ms] [ERROR] ./app/(root)/bekleidung/page.tsx:502:16
Parsing ecmascript source code failed
  500 |           </p>
  501 |         )}
> 502 |       </header>
      |                ^
> 503 |
      | ^
> 504 |       {/* ── Category strip ── sticky flush below navbar ───────────────────── */}
      | ^^^^^^^
  505 |       <div style={{
  506 |         position: 'sticky',
  507 |         top: navH,

Expected '</', got 'jsx text'

Import traces:
  Client Component Browser:
    ./app/(root)/bekleidung/page.tsx [Client Component Browser]
    ./app/(root)/bekleidung/page.tsx [Server Component]

  Client Component SSR:
    ./app/(root)/bekleidung/page.tsx [Client Component SSR]
    ./app/(root)/bekleidung/page.tsx [Server Component] @ http://localhost:3001/_next/static/chunks/079ae_next_dist_e4f9772e._.js:3127
[  386306ms] [ERROR] ./app/(root)/bekleidung/page.tsx:502:16
Parsing ecmascript source code failed
  500 |           </p>
  501 |         )}
> 502 |       </header>
      |                ^
> 503 |
      | ^
> 504 |       {/* ── Category strip ── sticky flush below navbar ───────────────────── */}
      | ^^^^^^^
  505 |       <div style={{
  506 |         position: 'sticky',
  507 |         top: navH,

Expected '</', got 'jsx text'

Import traces:
  Client Component Browser:
    ./app/(root)/bekleidung/page.tsx [Client Component Browser]
    ./app/(root)/bekleidung/page.tsx [Server Component]

  Client Component SSR:
    ./app/(root)/bekleidung/page.tsx [Client Component SSR]
    ./app/(root)/bekleidung/page.tsx [Server Component] @ http://localhost:3001/_next/static/chunks/079ae_next_dist_e4f9772e._.js:3127
[  386397ms] [ERROR] ./app/(root)/bekleidung/page.tsx:502:16
Parsing ecmascript source code failed
  500 |           </p>
  501 |         )}
> 502 |       </header>
      |                ^
> 503 |
      | ^
> 504 |       {/* ── Category strip ── sticky flush below navbar ───────────────────── */}
      | ^^^^^^^
  505 |       <div style={{
  506 |         position: 'sticky',
  507 |         top: navH,

Expected '</', got 'jsx text'

Import traces:
  Client Component Browser:
    ./app/(root)/bekleidung/page.tsx [Client Component Browser]
    ./app/(root)/bekleidung/page.tsx [Server Component]

  Client Component SSR:
    ./app/(root)/bekleidung/page.tsx [Client Component SSR]
    ./app/(root)/bekleidung/page.tsx [Server Component] @ http://localhost:3001/_next/static/chunks/079ae_next_dist_e4f9772e._.js:3127
[  386487ms] [ERROR] ./app/(root)/bekleidung/page.tsx:502:16
Parsing ecmascript source code failed
  500 |           </p>
  501 |         )}
> 502 |       </header>
      |                ^
> 503 |
      | ^
> 504 |       {/* ── Category strip ── sticky flush below navbar ───────────────────── */}
      | ^^^^^^^
  505 |       <div style={{
  506 |         position: 'sticky',
  507 |         top: navH,

Expected '</', got 'jsx text'

Import traces:
  Client Component Browser:
    ./app/(root)/bekleidung/page.tsx [Client Component Browser]
    ./app/(root)/bekleidung/page.tsx [Server Component]

  Client Component SSR:
    ./app/(root)/bekleidung/page.tsx [Client Component SSR]
    ./app/(root)/bekleidung/page.tsx [Server Component] @ http://localhost:3001/_next/static/chunks/079ae_next_dist_e4f9772e._.js:3127
[  386566ms] [ERROR] ./app/(root)/bekleidung/page.tsx:502:16
Parsing ecmascript source code failed
  500 |           </p>
  501 |         )}
> 502 |       </header>
      |                ^
> 503 |
      | ^
> 504 |       {/* ── Category strip ── sticky flush below navbar ───────────────────── */}
      | ^^^^^^^
  505 |       <div style={{
  506 |         position: 'sticky',
  507 |         top: navH,

Expected '</', got 'jsx text'

Import traces:
  Client Component Browser:
    ./app/(root)/bekleidung/page.tsx [Client Component Browser]
    ./app/(root)/bekleidung/page.tsx [Server Component]

  Client Component SSR:
    ./app/(root)/bekleidung/page.tsx [Client Component SSR]
    ./app/(root)/bekleidung/page.tsx [Server Component] @ http://localhost:3001/_next/static/chunks/079ae_next_dist_e4f9772e._.js:3127
[  386650ms] [ERROR] ./app/(root)/bekleidung/page.tsx:502:16
Parsing ecmascript source code failed
  500 |           </p>
  501 |         )}
> 502 |       </header>
      |                ^
> 503 |
      | ^
> 504 |       {/* ── Category strip ── sticky flush below navbar ───────────────────── */}
      | ^^^^^^^
  505 |       <div style={{
  506 |         position: 'sticky',
  507 |         top: navH,

Expected '</', got 'jsx text'

Import traces:
  Client Component Browser:
    ./app/(root)/bekleidung/page.tsx [Client Component Browser]
    ./app/(root)/bekleidung/page.tsx [Server Component]

  Client Component SSR:
    ./app/(root)/bekleidung/page.tsx [Client Component SSR]
    ./app/(root)/bekleidung/page.tsx [Server Component] @ http://localhost:3001/_next/static/chunks/079ae_next_dist_e4f9772e._.js:3127
[  386742ms] [ERROR] ./app/(root)/bekleidung/page.tsx:502:16
Parsing ecmascript source code failed
  500 |           </p>
  501 |         )}
> 502 |       </header>
      |                ^
> 503 |
      | ^
> 504 |       {/* ── Category strip ── sticky flush below navbar ───────────────────── */}
      | ^^^^^^^
  505 |       <div style={{
  506 |         position: 'sticky',
  507 |         top: navH,

Expected '</', got 'jsx text'

Import traces:
  Client Component Browser:
    ./app/(root)/bekleidung/page.tsx [Client Component Browser]
    ./app/(root)/bekleidung/page.tsx [Server Component]

  Client Component SSR:
    ./app/(root)/bekleidung/page.tsx [Client Component SSR]
    ./app/(root)/bekleidung/page.tsx [Server Component] @ http://localhost:3001/_next/static/chunks/079ae_next_dist_e4f9772e._.js:3127
[  386822ms] [ERROR] ./app/(root)/bekleidung/page.tsx:502:16
Parsing ecmascript source code failed
  500 |           </p>
  501 |         )}
> 502 |       </header>
      |                ^
> 503 |
      | ^
> 504 |       {/* ── Category strip ── sticky flush below navbar ───────────────────── */}
      | ^^^^^^^
  505 |       <div style={{
  506 |         position: 'sticky',
  507 |         top: navH,

Expected '</', got 'jsx text'

Import traces:
  Client Component Browser:
    ./app/(root)/bekleidung/page.tsx [Client Component Browser]
    ./app/(root)/bekleidung/page.tsx [Server Component]

  Client Component SSR:
    ./app/(root)/bekleidung/page.tsx [Client Component SSR]
    ./app/(root)/bekleidung/page.tsx [Server Component] @ http://localhost:3001/_next/static/chunks/079ae_next_dist_e4f9772e._.js:3127
[  386898ms] [ERROR] ./app/(root)/bekleidung/page.tsx:502:16
Parsing ecmascript source code failed
  500 |           </p>
  501 |         )}
> 502 |       </header>
      |                ^
> 503 |
      | ^
> 504 |       {/* ── Category strip ── sticky flush below navbar ───────────────────── */}
      | ^^^^^^^
  505 |       <div style={{
  506 |         position: 'sticky',
  507 |         top: navH,

Expected '</', got 'jsx text'

Import traces:
  Client Component Browser:
    ./app/(root)/bekleidung/page.tsx [Client Component Browser]
    ./app/(root)/bekleidung/page.tsx [Server Component]

  Client Component SSR:
    ./app/(root)/bekleidung/page.tsx [Client Component SSR]
    ./app/(root)/bekleidung/page.tsx [Server Component] @ http://localhost:3001/_next/static/chunks/079ae_next_dist_e4f9772e._.js:3127
[  386987ms] [ERROR] ./app/(root)/bekleidung/page.tsx:502:16
Parsing ecmascript source code failed
  500 |           </p>
  501 |         )}
> 502 |       </header>
      |                ^
> 503 |
      | ^
> 504 |       {/* ── Category strip ── sticky flush below navbar ───────────────────── */}
      | ^^^^^^^
  505 |       <div style={{
  506 |         position: 'sticky',
  507 |         top: navH,

Expected '</', got 'jsx text'

Import traces:
  Client Component Browser:
    ./app/(root)/bekleidung/page.tsx [Client Component Browser]
    ./app/(root)/bekleidung/page.tsx [Server Component]

  Client Component SSR:
    ./app/(root)/bekleidung/page.tsx [Client Component SSR]
    ./app/(root)/bekleidung/page.tsx [Server Component] @ http://localhost:3001/_next/static/chunks/079ae_next_dist_e4f9772e._.js:3127
[  387080ms] [ERROR] ./app/(root)/bekleidung/page.tsx:502:16
Parsing ecmascript source code failed
  500 |           </p>
  501 |         )}
> 502 |       </header>
      |                ^
> 503 |
      | ^
> 504 |       {/* ── Category strip ── sticky flush below navbar ───────────────────── */}
      | ^^^^^^^
  505 |       <div style={{
  506 |         position: 'sticky',
  507 |         top: navH,

Expected '</', got 'jsx text'

Import traces:
  Client Component Browser:
    ./app/(root)/bekleidung/page.tsx [Client Component Browser]
    ./app/(root)/bekleidung/page.tsx [Server Component]

  Client Component SSR:
    ./app/(root)/bekleidung/page.tsx [Client Component SSR]
    ./app/(root)/bekleidung/page.tsx [Server Component] @ http://localhost:3001/_next/static/chunks/079ae_next_dist_e4f9772e._.js:3127
[  387184ms] [ERROR] ./app/(root)/bekleidung/page.tsx:502:16
Parsing ecmascript source code failed
  500 |           </p>
  501 |         )}
> 502 |       </header>
      |                ^
> 503 |
      | ^
> 504 |       {/* ── Category strip ── sticky flush below navbar ───────────────────── */}
      | ^^^^^^^
  505 |       <div style={{
  506 |         position: 'sticky',
  507 |         top: navH,

Expected '</', got 'jsx text'

Import traces:
  Client Component Browser:
    ./app/(root)/bekleidung/page.tsx [Client Component Browser]
    ./app/(root)/bekleidung/page.tsx [Server Component]

  Client Component SSR:
    ./app/(root)/bekleidung/page.tsx [Client Component SSR]
    ./app/(root)/bekleidung/page.tsx [Server Component] @ http://localhost:3001/_next/static/chunks/079ae_next_dist_e4f9772e._.js:3127
[  387212ms] [LOG] [Fast Refresh] rebuilding @ http://localhost:3001/_next/static/chunks/079ae_next_dist_e4f9772e._.js:2297
[  387288ms] [ERROR] ./app/(root)/bekleidung/page.tsx:502:16
Parsing ecmascript source code failed
  500 |           </p>
  501 |         )}
> 502 |       </header>
      |                ^
> 503 |
      | ^
> 504 |       {/* ── Category strip ── sticky flush below navbar ───────────────────── */}
      | ^^^^^^^
  505 |       <div style={{
  506 |         position: 'sticky',
  507 |         top: navH,

Expected '</', got 'jsx text'

Import traces:
  Client Component Browser:
    ./app/(root)/bekleidung/page.tsx [Client Component Browser]
    ./app/(root)/bekleidung/page.tsx [Server Component]

  Client Component SSR:
    ./app/(root)/bekleidung/page.tsx [Client Component SSR]
    ./app/(root)/bekleidung/page.tsx [Server Component] @ http://localhost:3001/_next/static/chunks/079ae_next_dist_e4f9772e._.js:3127
[  387364ms] [ERROR] ./app/(root)/bekleidung/page.tsx:502:16
Parsing ecmascript source code failed
  500 |           </p>
  501 |         )}
> 502 |       </header>
      |                ^
> 503 |
      | ^
> 504 |       {/* ── Category strip ── sticky flush below navbar ───────────────────── */}
      | ^^^^^^^
  505 |       <div style={{
  506 |         position: 'sticky',
  507 |         top: navH,

Expected '</', got 'jsx text'

Import traces:
  Client Component Browser:
    ./app/(root)/bekleidung/page.tsx [Client Component Browser]
    ./app/(root)/bekleidung/page.tsx [Server Component]

  Client Component SSR:
    ./app/(root)/bekleidung/page.tsx [Client Component SSR]
    ./app/(root)/bekleidung/page.tsx [Server Component] @ http://localhost:3001/_next/static/chunks/079ae_next_dist_e4f9772e._.js:3127
[  387443ms] [ERROR] ./app/(root)/bekleidung/page.tsx:502:16
Parsing ecmascript source code failed
  500 |           </p>
  501 |         )}
> 502 |       </header>
      |                ^
> 503 |
      | ^
> 504 |       {/* ── Category strip ── sticky flush below navbar ───────────────────── */}
      | ^^^^^^^
  505 |       <div style={{
  506 |         position: 'sticky',
  507 |         top: navH,

Expected '</', got 'jsx text'

Import traces:
  Client Component Browser:
    ./app/(root)/bekleidung/page.tsx [Client Component Browser]
    ./app/(root)/bekleidung/page.tsx [Server Component]

  Client Component SSR:
    ./app/(root)/bekleidung/page.tsx [Client Component SSR]
    ./app/(root)/bekleidung/page.tsx [Server Component] @ http://localhost:3001/_next/static/chunks/079ae_next_dist_e4f9772e._.js:3127
[  387528ms] [ERROR] ./app/(root)/bekleidung/page.tsx:502:16
Parsing ecmascript source code failed
  500 |           </p>
  501 |         )}
> 502 |       </header>
      |                ^
> 503 |
      | ^
> 504 |       {/* ── Category strip ── sticky flush below navbar ───────────────────── */}
      | ^^^^^^^
  505 |       <div style={{
  506 |         position: 'sticky',
  507 |         top: navH,

Expected '</', got 'jsx text'

Import traces:
  Client Component Browser:
    ./app/(root)/bekleidung/page.tsx [Client Component Browser]
    ./app/(root)/bekleidung/page.tsx [Server Component]

  Client Component SSR:
    ./app/(root)/bekleidung/page.tsx [Client Component SSR]
    ./app/(root)/bekleidung/page.tsx [Server Component] @ http://localhost:3001/_next/static/chunks/079ae_next_dist_e4f9772e._.js:3127
[  387616ms] [ERROR] ./app/(root)/bekleidung/page.tsx:502:16
Parsing ecmascript source code failed
  500 |           </p>
  501 |         )}
> 502 |       </header>
      |                ^
> 503 |
      | ^
> 504 |       {/* ── Category strip ── sticky flush below navbar ───────────────────── */}
      | ^^^^^^^
  505 |       <div style={{
  506 |         position: 'sticky',
  507 |         top: navH,

Expected '</', got 'jsx text'

Import traces:
  Client Component Browser:
    ./app/(root)/bekleidung/page.tsx [Client Component Browser]
    ./app/(root)/bekleidung/page.tsx [Server Component]

  Client Component SSR:
    ./app/(root)/bekleidung/page.tsx [Client Component SSR]
    ./app/(root)/bekleidung/page.tsx [Server Component] @ http://localhost:3001/_next/static/chunks/079ae_next_dist_e4f9772e._.js:3127
[  387720ms] [ERROR] ./app/(root)/bekleidung/page.tsx:502:16
Parsing ecmascript source code failed
  500 |           </p>
  501 |         )}
> 502 |       </header>
      |                ^
> 503 |
      | ^
> 504 |       {/* ── Category strip ── sticky flush below navbar ───────────────────── */}
      | ^^^^^^^
  505 |       <div style={{
  506 |         position: 'sticky',
  507 |         top: navH,

Expected '</', got 'jsx text'

Import traces:
  Client Component Browser:
    ./app/(root)/bekleidung/page.tsx [Client Component Browser]
    ./app/(root)/bekleidung/page.tsx [Server Component]

  Client Component SSR:
    ./app/(root)/bekleidung/page.tsx [Client Component SSR]
    ./app/(root)/bekleidung/page.tsx [Server Component] @ http://localhost:3001/_next/static/chunks/079ae_next_dist_e4f9772e._.js:3127
[  387799ms] [ERROR] ./app/(root)/bekleidung/page.tsx:502:16
Parsing ecmascript source code failed
  500 |           </p>
  501 |         )}
> 502 |       </header>
      |                ^
> 503 |
      | ^
> 504 |       {/* ── Category strip ── sticky flush below navbar ───────────────────── */}
      | ^^^^^^^
  505 |       <div style={{
  506 |         position: 'sticky',
  507 |         top: navH,

Expected '</', got 'jsx text'

Import traces:
  Client Component Browser:
    ./app/(root)/bekleidung/page.tsx [Client Component Browser]
    ./app/(root)/bekleidung/page.tsx [Server Component]

  Client Component SSR:
    ./app/(root)/bekleidung/page.tsx [Client Component SSR]
    ./app/(root)/bekleidung/page.tsx [Server Component] @ http://localhost:3001/_next/static/chunks/079ae_next_dist_e4f9772e._.js:3127
[  387851ms] [LOG] [Fast Refresh] rebuilding @ http://localhost:3001/_next/static/chunks/079ae_next_dist_e4f9772e._.js:2297
[  387901ms] [ERROR] ./app/(root)/bekleidung/page.tsx:502:16
Parsing ecmascript source code failed
  500 |           </p>
  501 |         )}
> 502 |       </header>
      |                ^
> 503 |
      | ^
> 504 |       {/* ── Category strip ── sticky flush below navbar ───────────────────── */}
      | ^^^^^^^
  505 |       <div style={{
  506 |         position: 'sticky',
  507 |         top: navH,

Expected '</', got 'jsx text'

Import traces:
  Client Component Browser:
    ./app/(root)/bekleidung/page.tsx [Client Component Browser]
    ./app/(root)/bekleidung/page.tsx [Server Component]

  Client Component SSR:
    ./app/(root)/bekleidung/page.tsx [Client Component SSR]
    ./app/(root)/bekleidung/page.tsx [Server Component] @ http://localhost:3001/_next/static/chunks/079ae_next_dist_e4f9772e._.js:3127
[  387941ms] [ERROR] ./app/(root)/bekleidung/page.tsx:502:16
Parsing ecmascript source code failed
  500 |           </p>
  501 |         )}
> 502 |       </header>
      |                ^
> 503 |
      | ^
> 504 |       {/* ── Category strip ── sticky flush below navbar ───────────────────── */}
      | ^^^^^^^
  505 |       <div style={{
  506 |         position: 'sticky',
  507 |         top: navH,

Expected '</', got 'jsx text'

Import traces:
  Client Component Browser:
    ./app/(root)/bekleidung/page.tsx [Client Component Browser]
    ./app/(root)/bekleidung/page.tsx [Server Component]

  Client Component SSR:
    ./app/(root)/bekleidung/page.tsx [Client Component SSR]
    ./app/(root)/bekleidung/page.tsx [Server Component] @ http://localhost:3001/_next/static/chunks/079ae_next_dist_e4f9772e._.js:3127
[  388012ms] [ERROR] ./app/(root)/bekleidung/page.tsx:502:16
Parsing ecmascript source code failed
  500 |           </p>
  501 |         )}
> 502 |       </header>
      |                ^
> 503 |
      | ^
> 504 |       {/* ── Category strip ── sticky flush below navbar ───────────────────── */}
      | ^^^^^^^
  505 |       <div style={{
  506 |         position: 'sticky',
  507 |         top: navH,

Expected '</', got 'jsx text'

Import traces:
  Client Component Browser:
    ./app/(root)/bekleidung/page.tsx [Client Component Browser]
    ./app/(root)/bekleidung/page.tsx [Server Component]

  Client Component SSR:
    ./app/(root)/bekleidung/page.tsx [Client Component SSR]
    ./app/(root)/bekleidung/page.tsx [Server Component] @ http://localhost:3001/_next/static/chunks/079ae_next_dist_e4f9772e._.js:3127
[  388090ms] [ERROR] ./app/(root)/bekleidung/page.tsx:502:16
Parsing ecmascript source code failed
  500 |           </p>
  501 |         )}
> 502 |       </header>
      |                ^
> 503 |
      | ^
> 504 |       {/* ── Category strip ── sticky flush below navbar ───────────────────── */}
      | ^^^^^^^
  505 |       <div style={{
  506 |         position: 'sticky',
  507 |         top: navH,

Expected '</', got 'jsx text'

Import traces:
  Client Component Browser:
    ./app/(root)/bekleidung/page.tsx [Client Component Browser]
    ./app/(root)/bekleidung/page.tsx [Server Component]

  Client Component SSR:
    ./app/(root)/bekleidung/page.tsx [Client Component SSR]
    ./app/(root)/bekleidung/page.tsx [Server Component] @ http://localhost:3001/_next/static/chunks/079ae_next_dist_e4f9772e._.js:3127
[  388169ms] [ERROR] ./app/(root)/bekleidung/page.tsx:502:16
Parsing ecmascript source code failed
  500 |           </p>
  501 |         )}
> 502 |       </header>
      |                ^
> 503 |
      | ^
> 504 |       {/* ── Category strip ── sticky flush below navbar ───────────────────── */}
      | ^^^^^^^
  505 |       <div style={{
  506 |         position: 'sticky',
  507 |         top: navH,

Expected '</', got 'jsx text'

Import traces:
  Client Component Browser:
    ./app/(root)/bekleidung/page.tsx [Client Component Browser]
    ./app/(root)/bekleidung/page.tsx [Server Component]

  Client Component SSR:
    ./app/(root)/bekleidung/page.tsx [Client Component SSR]
    ./app/(root)/bekleidung/page.tsx [Server Component] @ http://localhost:3001/_next/static/chunks/079ae_next_dist_e4f9772e._.js:3127
[  388249ms] [ERROR] ./app/(root)/bekleidung/page.tsx:502:16
Parsing ecmascript source code failed
  500 |           </p>
  501 |         )}
> 502 |       </header>
      |                ^
> 503 |
      | ^
> 504 |       {/* ── Category strip ── sticky flush below navbar ───────────────────── */}
      | ^^^^^^^
  505 |       <div style={{
  506 |         position: 'sticky',
  507 |         top: navH,

Expected '</', got 'jsx text'

Import traces:
  Client Component Browser:
    ./app/(root)/bekleidung/page.tsx [Client Component Browser]
    ./app/(root)/bekleidung/page.tsx [Server Component]

  Client Component SSR:
    ./app/(root)/bekleidung/page.tsx [Client Component SSR]
    ./app/(root)/bekleidung/page.tsx [Server Component] @ http://localhost:3001/_next/static/chunks/079ae_next_dist_e4f9772e._.js:3127
[  388344ms] [ERROR] ./app/(root)/bekleidung/page.tsx:502:16
Parsing ecmascript source code failed
  500 |           </p>
  501 |         )}
> 502 |       </header>
      |                ^
> 503 |
      | ^
> 504 |       {/* ── Category strip ── sticky flush below navbar ───────────────────── */}
      | ^^^^^^^
  505 |       <div style={{
  506 |         position: 'sticky',
  507 |         top: navH,

Expected '</', got 'jsx text'

Import traces:
  Client Component Browser:
    ./app/(root)/bekleidung/page.tsx [Client Component Browser]
    ./app/(root)/bekleidung/page.tsx [Server Component]

  Client Component SSR:
    ./app/(root)/bekleidung/page.tsx [Client Component SSR]
    ./app/(root)/bekleidung/page.tsx [Server Component] @ http://localhost:3001/_next/static/chunks/079ae_next_dist_e4f9772e._.js:3127
[  388438ms] [ERROR] ./app/(root)/bekleidung/page.tsx:502:16
Parsing ecmascript source code failed
  500 |           </p>
  501 |         )}
> 502 |       </header>
      |                ^
> 503 |
      | ^
> 504 |       {/* ── Category strip ── sticky flush below navbar ───────────────────── */}
      | ^^^^^^^
  505 |       <div style={{
  506 |         position: 'sticky',
  507 |         top: navH,

Expected '</', got 'jsx text'

Import traces:
  Client Component Browser:
    ./app/(root)/bekleidung/page.tsx [Client Component Browser]
    ./app/(root)/bekleidung/page.tsx [Server Component]

  Client Component SSR:
    ./app/(root)/bekleidung/page.tsx [Client Component SSR]
    ./app/(root)/bekleidung/page.tsx [Server Component] @ http://localhost:3001/_next/static/chunks/079ae_next_dist_e4f9772e._.js:3127
[  388521ms] [ERROR] ./app/(root)/bekleidung/page.tsx:502:16
Parsing ecmascript source code failed
  500 |           </p>
  501 |         )}
> 502 |       </header>
      |                ^
> 503 |
      | ^
> 504 |       {/* ── Category strip ── sticky flush below navbar ───────────────────── */}
      | ^^^^^^^
  505 |       <div style={{
  506 |         position: 'sticky',
  507 |         top: navH,

Expected '</', got 'jsx text'

Import traces:
  Client Component Browser:
    ./app/(root)/bekleidung/page.tsx [Client Component Browser]
    ./app/(root)/bekleidung/page.tsx [Server Component]

  Client Component SSR:
    ./app/(root)/bekleidung/page.tsx [Client Component SSR]
    ./app/(root)/bekleidung/page.tsx [Server Component] @ http://localhost:3001/_next/static/chunks/079ae_next_dist_e4f9772e._.js:3127
[  388603ms] [ERROR] ./app/(root)/bekleidung/page.tsx:502:16
Parsing ecmascript source code failed
  500 |           </p>
  501 |         )}
> 502 |       </header>
      |                ^
> 503 |
      | ^
> 504 |       {/* ── Category strip ── sticky flush below navbar ───────────────────── */}
      | ^^^^^^^
  505 |       <div style={{
  506 |         position: 'sticky',
  507 |         top: navH,

Expected '</', got 'jsx text'

Import traces:
  Client Component Browser:
    ./app/(root)/bekleidung/page.tsx [Client Component Browser]
    ./app/(root)/bekleidung/page.tsx [Server Component]

  Client Component SSR:
    ./app/(root)/bekleidung/page.tsx [Client Component SSR]
    ./app/(root)/bekleidung/page.tsx [Server Component] @ http://localhost:3001/_next/static/chunks/079ae_next_dist_e4f9772e._.js:3127
[  388689ms] [ERROR] ./app/(root)/bekleidung/page.tsx:502:16
Parsing ecmascript source code failed
  500 |           </p>
  501 |         )}
> 502 |       </header>
      |                ^
> 503 |
      | ^
> 504 |       {/* ── Category strip ── sticky flush below navbar ───────────────────── */}
      | ^^^^^^^
  505 |       <div style={{
  506 |         position: 'sticky',
  507 |         top: navH,

Expected '</', got 'jsx text'

Import traces:
  Client Component Browser:
    ./app/(root)/bekleidung/page.tsx [Client Component Browser]
    ./app/(root)/bekleidung/page.tsx [Server Component]

  Client Component SSR:
    ./app/(root)/bekleidung/page.tsx [Client Component SSR]
    ./app/(root)/bekleidung/page.tsx [Server Component] @ http://localhost:3001/_next/static/chunks/079ae_next_dist_e4f9772e._.js:3127
[  388781ms] [ERROR] ./app/(root)/bekleidung/page.tsx:502:16
Parsing ecmascript source code failed
  500 |           </p>
  501 |         )}
> 502 |       </header>
      |                ^
> 503 |
      | ^
> 504 |       {/* ── Category strip ── sticky flush below navbar ───────────────────── */}
      | ^^^^^^^
  505 |       <div style={{
  506 |         position: 'sticky',
  507 |         top: navH,

Expected '</', got 'jsx text'

Import traces:
  Client Component Browser:
    ./app/(root)/bekleidung/page.tsx [Client Component Browser]
    ./app/(root)/bekleidung/page.tsx [Server Component]

  Client Component SSR:
    ./app/(root)/bekleidung/page.tsx [Client Component SSR]
    ./app/(root)/bekleidung/page.tsx [Server Component] @ http://localhost:3001/_next/static/chunks/079ae_next_dist_e4f9772e._.js:3127
[  388874ms] [ERROR] ./app/(root)/bekleidung/page.tsx:502:16
Parsing ecmascript source code failed
  500 |           </p>
  501 |         )}
> 502 |       </header>
      |                ^
> 503 |
      | ^
> 504 |       {/* ── Category strip ── sticky flush below navbar ───────────────────── */}
      | ^^^^^^^
  505 |       <div style={{
  506 |         position: 'sticky',
  507 |         top: navH,

Expected '</', got 'jsx text'

Import traces:
  Client Component Browser:
    ./app/(root)/bekleidung/page.tsx [Client Component Browser]
    ./app/(root)/bekleidung/page.tsx [Server Component]

  Client Component SSR:
    ./app/(root)/bekleidung/page.tsx [Client Component SSR]
    ./app/(root)/bekleidung/page.tsx [Server Component] @ http://localhost:3001/_next/static/chunks/079ae_next_dist_e4f9772e._.js:3127
[  388963ms] [ERROR] ./app/(root)/bekleidung/page.tsx:502:16
Parsing ecmascript source code failed
  500 |           </p>
  501 |         )}
> 502 |       </header>
      |                ^
> 503 |
      | ^
> 504 |       {/* ── Category strip ── sticky flush below navbar ───────────────────── */}
      | ^^^^^^^
  505 |       <div style={{
  506 |         position: 'sticky',
  507 |         top: navH,

Expected '</', got 'jsx text'

Import traces:
  Client Component Browser:
    ./app/(root)/bekleidung/page.tsx [Client Component Browser]
    ./app/(root)/bekleidung/page.tsx [Server Component]

  Client Component SSR:
    ./app/(root)/bekleidung/page.tsx [Client Component SSR]
    ./app/(root)/bekleidung/page.tsx [Server Component] @ http://localhost:3001/_next/static/chunks/079ae_next_dist_e4f9772e._.js:3127
[  389063ms] [ERROR] ./app/(root)/bekleidung/page.tsx:502:16
Parsing ecmascript source code failed
  500 |           </p>
  501 |         )}
> 502 |       </header>
      |                ^
> 503 |
      | ^
> 504 |       {/* ── Category strip ── sticky flush below navbar ───────────────────── */}
      | ^^^^^^^
  505 |       <div style={{
  506 |         position: 'sticky',
  507 |         top: navH,

Expected '</', got 'jsx text'

Import traces:
  Client Component Browser:
    ./app/(root)/bekleidung/page.tsx [Client Component Browser]
    ./app/(root)/bekleidung/page.tsx [Server Component]

  Client Component SSR:
    ./app/(root)/bekleidung/page.tsx [Client Component SSR]
    ./app/(root)/bekleidung/page.tsx [Server Component] @ http://localhost:3001/_next/static/chunks/079ae_next_dist_e4f9772e._.js:3127
[  389181ms] [LOG] [Fast Refresh] rebuilding @ http://localhost:3001/_next/static/chunks/079ae_next_dist_e4f9772e._.js:2297
[  390213ms] [LOG] [Fast Refresh] done in 857ms @ http://localhost:3001/_next/static/chunks/079ae_next_dist_e4f9772e._.js:2297
