[     117ms] [LOG] [Fast Refresh] rebuilding @ http://localhost:3000/_next/static/chunks/079ae_next_dist_e4f9772e._.js:2297
[    4329ms] [LOG] [Fast Refresh] done in 4314ms @ http://localhost:3000/_next/static/chunks/079ae_next_dist_e4f9772e._.js:2297
[    4778ms] [INFO] %cDownload the React DevTools for a better development experience: https://react.dev/link/react-devtools font-weight:bold @ http://localhost:3000/_next/static/chunks/079ae_next_dist_e4f9772e._.js:2297
[    4833ms] [LOG] [HMR] connected @ http://localhost:3000/_next/static/chunks/079ae_next_dist_e4f9772e._.js:2297
[    5021ms] [LOG] [Fast Refresh] rebuilding @ http://localhost:3000/_next/static/chunks/079ae_next_dist_e4f9772e._.js:2297
[    5078ms] [WARNING] Image with src "https://www.viviennewestwood.com/dw/image/v2/BJGV_PRD/on/demandware.static/-/Library-Sites-viviennewestwood-global-content/default/dw8c63789d/images/collections/autumn-winter-25_26/AW2526%20Lookbook/2x3/VW_AW2526_Lookbook_Look_02.jpg?sw=632&sh=948&q=80" has "fill" but is missing "sizes" prop. Please add it to improve page performance. Read more: https://nextjs.org/docs/api-reference/next/image#sizes @ http://localhost:3000/_next/static/chunks/079ae_next_dist_e4f9772e._.js:2297
[    5103ms] [LOG] [Fast Refresh] done in 186ms @ http://localhost:3000/_next/static/chunks/079ae_next_dist_e4f9772e._.js:2297
[    5104ms] [WARNING] Image with src "https://www.viviennewestwood.com/dw/image/v2/BJGV_PRD/on/demandware.static/-/Sites-viviennewestwood-master-catalog/default/dw69896e20/images/2G01000A-J001M-_GREY-MELANGE_001_large.jpeg?q=80" has "fill" but is missing "sizes" prop. Please add it to improve page performance. Read more: https://nextjs.org/docs/api-reference/next/image#sizes @ http://localhost:3000/_next/static/chunks/079ae_next_dist_e4f9772e._.js:2297
[    5163ms] [WARNING] Image with src "https://eu.manieredevoir.com/cdn/shop/files/MDV_0030_MDV2_be0fab84-a04c-4251-adc9-1fefaa4175c4.jpg?v=1759502594" has "fill" but is missing "sizes" prop. Please add it to improve page performance. Read more: https://nextjs.org/docs/api-reference/next/image#sizes @ http://localhost:3000/_next/static/chunks/079ae_next_dist_e4f9772e._.js:2297
[    5249ms] [LOG] [Fast Refresh] rebuilding @ http://localhost:3000/_next/static/chunks/079ae_next_dist_e4f9772e._.js:2297
[    6222ms] [WARNING] Canvas2D: Multiple readback operations using getImageData are faster with the willReadFrequently attribute set to true. See: https://html.spec.whatwg.org/multipage/canvas.html#concept-canvas-will-read-frequently @ http://localhost:3000/_next/static/chunks/_79047304._.js:148
[    6277ms] [LOG] [Fast Refresh] done in 1137ms @ http://localhost:3000/_next/static/chunks/079ae_next_dist_e4f9772e._.js:2297
[    8876ms] [LOG] [Fast Refresh] rebuilding @ http://localhost:3000/_next/static/chunks/079ae_next_dist_e4f9772e._.js:2297
[    9001ms] [LOG] [Fast Refresh] done in 256ms @ http://localhost:3000/_next/static/chunks/079ae_next_dist_e4f9772e._.js:2297
[   21131ms] [LOG] [Fast Refresh] rebuilding @ http://localhost:3000/_next/static/chunks/079ae_next_dist_e4f9772e._.js:2297
[   21160ms] [LOG] [Fast Refresh] done in 179ms @ http://localhost:3000/_next/static/chunks/079ae_next_dist_e4f9772e._.js:2297
[   71154ms] [LOG] [Fast Refresh] rebuilding @ http://localhost:3000/_next/static/chunks/079ae_next_dist_e4f9772e._.js:2297
[   71388ms] [LOG] [Fast Refresh] done in 377ms @ http://localhost:3000/_next/static/chunks/079ae_next_dist_e4f9772e._.js:2297
[  287687ms] [LOG] [Fast Refresh] rebuilding @ http://localhost:3000/_next/static/chunks/079ae_next_dist_e4f9772e._.js:2297
[  292366ms] [LOG] [Fast Refresh] done in 4834ms @ http://localhost:3000/_next/static/chunks/079ae_next_dist_e4f9772e._.js:2297
[  293055ms] [LOG] [Fast Refresh] rebuilding @ http://localhost:3000/_next/static/chunks/079ae_next_dist_e4f9772e._.js:2297
[  293192ms] [LOG] [Fast Refresh] done in 256ms @ http://localhost:3000/_next/static/chunks/079ae_next_dist_e4f9772e._.js:2297
[  482634ms] [LOG] [Fast Refresh] rebuilding @ http://localhost:3000/_next/static/chunks/079ae_next_dist_e4f9772e._.js:2297
[  482834ms] [LOG] [Fast Refresh] done in 338ms @ http://localhost:3000/_next/static/chunks/079ae_next_dist_e4f9772e._.js:2297
[  488283ms] [LOG] [Fast Refresh] rebuilding @ http://localhost:3000/_next/static/chunks/079ae_next_dist_e4f9772e._.js:2297
[  488380ms] [LOG] [Fast Refresh] done in 237ms @ http://localhost:3000/_next/static/chunks/079ae_next_dist_e4f9772e._.js:2297
[  493164ms] [LOG] [Fast Refresh] rebuilding @ http://localhost:3000/_next/static/chunks/079ae_next_dist_e4f9772e._.js:2297
[  493444ms] [LOG] [Fast Refresh] done in 403ms @ http://localhost:3000/_next/static/chunks/079ae_next_dist_e4f9772e._.js:2297
[  497005ms] [LOG] [Fast Refresh] rebuilding @ http://localhost:3000/_next/static/chunks/079ae_next_dist_e4f9772e._.js:2297
[  497093ms] [LOG] [Fast Refresh] done in 228ms @ http://localhost:3000/_next/static/chunks/079ae_next_dist_e4f9772e._.js:2297
[  500278ms] [LOG] [Fast Refresh] rebuilding @ http://localhost:3000/_next/static/chunks/079ae_next_dist_e4f9772e._.js:2297
[  500355ms] [LOG] [Fast Refresh] done in 204ms @ http://localhost:3000/_next/static/chunks/079ae_next_dist_e4f9772e._.js:2297
[  506544ms] [LOG] [Fast Refresh] rebuilding @ http://localhost:3000/_next/static/chunks/079ae_next_dist_e4f9772e._.js:2297
[  506842ms] [LOG] [Fast Refresh] done in 430ms @ http://localhost:3000/_next/static/chunks/079ae_next_dist_e4f9772e._.js:2297
[  523221ms] [LOG] [Fast Refresh] rebuilding @ http://localhost:3000/_next/static/chunks/079ae_next_dist_e4f9772e._.js:2297
[  526101ms] [LOG] [Fast Refresh] done in 3026ms @ http://localhost:3000/_next/static/chunks/079ae_next_dist_e4f9772e._.js:2297
[  526549ms] [LOG] [Fast Refresh] rebuilding @ http://localhost:3000/_next/static/chunks/079ae_next_dist_e4f9772e._.js:2297
[  526550ms] [LOG] [Fast Refresh] done in 121ms @ http://localhost:3000/_next/static/chunks/079ae_next_dist_e4f9772e._.js:2297
[  527163ms] [LOG] [Fast Refresh] rebuilding @ http://localhost:3000/_next/static/chunks/079ae_next_dist_e4f9772e._.js:2297
[  527227ms] [LOG] [Fast Refresh] done in 184ms @ http://localhost:3000/_next/static/chunks/079ae_next_dist_e4f9772e._.js:2297
[  533273ms] [LOG] [Fast Refresh] rebuilding @ http://localhost:3000/_next/static/chunks/079ae_next_dist_e4f9772e._.js:2297
[  533403ms] [LOG] [Fast Refresh] done in 260ms @ http://localhost:3000/_next/static/chunks/079ae_next_dist_e4f9772e._.js:2297
[  549201ms] [LOG] [Fast Refresh] rebuilding @ http://localhost:3000/_next/static/chunks/079ae_next_dist_e4f9772e._.js:2297
[  549229ms] [LOG] [Fast Refresh] done in 165ms @ http://localhost:3000/_next/static/chunks/079ae_next_dist_e4f9772e._.js:2297
[  552230ms] [LOG] [Fast Refresh] rebuilding @ http://localhost:3000/_next/static/chunks/079ae_next_dist_e4f9772e._.js:2297
[  552263ms] [LOG] [Fast Refresh] done in 152ms @ http://localhost:3000/_next/static/chunks/079ae_next_dist_e4f9772e._.js:2297
[  783475ms] [LOG] [Fast Refresh] rebuilding @ http://localhost:3000/_next/static/chunks/079ae_next_dist_e4f9772e._.js:2297
[  783958ms] [LOG] [Fast Refresh] done in 644ms @ http://localhost:3000/_next/static/chunks/079ae_next_dist_e4f9772e._.js:2297
[ 1882489ms] [LOG] [Fast Refresh] rebuilding @ http://localhost:3000/_next/static/chunks/079ae_next_dist_e4f9772e._.js:2297
[ 1886134ms] [LOG] [Fast Refresh] done in 3780ms @ http://localhost:3000/_next/static/chunks/079ae_next_dist_e4f9772e._.js:2297
[ 1886973ms] [LOG] [Fast Refresh] rebuilding @ http://localhost:3000/_next/static/chunks/079ae_next_dist_e4f9772e._.js:2297
[ 1888125ms] [LOG] [Fast Refresh] done in 1283ms @ http://localhost:3000/_next/static/chunks/079ae_next_dist_e4f9772e._.js:2297
[ 2548855ms] [LOG] [Fast Refresh] rebuilding @ http://localhost:3000/_next/static/chunks/079ae_next_dist_e4f9772e._.js:2297
[ 2551922ms] [LOG] [Fast Refresh] done in 3181ms @ http://localhost:3000/_next/static/chunks/079ae_next_dist_e4f9772e._.js:2297
[ 7079411ms] [LOG] [HMR] connected @ http://localhost:3000/_next/static/chunks/079ae_next_dist_e4f9772e._.js:2297
[ 7079778ms] [LOG] [Fast Refresh] rebuilding @ http://localhost:3000/_next/static/chunks/079ae_next_dist_e4f9772e._.js:2297
[ 7080074ms] [LOG] [Fast Refresh] done in 435ms @ http://localhost:3000/_next/static/chunks/079ae_next_dist_e4f9772e._.js:2297
[53428312ms] [LOG] [HMR] connected @ http://localhost:3000/_next/static/chunks/079ae_next_dist_e4f9772e._.js:2297
[53430990ms] [LOG] [Fast Refresh] rebuilding @ http://localhost:3000/_next/static/chunks/079ae_next_dist_e4f9772e._.js:2297
[53431822ms] [LOG] [Fast Refresh] done in 952ms @ http://localhost:3000/_next/static/chunks/079ae_next_dist_e4f9772e._.js:2297
[53434226ms] [LOG] [Fast Refresh] rebuilding @ http://localhost:3000/_next/static/chunks/079ae_next_dist_e4f9772e._.js:2297
[53435212ms] [LOG] [Fast Refresh] done in 1117ms @ http://localhost:3000/_next/static/chunks/079ae_next_dist_e4f9772e._.js:2297
[53435536ms] [LOG] [Fast Refresh] rebuilding @ http://localhost:3000/_next/static/chunks/079ae_next_dist_e4f9772e._.js:2297
[53435928ms] [LOG] [Fast Refresh] done in 499ms @ http://localhost:3000/_next/static/chunks/079ae_next_dist_e4f9772e._.js:2297
[53567274ms] [LOG] [Fast Refresh] rebuilding @ http://localhost:3000/_next/static/chunks/079ae_next_dist_e4f9772e._.js:2297
[53569962ms] [LOG] [Fast Refresh] done in 2816ms @ http://localhost:3000/_next/static/chunks/079ae_next_dist_e4f9772e._.js:2297
[53611566ms] [LOG] [Fast Refresh] rebuilding @ http://localhost:3000/_next/static/chunks/079ae_next_dist_e4f9772e._.js:2297
[53613689ms] [LOG] [Fast Refresh] done in 2211ms @ http://localhost:3000/_next/static/chunks/079ae_next_dist_e4f9772e._.js:2297
[53644079ms] [LOG] [Fast Refresh] rebuilding @ http://localhost:3000/_next/static/chunks/079ae_next_dist_e4f9772e._.js:2297
[53645120ms] [LOG] [Fast Refresh] done in 1165ms @ http://localhost:3000/_next/static/chunks/079ae_next_dist_e4f9772e._.js:2297
[53678104ms] [LOG] [Fast Refresh] rebuilding @ http://localhost:3000/_next/static/chunks/079ae_next_dist_e4f9772e._.js:2297
[53679091ms] [LOG] [Fast Refresh] done in 1118ms @ http://localhost:3000/_next/static/chunks/079ae_next_dist_e4f9772e._.js:2297
[53703339ms] [LOG] [Fast Refresh] rebuilding @ http://localhost:3000/_next/static/chunks/079ae_next_dist_e4f9772e._.js:2297
[53704321ms] [LOG] [Fast Refresh] done in 1124ms @ http://localhost:3000/_next/static/chunks/079ae_next_dist_e4f9772e._.js:2297
[53744365ms] [LOG] [Fast Refresh] rebuilding @ http://localhost:3000/_next/static/chunks/079ae_next_dist_e4f9772e._.js:2297
[53745359ms] [LOG] [Fast Refresh] done in 1119ms @ http://localhost:3000/_next/static/chunks/079ae_next_dist_e4f9772e._.js:2297
[53813501ms] [LOG] [Fast Refresh] rebuilding @ http://localhost:3000/_next/static/chunks/079ae_next_dist_e4f9772e._.js:2297
[53814267ms] [LOG] [Fast Refresh] done in 889ms @ http://localhost:3000/_next/static/chunks/079ae_next_dist_e4f9772e._.js:2297
[53897775ms] [LOG] [Fast Refresh] rebuilding @ http://localhost:3000/_next/static/chunks/079ae_next_dist_e4f9772e._.js:2297
[53898555ms] [LOG] [Fast Refresh] done in 899ms @ http://localhost:3000/_next/static/chunks/079ae_next_dist_e4f9772e._.js:2297
[53902039ms] [LOG] [Fast Refresh] rebuilding @ http://localhost:3000/_next/static/chunks/079ae_next_dist_e4f9772e._.js:2297
[53902998ms] [LOG] [Fast Refresh] done in 1077ms @ http://localhost:3000/_next/static/chunks/079ae_next_dist_e4f9772e._.js:2297
[55310292ms] [LOG] [Fast Refresh] rebuilding @ http://localhost:3000/_next/static/chunks/079ae_next_dist_e4f9772e._.js:2297
[55311392ms] [LOG] [Fast Refresh] done in 1216ms @ http://localhost:3000/_next/static/chunks/079ae_next_dist_e4f9772e._.js:2297
[55398407ms] [LOG] [Fast Refresh] rebuilding @ http://localhost:3000/_next/static/chunks/079ae_next_dist_e4f9772e._.js:2297
[55399271ms] [LOG] [Fast Refresh] done in 986ms @ http://localhost:3000/_next/static/chunks/079ae_next_dist_e4f9772e._.js:2297
[55659412ms] [LOG] [Fast Refresh] rebuilding @ http://localhost:3000/_next/static/chunks/079ae_next_dist_e4f9772e._.js:2297
[55660161ms] [LOG] [Fast Refresh] done in 862ms @ http://localhost:3000/_next/static/chunks/079ae_next_dist_e4f9772e._.js:2297
[55696073ms] [LOG] [Fast Refresh] rebuilding @ http://localhost:3000/_next/static/chunks/079ae_next_dist_e4f9772e._.js:2297
[55697576ms] [LOG] [Fast Refresh] done in 1629ms @ http://localhost:3000/_next/static/chunks/079ae_next_dist_e4f9772e._.js:2297
[55722349ms] [LOG] [Fast Refresh] rebuilding @ http://localhost:3000/_next/static/chunks/079ae_next_dist_e4f9772e._.js:2297
[55723983ms] [LOG] [Fast Refresh] done in 1769ms @ http://localhost:3000/_next/static/chunks/079ae_next_dist_e4f9772e._.js:2297
[55734080ms] [LOG] [Fast Refresh] rebuilding @ http://localhost:3000/_next/static/chunks/079ae_next_dist_e4f9772e._.js:2297
[55735283ms] [LOG] [Fast Refresh] done in 1323ms @ http://localhost:3000/_next/static/chunks/079ae_next_dist_e4f9772e._.js:2297
[55749132ms] [LOG] [Fast Refresh] rebuilding @ http://localhost:3000/_next/static/chunks/079ae_next_dist_e4f9772e._.js:2297
[55750295ms] [LOG] [Fast Refresh] done in 1282ms @ http://localhost:3000/_next/static/chunks/079ae_next_dist_e4f9772e._.js:2297
[55897895ms] [LOG] [Fast Refresh] rebuilding @ http://localhost:3000/_next/static/chunks/079ae_next_dist_e4f9772e._.js:2297
[55899038ms] [LOG] [Fast Refresh] done in 1273ms @ http://localhost:3000/_next/static/chunks/079ae_next_dist_e4f9772e._.js:2297
[55901958ms] [LOG] [Fast Refresh] rebuilding @ http://localhost:3000/_next/static/chunks/079ae_next_dist_e4f9772e._.js:2297
[55903112ms] [LOG] [Fast Refresh] done in 1288ms @ http://localhost:3000/_next/static/chunks/079ae_next_dist_e4f9772e._.js:2297
[55947139ms] [LOG] [Fast Refresh] rebuilding @ http://localhost:3000/_next/static/chunks/079ae_next_dist_e4f9772e._.js:2297
[55948846ms] [LOG] [Fast Refresh] done in 1843ms @ http://localhost:3000/_next/static/chunks/079ae_next_dist_e4f9772e._.js:2297
[55963807ms] [LOG] [Fast Refresh] rebuilding @ http://localhost:3000/_next/static/chunks/079ae_next_dist_e4f9772e._.js:2297
[55977123ms] [LOG] [Fast Refresh] done in 13454ms @ http://localhost:3000/_next/static/chunks/079ae_next_dist_e4f9772e._.js:2297
[55977401ms] [LOG] [Fast Refresh] rebuilding @ http://localhost:3000/_next/static/chunks/079ae_next_dist_e4f9772e._.js:2297
[55977610ms] [LOG] [Fast Refresh] done in 318ms @ http://localhost:3000/_next/static/chunks/079ae_next_dist_e4f9772e._.js:2297
