[     268ms] [LOG] [Fast Refresh] rebuilding @ http://localhost:3000/_next/static/chunks/079ae_next_dist_e4f9772e._.js:2297
[     684ms] [LOG] [Fast Refresh] done in 528ms @ http://localhost:3000/_next/static/chunks/079ae_next_dist_e4f9772e._.js:2297
[    1183ms] [INFO] %cDownload the React DevTools for a better development experience: https://react.dev/link/react-devtools font-weight:bold @ http://localhost:3000/_next/static/chunks/079ae_next_dist_e4f9772e._.js:2297
[    1721ms] [LOG] [HMR] connected @ http://localhost:3000/_next/static/chunks/079ae_next_dist_e4f9772e._.js:2297
[    2219ms] [LOG] [Fast Refresh] rebuilding @ http://localhost:3000/_next/static/chunks/079ae_next_dist_e4f9772e._.js:2297
[    2715ms] [LOG] [Fast Refresh] done in 656ms @ http://localhost:3000/_next/static/chunks/079ae_next_dist_e4f9772e._.js:2297
[   17922ms] [LOG] [Fast Refresh] rebuilding @ http://localhost:3000/_next/static/chunks/079ae_next_dist_e4f9772e._.js:2297
[   18433ms] [LOG] [Fast Refresh] done in 611ms @ http://localhost:3000/_next/static/chunks/079ae_next_dist_e4f9772e._.js:2297
[   31333ms] [LOG] [Fast Refresh] rebuilding @ http://localhost:3000/_next/static/chunks/079ae_next_dist_e4f9772e._.js:2297
[   31694ms] [LOG] [Fast Refresh] done in 462ms @ http://localhost:3000/_next/static/chunks/079ae_next_dist_e4f9772e._.js:2297
[   43474ms] [LOG] [Fast Refresh] rebuilding @ http://localhost:3000/_next/static/chunks/079ae_next_dist_e4f9772e._.js:2297
[   43712ms] [LOG] [Fast Refresh] done in 339ms @ http://localhost:3000/_next/static/chunks/079ae_next_dist_e4f9772e._.js:2297
[   62516ms] [LOG] [Fast Refresh] rebuilding @ http://localhost:3000/_next/static/chunks/079ae_next_dist_e4f9772e._.js:2297
[   62973ms] [LOG] [Fast Refresh] done in 560ms @ http://localhost:3000/_next/static/chunks/079ae_next_dist_e4f9772e._.js:2297
[   71141ms] [LOG] [Fast Refresh] rebuilding @ http://localhost:3000/_next/static/chunks/079ae_next_dist_e4f9772e._.js:2297
[   71334ms] [LOG] [Fast Refresh] done in 293ms @ http://localhost:3000/_next/static/chunks/079ae_next_dist_e4f9772e._.js:2297
[  339221ms] [LOG] [Fast Refresh] rebuilding @ http://localhost:3000/_next/static/chunks/079ae_next_dist_e4f9772e._.js:2297
[  339909ms] [LOG] [Fast Refresh] done in 802ms @ http://localhost:3000/_next/static/chunks/079ae_next_dist_e4f9772e._.js:2297
[  558621ms] [INFO] %cDownload the React DevTools for a better development experience: https://react.dev/link/react-devtools font-weight:bold @ http://localhost:3000/_next/static/chunks/079ae_next_dist_e4f9772e._.js:2297
[  559175ms] [LOG] [HMR] connected @ http://localhost:3000/_next/static/chunks/079ae_next_dist_e4f9772e._.js:2297
[  575576ms] [LOG] [Fast Refresh] rebuilding @ http://localhost:3000/_next/static/chunks/079ae_next_dist_e4f9772e._.js:2297
[  575797ms] [LOG] [Fast Refresh] done in 322ms @ http://localhost:3000/_next/static/chunks/079ae_next_dist_e4f9772e._.js:2297
[  608519ms] [LOG] [Fast Refresh] rebuilding @ http://localhost:3000/_next/static/chunks/079ae_next_dist_e4f9772e._.js:2297
[  609195ms] [LOG] [Fast Refresh] done in 780ms @ http://localhost:3000/_next/static/chunks/079ae_next_dist_e4f9772e._.js:2297
[  609407ms] [INFO] %cDownload the React DevTools for a better development experience: https://react.dev/link/react-devtools font-weight:bold @ http://localhost:3000/_next/static/chunks/079ae_next_dist_e4f9772e._.js:2297
[  609483ms] [LOG] [HMR] connected @ http://localhost:3000/_next/static/chunks/079ae_next_dist_e4f9772e._.js:2297
[  682901ms] [LOG] [Fast Refresh] rebuilding @ http://localhost:3000/_next/static/chunks/079ae_next_dist_e4f9772e._.js:2297
[  682995ms] [LOG] [Fast Refresh] done in 208ms @ http://localhost:3000/_next/static/chunks/079ae_next_dist_e4f9772e._.js:2297
[ 1081323ms] [LOG] [Fast Refresh] rebuilding @ http://localhost:3000/_next/static/chunks/079ae_next_dist_e4f9772e._.js:2297
[ 1081388ms] [LOG] [Fast Refresh] done in 172ms @ http://localhost:3000/_next/static/chunks/079ae_next_dist_e4f9772e._.js:2297
[ 1426846ms] [LOG] [Fast Refresh] rebuilding @ http://localhost:3000/_next/static/chunks/079ae_next_dist_e4f9772e._.js:2297
[ 1428541ms] [LOG] [Fast Refresh] done in 1807ms @ http://localhost:3000/_next/static/chunks/079ae_next_dist_e4f9772e._.js:2297
[ 1430107ms] [LOG] [Fast Refresh] rebuilding @ http://localhost:3000/_next/static/chunks/079ae_next_dist_e4f9772e._.js:2297
[ 1430179ms] [LOG] [Fast Refresh] done in 206ms @ http://localhost:3000/_next/static/chunks/079ae_next_dist_e4f9772e._.js:2297
[ 1432801ms] [LOG] [Fast Refresh] rebuilding @ http://localhost:3000/_next/static/chunks/079ae_next_dist_e4f9772e._.js:2297
[ 1432858ms] [LOG] [Fast Refresh] done in 166ms @ http://localhost:3000/_next/static/chunks/079ae_next_dist_e4f9772e._.js:2297
[ 1436910ms] [LOG] [Fast Refresh] rebuilding @ http://localhost:3000/_next/static/chunks/079ae_next_dist_e4f9772e._.js:2297
[ 1439068ms] [LOG] [Fast Refresh] done in 2264ms @ http://localhost:3000/_next/static/chunks/079ae_next_dist_e4f9772e._.js:2297
[ 1439710ms] [LOG] [Fast Refresh] rebuilding @ http://localhost:3000/_next/static/chunks/079ae_next_dist_e4f9772e._.js:2297
[ 1440284ms] [LOG] [Fast Refresh] done in 688ms @ http://localhost:3000/_next/static/chunks/079ae_next_dist_e4f9772e._.js:2297
