[     132ms] [LOG] [Fast Refresh] rebuilding @ http://localhost:3000/_next/static/chunks/079ae_next_dist_e4f9772e._.js:2297
[     245ms] [LOG] [Fast Refresh] done in 213ms @ http://localhost:3000/_next/static/chunks/079ae_next_dist_e4f9772e._.js:2297
[     440ms] [INFO] %cDownload the React DevTools for a better development experience: https://react.dev/link/react-devtools font-weight:bold @ http://localhost:3000/_next/static/chunks/079ae_next_dist_e4f9772e._.js:2297
[     477ms] [LOG] [HMR] connected @ http://localhost:3000/_next/static/chunks/079ae_next_dist_e4f9772e._.js:2297
[     650ms] [ERROR] Failed to load resource: the server responded with a status of 401 () @ http://localhost:8080/users/me:0
[     680ms] [ERROR] Failed to load resource: the server responded with a status of 403 () @ http://localhost:8080/admin/customers?page=0&size=100:0
[     680ms] [ERROR] Failed to load resource: the server responded with a status of 403 () @ http://localhost:8080/admin/products?page=0&size=100:0
[     682ms] [ERROR] Failed to load resource: the server responded with a status of 403 () @ http://localhost:8080/admin/brands?page=0&size=100:0
[     682ms] [ERROR] Failed to load resource: the server responded with a status of 403 () @ http://localhost:8080/admin/orders?page=0&size=100:0
[    3533ms] [LOG] [Fast Refresh] rebuilding @ http://localhost:3000/_next/static/chunks/079ae_next_dist_e4f9772e._.js:2297
[    4232ms] [LOG] [Fast Refresh] done in 800ms @ http://localhost:3000/_next/static/chunks/079ae_next_dist_e4f9772e._.js:2297
[   12777ms] [ERROR] Failed to load resource: the server responded with a status of 403 () @ http://localhost:8080/admin/settlements?period=2026-05:0
[   12777ms] [ERROR] Failed to load resource: the server responded with a status of 403 () @ http://localhost:8080/admin/settlements?period=2026-05:0
[   15049ms] [LOG] [Fast Refresh] rebuilding @ http://localhost:3000/_next/static/chunks/079ae_next_dist_e4f9772e._.js:2297
[   15909ms] [LOG] [Fast Refresh] done in 964ms @ http://localhost:3000/_next/static/chunks/079ae_next_dist_e4f9772e._.js:2297
[   18709ms] [LOG] [Fast Refresh] rebuilding @ http://localhost:3000/_next/static/chunks/079ae_next_dist_e4f9772e._.js:2297
[   19533ms] [LOG] [Fast Refresh] done in 938ms @ http://localhost:3000/_next/static/chunks/079ae_next_dist_e4f9772e._.js:2297
[  375522ms] [LOG] [Fast Refresh] rebuilding @ http://localhost:3000/_next/static/chunks/079ae_next_dist_e4f9772e._.js:2297
[  377094ms] [LOG] [Fast Refresh] done in 1383ms @ http://localhost:3000/_next/static/chunks/079ae_next_dist_e4f9772e._.js:2297
[  377096ms] [ERROR] Failed to load resource: the server responded with a status of 403 () @ http://localhost:8080/admin/settlements?period=2026-05:0
[  433433ms] [LOG] [Fast Refresh] rebuilding @ http://localhost:3000/_next/static/chunks/079ae_next_dist_e4f9772e._.js:2297
[  434944ms] [LOG] [Fast Refresh] done in 1614ms @ http://localhost:3000/_next/static/chunks/079ae_next_dist_e4f9772e._.js:2297
