[     147ms] [LOG] [Fast Refresh] rebuilding @ http://localhost:3000/_next/static/chunks/079ae_next_dist_e4f9772e._.js:2297
[     295ms] [LOG] [Fast Refresh] done in 255ms @ http://localhost:3000/_next/static/chunks/079ae_next_dist_e4f9772e._.js:2297
[     474ms] [INFO] %cDownload the React DevTools for a better development experience: https://react.dev/link/react-devtools font-weight:bold @ http://localhost:3000/_next/static/chunks/079ae_next_dist_e4f9772e._.js:2297
[     514ms] [LOG] [HMR] connected @ http://localhost:3000/_next/static/chunks/079ae_next_dist_e4f9772e._.js:2297
[     730ms] [ERROR] Failed to load resource: the server responded with a status of 401 () @ http://localhost:8080/users/me:0
[     788ms] [ERROR] Failed to load resource: the server responded with a status of 403 () @ http://localhost:8080/admin/brands?page=0&size=100:0
[     845ms] [ERROR] Failed to load resource: the server responded with a status of 403 () @ http://localhost:8080/admin/products?page=0&size=100:0
[     866ms] [ERROR] Failed to load resource: the server responded with a status of 403 () @ http://localhost:8080/admin/customers?page=0&size=100:0
[     874ms] [ERROR] Failed to load resource: the server responded with a status of 403 () @ http://localhost:8080/admin/orders?page=0&size=100:0
[   11776ms] [ERROR] Failed to load resource: the server responded with a status of 403 () @ http://localhost:8080/admin/settlements?period=2026-05:0
[   11777ms] [ERROR] Failed to load resource: the server responded with a status of 403 () @ http://localhost:8080/admin/settlements?period=2026-05:0
[   14255ms] [LOG] [Fast Refresh] rebuilding @ http://localhost:3000/_next/static/chunks/079ae_next_dist_e4f9772e._.js:2297
[   15020ms] [LOG] [Fast Refresh] done in 869ms @ http://localhost:3000/_next/static/chunks/079ae_next_dist_e4f9772e._.js:2297
[   17532ms] [LOG] [Fast Refresh] rebuilding @ http://localhost:3000/_next/static/chunks/079ae_next_dist_e4f9772e._.js:2297
[   17597ms] [LOG] [Fast Refresh] done in 179ms @ http://localhost:3000/_next/static/chunks/079ae_next_dist_e4f9772e._.js:2297
[   76187ms] [LOG] [Fast Refresh] rebuilding @ http://localhost:3000/_next/static/chunks/079ae_next_dist_e4f9772e._.js:2297
[   76274ms] [LOG] [Fast Refresh] done in 196ms @ http://localhost:3000/_next/static/chunks/079ae_next_dist_e4f9772e._.js:2297
[  277311ms] [ERROR] WebSocket connection to 'ws://localhost:3000/_next/webpack-hmr?id=1gojBIyn984t37aZu-zic' failed: Error in connection establishment: net::ERR_CONNECTION_REFUSED @ http://localhost:3000/_next/static/chunks/079ae_next_dist_client_b2fa6075._.js:10878
[  280709ms] [ERROR] WebSocket connection to 'ws://localhost:3000/_next/webpack-hmr?id=1gojBIyn984t37aZu-zic' failed: Error in connection establishment: net::ERR_CONNECTION_REFUSED @ http://localhost:3000/_next/static/chunks/079ae_next_dist_client_b2fa6075._.js:10878
[  286568ms] [LOG] [HMR] connected @ http://localhost:3000/_next/static/chunks/079ae_next_dist_e4f9772e._.js:2297
[  289009ms] [INFO] %cDownload the React DevTools for a better development experience: https://react.dev/link/react-devtools font-weight:bold @ http://localhost:3000/_next/static/chunks/079ae_next_dist_e4f9772e._.js:2297
[  289260ms] [LOG] [HMR] connected @ http://localhost:3000/_next/static/chunks/079ae_next_dist_e4f9772e._.js:2297
[  289609ms] [LOG] [Fast Refresh] rebuilding @ http://localhost:3000/_next/static/chunks/079ae_next_dist_e4f9772e._.js:2297
[  289657ms] [LOG] [Fast Refresh] done in 152ms @ http://localhost:3000/_next/static/chunks/079ae_next_dist_e4f9772e._.js:2297
[  341071ms] [LOG] [Fast Refresh] rebuilding @ http://localhost:3000/_next/static/chunks/079ae_next_dist_e4f9772e._.js:2297
[  342274ms] [LOG] [Fast Refresh] done in 1321ms @ http://localhost:3000/_next/static/chunks/079ae_next_dist_e4f9772e._.js:2297
[  350994ms] [LOG] [Fast Refresh] rebuilding @ http://localhost:3000/_next/static/chunks/079ae_next_dist_e4f9772e._.js:2297
[  351045ms] [LOG] [Fast Refresh] done in 163ms @ http://localhost:3000/_next/static/chunks/079ae_next_dist_e4f9772e._.js:2297
[  351602ms] [LOG] [Fast Refresh] rebuilding @ http://localhost:3000/_next/static/chunks/079ae_next_dist_e4f9772e._.js:2297
[  351635ms] [LOG] [Fast Refresh] done in 147ms @ http://localhost:3000/_next/static/chunks/079ae_next_dist_e4f9772e._.js:2297
[  364690ms] [LOG] [Fast Refresh] rebuilding @ http://localhost:3000/_next/static/chunks/079ae_next_dist_e4f9772e._.js:2297
[  371512ms] [LOG] [Fast Refresh] done in 6934ms @ http://localhost:3000/_next/static/chunks/079ae_next_dist_e4f9772e._.js:2297
[  372098ms] [LOG] [Fast Refresh] rebuilding @ http://localhost:3000/_next/static/chunks/079ae_next_dist_e4f9772e._.js:2297
[  372160ms] [LOG] [Fast Refresh] done in 176ms @ http://localhost:3000/_next/static/chunks/079ae_next_dist_e4f9772e._.js:2297
[  381773ms] [LOG] [Fast Refresh] rebuilding @ http://localhost:3000/_next/static/chunks/079ae_next_dist_e4f9772e._.js:2297
[  381991ms] [LOG] [Fast Refresh] done in 333ms @ http://localhost:3000/_next/static/chunks/079ae_next_dist_e4f9772e._.js:2297
[  393380ms] [LOG] [Fast Refresh] rebuilding @ http://localhost:3000/_next/static/chunks/079ae_next_dist_e4f9772e._.js:2297
[  393400ms] [LOG] [Fast Refresh] done in 127ms @ http://localhost:3000/_next/static/chunks/079ae_next_dist_e4f9772e._.js:2297
[  402554ms] [LOG] [Fast Refresh] rebuilding @ http://localhost:3000/_next/static/chunks/079ae_next_dist_e4f9772e._.js:2297
[  402660ms] [LOG] [Fast Refresh] done in 221ms @ http://localhost:3000/_next/static/chunks/079ae_next_dist_e4f9772e._.js:2297
