[     190ms] [INFO] %cDownload the React DevTools for a better development experience: https://react.dev/link/react-devtools font-weight:bold @ http://localhost:3000/_next/static/chunks/979b6_next_dist_2a67324b._.js:2297
[     238ms] [LOG] [HMR] connected @ http://localhost:3000/_next/static/chunks/979b6_next_dist_2a67324b._.js:2297
[     362ms] [LOG] [Fast Refresh] rebuilding @ http://localhost:3000/_next/static/chunks/979b6_next_dist_2a67324b._.js:2297
[    1224ms] [LOG] [Fast Refresh] done in 969ms @ http://localhost:3000/_next/static/chunks/979b6_next_dist_2a67324b._.js:2297
[    9446ms] [LOG] [Fast Refresh] rebuilding @ http://localhost:3000/_next/static/chunks/979b6_next_dist_2a67324b._.js:2297
[    9617ms] [LOG] [Fast Refresh] done in 277ms @ http://localhost:3000/_next/static/chunks/979b6_next_dist_2a67324b._.js:2297
[   14250ms] [LOG] [Fast Refresh] rebuilding @ http://localhost:3000/_next/static/chunks/979b6_next_dist_2a67324b._.js:2297
[   14471ms] [LOG] [Fast Refresh] done in 321ms @ http://localhost:3000/_next/static/chunks/979b6_next_dist_2a67324b._.js:2297
[   25825ms] [LOG] [Fast Refresh] rebuilding @ http://localhost:3000/_next/static/chunks/979b6_next_dist_2a67324b._.js:2297
[   26055ms] [LOG] [Fast Refresh] done in 335ms @ http://localhost:3000/_next/static/chunks/979b6_next_dist_2a67324b._.js:2297
[   30528ms] [LOG] [Fast Refresh] rebuilding @ http://localhost:3000/_next/static/chunks/979b6_next_dist_2a67324b._.js:2297
[   30747ms] [LOG] [Fast Refresh] done in 334ms @ http://localhost:3000/_next/static/chunks/979b6_next_dist_2a67324b._.js:2297
[   37341ms] [LOG] [Fast Refresh] rebuilding @ http://localhost:3000/_next/static/chunks/979b6_next_dist_2a67324b._.js:2297
[   37513ms] [LOG] [Fast Refresh] done in 276ms @ http://localhost:3000/_next/static/chunks/979b6_next_dist_2a67324b._.js:2297
[   42534ms] [LOG] [Fast Refresh] rebuilding @ http://localhost:3000/_next/static/chunks/979b6_next_dist_2a67324b._.js:2297
[   42781ms] [LOG] [Fast Refresh] done in 349ms @ http://localhost:3000/_next/static/chunks/979b6_next_dist_2a67324b._.js:2297
[   50921ms] [LOG] [Fast Refresh] rebuilding @ http://localhost:3000/_next/static/chunks/979b6_next_dist_2a67324b._.js:2297
[   51104ms] [LOG] [Fast Refresh] done in 289ms @ http://localhost:3000/_next/static/chunks/979b6_next_dist_2a67324b._.js:2297
[   55150ms] [LOG] [Fast Refresh] rebuilding @ http://localhost:3000/_next/static/chunks/979b6_next_dist_2a67324b._.js:2297
[   55430ms] [LOG] [Fast Refresh] done in 387ms @ http://localhost:3000/_next/static/chunks/979b6_next_dist_2a67324b._.js:2297
[  535483ms] [LOG] [Fast Refresh] rebuilding @ http://localhost:3000/_next/static/chunks/979b6_next_dist_2a67324b._.js:2297
[  535562ms] [LOG] [Fast Refresh] done in 185ms @ http://localhost:3000/_next/static/chunks/979b6_next_dist_2a67324b._.js:2297
[  535698ms] [LOG] [Fast Refresh] rebuilding @ http://localhost:3000/_next/static/chunks/979b6_next_dist_2a67324b._.js:2297
[  535700ms] [LOG] [Fast Refresh] done in 107ms @ http://localhost:3000/_next/static/chunks/979b6_next_dist_2a67324b._.js:2297
[  664541ms] [LOG] [Fast Refresh] rebuilding @ http://localhost:3000/_next/static/chunks/979b6_next_dist_2a67324b._.js:2297
[  664746ms] [LOG] [Fast Refresh] done in 313ms @ http://localhost:3000/_next/static/chunks/979b6_next_dist_2a67324b._.js:2297
[  664854ms] [LOG] [Fast Refresh] rebuilding @ http://localhost:3000/_next/static/chunks/979b6_next_dist_2a67324b._.js:2297
[  664949ms] [LOG] [Fast Refresh] done in 202ms @ http://localhost:3000/_next/static/chunks/979b6_next_dist_2a67324b._.js:2297
[  665071ms] [LOG] [Fast Refresh] rebuilding @ http://localhost:3000/_next/static/chunks/979b6_next_dist_2a67324b._.js:2297
[  665134ms] [LOG] [Fast Refresh] done in 177ms @ http://localhost:3000/_next/static/chunks/979b6_next_dist_2a67324b._.js:2297
[  694123ms] [LOG] [Fast Refresh] rebuilding @ http://localhost:3000/_next/static/chunks/979b6_next_dist_2a67324b._.js:2297
[  694139ms] [LOG] [Fast Refresh] done in 123ms @ http://localhost:3000/_next/static/chunks/979b6_next_dist_2a67324b._.js:2297
[  802627ms] [LOG] [Fast Refresh] rebuilding @ http://localhost:3000/_next/static/chunks/979b6_next_dist_2a67324b._.js:2297
[  802645ms] [LOG] [Fast Refresh] done in 127ms @ http://localhost:3000/_next/static/chunks/979b6_next_dist_2a67324b._.js:2297
[  803601ms] [LOG] [Fast Refresh] rebuilding @ http://localhost:3000/_next/static/chunks/979b6_next_dist_2a67324b._.js:2297
[  803605ms] [LOG] [Fast Refresh] done in 111ms @ http://localhost:3000/_next/static/chunks/979b6_next_dist_2a67324b._.js:2297
[  803774ms] [LOG] [Fast Refresh] rebuilding @ http://localhost:3000/_next/static/chunks/979b6_next_dist_2a67324b._.js:2297
[  804327ms] [LOG] [Fast Refresh] done in 659ms @ http://localhost:3000/_next/static/chunks/979b6_next_dist_2a67324b._.js:2297
[  804435ms] [LOG] [Fast Refresh] rebuilding @ http://localhost:3000/_next/static/chunks/979b6_next_dist_2a67324b._.js:2297
[  804659ms] [LOG] [Fast Refresh] done in 325ms @ http://localhost:3000/_next/static/chunks/979b6_next_dist_2a67324b._.js:2297
[  837749ms] [LOG] [Fast Refresh] rebuilding @ http://localhost:3000/_next/static/chunks/979b6_next_dist_2a67324b._.js:2297
[  837750ms] [LOG] [Fast Refresh] done in 109ms @ http://localhost:3000/_next/static/chunks/979b6_next_dist_2a67324b._.js:2297
[  864606ms] [LOG] [Fast Refresh] rebuilding @ http://localhost:3000/_next/static/chunks/979b6_next_dist_2a67324b._.js:2297
[  864841ms] [LOG] [Fast Refresh] done in 343ms @ http://localhost:3000/_next/static/chunks/979b6_next_dist_2a67324b._.js:2297
[  865595ms] [LOG] [Fast Refresh] rebuilding @ http://localhost:3000/_next/static/chunks/979b6_next_dist_2a67324b._.js:2297
[  865661ms] [LOG] [Fast Refresh] done in 173ms @ http://localhost:3000/_next/static/chunks/979b6_next_dist_2a67324b._.js:2297
[  873121ms] [LOG] [Fast Refresh] rebuilding @ http://localhost:3000/_next/static/chunks/979b6_next_dist_2a67324b._.js:2297
[  873327ms] [LOG] [Fast Refresh] done in 313ms @ http://localhost:3000/_next/static/chunks/979b6_next_dist_2a67324b._.js:2297
[  877820ms] [LOG] [Fast Refresh] rebuilding @ http://localhost:3000/_next/static/chunks/979b6_next_dist_2a67324b._.js:2297
[  877838ms] [LOG] [Fast Refresh] done in 125ms @ http://localhost:3000/_next/static/chunks/979b6_next_dist_2a67324b._.js:2297
[  965461ms] [LOG] [Fast Refresh] rebuilding @ http://localhost:3000/_next/static/chunks/979b6_next_dist_2a67324b._.js:2297
[  965478ms] [LOG] [Fast Refresh] done in 126ms @ http://localhost:3000/_next/static/chunks/979b6_next_dist_2a67324b._.js:2297
[  966267ms] [LOG] [Fast Refresh] rebuilding @ http://localhost:3000/_next/static/chunks/979b6_next_dist_2a67324b._.js:2297
[  966269ms] [LOG] [Fast Refresh] done in 109ms @ http://localhost:3000/_next/static/chunks/979b6_next_dist_2a67324b._.js:2297
[  969089ms] [LOG] [Fast Refresh] rebuilding @ http://localhost:3000/_next/static/chunks/979b6_next_dist_2a67324b._.js:2297
[  969107ms] [LOG] [Fast Refresh] done in 126ms @ http://localhost:3000/_next/static/chunks/979b6_next_dist_2a67324b._.js:2297
[  969881ms] [LOG] [Fast Refresh] rebuilding @ http://localhost:3000/_next/static/chunks/979b6_next_dist_2a67324b._.js:2297
[  969883ms] [LOG] [Fast Refresh] done in 107ms @ http://localhost:3000/_next/static/chunks/979b6_next_dist_2a67324b._.js:2297
[  985413ms] [LOG] [Fast Refresh] rebuilding @ http://localhost:3000/_next/static/chunks/979b6_next_dist_2a67324b._.js:2297
[  985509ms] [LOG] [Fast Refresh] done in 204ms @ http://localhost:3000/_next/static/chunks/979b6_next_dist_2a67324b._.js:2297
[ 1034710ms] [LOG] [Fast Refresh] rebuilding @ http://localhost:3000/_next/static/chunks/979b6_next_dist_2a67324b._.js:2297
[ 1034790ms] [LOG] [Fast Refresh] done in 188ms @ http://localhost:3000/_next/static/chunks/979b6_next_dist_2a67324b._.js:2297
[ 1035403ms] [LOG] [Fast Refresh] rebuilding @ http://localhost:3000/_next/static/chunks/979b6_next_dist_2a67324b._.js:2297
[ 1035421ms] [LOG] [Fast Refresh] done in 125ms @ http://localhost:3000/_next/static/chunks/979b6_next_dist_2a67324b._.js:2297
[ 1036002ms] [LOG] [Fast Refresh] rebuilding @ http://localhost:3000/_next/static/chunks/979b6_next_dist_2a67324b._.js:2297
[ 1036113ms] [LOG] [Fast Refresh] done in 219ms @ http://localhost:3000/_next/static/chunks/979b6_next_dist_2a67324b._.js:2297
[ 1036629ms] [LOG] [Fast Refresh] rebuilding @ http://localhost:3000/_next/static/chunks/979b6_next_dist_2a67324b._.js:2297
[ 1036756ms] [LOG] [Fast Refresh] done in 234ms @ http://localhost:3000/_next/static/chunks/979b6_next_dist_2a67324b._.js:2297
[ 1037177ms] [LOG] [Fast Refresh] rebuilding @ http://localhost:3000/_next/static/chunks/979b6_next_dist_2a67324b._.js:2297
[ 1037274ms] [LOG] [Fast Refresh] done in 206ms @ http://localhost:3000/_next/static/chunks/979b6_next_dist_2a67324b._.js:2297
[ 1037651ms] [LOG] [Fast Refresh] rebuilding @ http://localhost:3000/_next/static/chunks/979b6_next_dist_2a67324b._.js:2297
[ 1037699ms] [LOG] [Fast Refresh] done in 154ms @ http://localhost:3000/_next/static/chunks/979b6_next_dist_2a67324b._.js:2297
[ 1037904ms] [LOG] [Fast Refresh] rebuilding @ http://localhost:3000/_next/static/chunks/979b6_next_dist_2a67324b._.js:2297
[ 1037905ms] [LOG] [Fast Refresh] done in 110ms @ http://localhost:3000/_next/static/chunks/979b6_next_dist_2a67324b._.js:2297
[ 1038232ms] [LOG] [Fast Refresh] rebuilding @ http://localhost:3000/_next/static/chunks/979b6_next_dist_2a67324b._.js:2297
[ 1038469ms] [LOG] [Fast Refresh] done in 345ms @ http://localhost:3000/_next/static/chunks/979b6_next_dist_2a67324b._.js:2297
[ 1038578ms] [LOG] [Fast Refresh] rebuilding @ http://localhost:3000/_next/static/chunks/979b6_next_dist_2a67324b._.js:2297
[ 1038641ms] [LOG] [Fast Refresh] done in 172ms @ http://localhost:3000/_next/static/chunks/979b6_next_dist_2a67324b._.js:2297
[ 1039805ms] [LOG] [Fast Refresh] rebuilding @ http://localhost:3000/_next/static/chunks/979b6_next_dist_2a67324b._.js:2297
[ 1039883ms] [LOG] [Fast Refresh] done in 188ms @ http://localhost:3000/_next/static/chunks/979b6_next_dist_2a67324b._.js:2297
[ 1039992ms] [LOG] [Fast Refresh] rebuilding @ http://localhost:3000/_next/static/chunks/979b6_next_dist_2a67324b._.js:2297
[ 1039996ms] [LOG] [Fast Refresh] done in 111ms @ http://localhost:3000/_next/static/chunks/979b6_next_dist_2a67324b._.js:2297
[ 1040117ms] [LOG] [Fast Refresh] rebuilding @ http://localhost:3000/_next/static/chunks/979b6_next_dist_2a67324b._.js:2297
[ 1040228ms] [LOG] [Fast Refresh] done in 219ms @ http://localhost:3000/_next/static/chunks/979b6_next_dist_2a67324b._.js:2297
[ 1040353ms] [LOG] [Fast Refresh] rebuilding @ http://localhost:3000/_next/static/chunks/979b6_next_dist_2a67324b._.js:2297
[ 1040417ms] [LOG] [Fast Refresh] done in 173ms @ http://localhost:3000/_next/static/chunks/979b6_next_dist_2a67324b._.js:2297
[ 1058511ms] [LOG] [Fast Refresh] rebuilding @ http://localhost:3000/_next/static/chunks/979b6_next_dist_2a67324b._.js:2297
[ 1058744ms] [LOG] [Fast Refresh] done in 337ms @ http://localhost:3000/_next/static/chunks/979b6_next_dist_2a67324b._.js:2297
[ 1058870ms] [LOG] [Fast Refresh] rebuilding @ http://localhost:3000/_next/static/chunks/979b6_next_dist_2a67324b._.js:2297
[ 1058997ms] [LOG] [Fast Refresh] done in 234ms @ http://localhost:3000/_next/static/chunks/979b6_next_dist_2a67324b._.js:2297
[ 1059105ms] [LOG] [Fast Refresh] rebuilding @ http://localhost:3000/_next/static/chunks/979b6_next_dist_2a67324b._.js:2297
[ 1059105ms] [LOG] [Fast Refresh] done in 107ms @ http://localhost:3000/_next/static/chunks/979b6_next_dist_2a67324b._.js:2297
[ 1065737ms] [LOG] [Fast Refresh] rebuilding @ http://localhost:3000/_next/static/chunks/979b6_next_dist_2a67324b._.js:2297
[ 1065739ms] [LOG] [Fast Refresh] done in 110ms @ http://localhost:3000/_next/static/chunks/979b6_next_dist_2a67324b._.js:2297
[ 1275996ms] [LOG] [Fast Refresh] rebuilding @ http://localhost:3000/_next/static/chunks/979b6_next_dist_2a67324b._.js:2297
[ 1276090ms] [LOG] [Fast Refresh] done in 202ms @ http://localhost:3000/_next/static/chunks/979b6_next_dist_2a67324b._.js:2297
[ 1287890ms] [LOG] [Fast Refresh] rebuilding @ http://localhost:3000/_next/static/chunks/979b6_next_dist_2a67324b._.js:2297
[ 1287890ms] [LOG] [Fast Refresh] done in 110ms @ http://localhost:3000/_next/static/chunks/979b6_next_dist_2a67324b._.js:2297
[ 1524284ms] [LOG] [Fast Refresh] rebuilding @ http://localhost:3000/_next/static/chunks/979b6_next_dist_2a67324b._.js:2297
[ 1524394ms] [LOG] [Fast Refresh] done in 219ms @ http://localhost:3000/_next/static/chunks/979b6_next_dist_2a67324b._.js:2297
[ 1681906ms] [LOG] [Fast Refresh] rebuilding @ http://localhost:3000/_next/static/chunks/979b6_next_dist_2a67324b._.js:2297
[ 1682140ms] [LOG] [Fast Refresh] done in 342ms @ http://localhost:3000/_next/static/chunks/979b6_next_dist_2a67324b._.js:2297
[ 1682716ms] [LOG] [Fast Refresh] rebuilding @ http://localhost:3000/_next/static/chunks/979b6_next_dist_2a67324b._.js:2297
[ 1682826ms] [LOG] [Fast Refresh] done in 217ms @ http://localhost:3000/_next/static/chunks/979b6_next_dist_2a67324b._.js:2297
[ 1692176ms] [LOG] [Fast Refresh] rebuilding @ http://localhost:3000/_next/static/chunks/979b6_next_dist_2a67324b._.js:2297
[ 1692391ms] [LOG] [Fast Refresh] done in 316ms @ http://localhost:3000/_next/static/chunks/979b6_next_dist_2a67324b._.js:2297
[ 1815112ms] [LOG] [Fast Refresh] rebuilding @ http://localhost:3000/_next/static/chunks/979b6_next_dist_2a67324b._.js:2297
[ 1815113ms] [LOG] [Fast Refresh] done in 108ms @ http://localhost:3000/_next/static/chunks/979b6_next_dist_2a67324b._.js:2297
[ 1927447ms] [LOG] [Fast Refresh] rebuilding @ http://localhost:3000/_next/static/chunks/979b6_next_dist_2a67324b._.js:2297
[ 1928341ms] [LOG] [Fast Refresh] done in 999ms @ http://localhost:3000/_next/static/chunks/979b6_next_dist_2a67324b._.js:2297
[ 1931959ms] [LOG] [Fast Refresh] rebuilding @ http://localhost:3000/_next/static/chunks/979b6_next_dist_2a67324b._.js:2297
[ 1932250ms] [LOG] [Fast Refresh] done in 399ms @ http://localhost:3000/_next/static/chunks/979b6_next_dist_2a67324b._.js:2297
[ 1939700ms] [LOG] [Fast Refresh] rebuilding @ http://localhost:3000/_next/static/chunks/979b6_next_dist_2a67324b._.js:2297
[ 1940220ms] [LOG] [Fast Refresh] done in 556ms @ http://localhost:3000/_next/static/chunks/979b6_next_dist_2a67324b._.js:2297
[ 1947661ms] [LOG] [Fast Refresh] rebuilding @ http://localhost:3000/_next/static/chunks/979b6_next_dist_2a67324b._.js:2297
[ 1947955ms] [LOG] [Fast Refresh] done in 355ms @ http://localhost:3000/_next/static/chunks/979b6_next_dist_2a67324b._.js:2297
[ 1982272ms] [LOG] [Fast Refresh] rebuilding @ http://localhost:3000/_next/static/chunks/979b6_next_dist_2a67324b._.js:2297
[ 1982490ms] [LOG] [Fast Refresh] done in 325ms @ http://localhost:3000/_next/static/chunks/979b6_next_dist_2a67324b._.js:2297
[ 1982920ms] [LOG] [Fast Refresh] rebuilding @ http://localhost:3000/_next/static/chunks/979b6_next_dist_2a67324b._.js:2297
[ 1983020ms] [LOG] [Fast Refresh] done in 208ms @ http://localhost:3000/_next/static/chunks/979b6_next_dist_2a67324b._.js:2297
[ 1983138ms] [LOG] [Fast Refresh] rebuilding @ http://localhost:3000/_next/static/chunks/979b6_next_dist_2a67324b._.js:2297
[ 1983390ms] [LOG] [Fast Refresh] done in 366ms @ http://localhost:3000/_next/static/chunks/979b6_next_dist_2a67324b._.js:2297
[ 1988746ms] [LOG] [Fast Refresh] rebuilding @ http://localhost:3000/_next/static/chunks/979b6_next_dist_2a67324b._.js:2297
[ 1988949ms] [LOG] [Fast Refresh] done in 308ms @ http://localhost:3000/_next/static/chunks/979b6_next_dist_2a67324b._.js:2297
[ 2017056ms] [LOG] [Fast Refresh] rebuilding @ http://localhost:3000/_next/static/chunks/979b6_next_dist_2a67324b._.js:2297
[ 2018346ms] [LOG] [Fast Refresh] done in 1379ms @ http://localhost:3000/_next/static/chunks/979b6_next_dist_2a67324b._.js:2297
[ 2043993ms] [LOG] [Fast Refresh] rebuilding @ http://localhost:3000/_next/static/chunks/979b6_next_dist_2a67324b._.js:2297
[ 2044165ms] [LOG] [Fast Refresh] done in 278ms @ http://localhost:3000/_next/static/chunks/979b6_next_dist_2a67324b._.js:2297
[ 2044617ms] [LOG] [Fast Refresh] rebuilding @ http://localhost:3000/_next/static/chunks/979b6_next_dist_2a67324b._.js:2297
[ 2044726ms] [LOG] [Fast Refresh] done in 216ms @ http://localhost:3000/_next/static/chunks/979b6_next_dist_2a67324b._.js:2297
[ 2044835ms] [LOG] [Fast Refresh] rebuilding @ http://localhost:3000/_next/static/chunks/979b6_next_dist_2a67324b._.js:2297
[ 2044852ms] [LOG] [Fast Refresh] done in 125ms @ http://localhost:3000/_next/static/chunks/979b6_next_dist_2a67324b._.js:2297
[ 2047744ms] [LOG] [Fast Refresh] rebuilding @ http://localhost:3000/_next/static/chunks/979b6_next_dist_2a67324b._.js:2297
[ 2047760ms] [LOG] [Fast Refresh] done in 122ms @ http://localhost:3000/_next/static/chunks/979b6_next_dist_2a67324b._.js:2297
[ 2047870ms] [LOG] [Fast Refresh] rebuilding @ http://localhost:3000/_next/static/chunks/979b6_next_dist_2a67324b._.js:2297
[ 2047888ms] [LOG] [Fast Refresh] done in 127ms @ http://localhost:3000/_next/static/chunks/979b6_next_dist_2a67324b._.js:2297
[ 2066320ms] [LOG] [Fast Refresh] rebuilding @ http://localhost:3000/_next/static/chunks/979b6_next_dist_2a67324b._.js:2297
[ 2066602ms] [LOG] [Fast Refresh] done in 374ms @ http://localhost:3000/_next/static/chunks/979b6_next_dist_2a67324b._.js:2297
[ 2102793ms] [LOG] [Fast Refresh] rebuilding @ http://localhost:3000/_next/static/chunks/979b6_next_dist_2a67324b._.js:2297
[ 2103043ms] [LOG] [Fast Refresh] done in 361ms @ http://localhost:3000/_next/static/chunks/979b6_next_dist_2a67324b._.js:2297
[ 2104206ms] [LOG] [Fast Refresh] rebuilding @ http://localhost:3000/_next/static/chunks/979b6_next_dist_2a67324b._.js:2297
[ 2104316ms] [LOG] [Fast Refresh] done in 216ms @ http://localhost:3000/_next/static/chunks/979b6_next_dist_2a67324b._.js:2297
[ 2110051ms] [LOG] [Fast Refresh] rebuilding @ http://localhost:3000/_next/static/chunks/979b6_next_dist_2a67324b._.js:2297
[ 2110300ms] [LOG] [Fast Refresh] done in 354ms @ http://localhost:3000/_next/static/chunks/979b6_next_dist_2a67324b._.js:2297
[ 2113852ms] [LOG] [Fast Refresh] rebuilding @ http://localhost:3000/_next/static/chunks/979b6_next_dist_2a67324b._.js:2297
[ 2114224ms] [LOG] [Fast Refresh] done in 478ms @ http://localhost:3000/_next/static/chunks/979b6_next_dist_2a67324b._.js:2297
[ 2117615ms] [LOG] [Fast Refresh] rebuilding @ http://localhost:3000/_next/static/chunks/979b6_next_dist_2a67324b._.js:2297
[ 2117896ms] [LOG] [Fast Refresh] done in 388ms @ http://localhost:3000/_next/static/chunks/979b6_next_dist_2a67324b._.js:2297
[ 2132122ms] [LOG] [Fast Refresh] rebuilding @ http://localhost:3000/_next/static/chunks/979b6_next_dist_2a67324b._.js:2297
[ 2132354ms] [LOG] [Fast Refresh] done in 345ms @ http://localhost:3000/_next/static/chunks/979b6_next_dist_2a67324b._.js:2297
[ 2135241ms] [LOG] [Fast Refresh] rebuilding @ http://localhost:3000/_next/static/chunks/979b6_next_dist_2a67324b._.js:2297
[ 2135492ms] [LOG] [Fast Refresh] done in 354ms @ http://localhost:3000/_next/static/chunks/979b6_next_dist_2a67324b._.js:2297
[ 2163818ms] [LOG] [Fast Refresh] rebuilding @ http://localhost:3000/_next/static/chunks/979b6_next_dist_2a67324b._.js:2297
[ 2163901ms] [LOG] [Fast Refresh] done in 189ms @ http://localhost:3000/_next/static/chunks/979b6_next_dist_2a67324b._.js:2297
[ 2164039ms] [LOG] [Fast Refresh] rebuilding @ http://localhost:3000/_next/static/chunks/979b6_next_dist_2a67324b._.js:2297
[ 2164258ms] [LOG] [Fast Refresh] done in 326ms @ http://localhost:3000/_next/static/chunks/979b6_next_dist_2a67324b._.js:2297
[ 2207277ms] [LOG] [Fast Refresh] rebuilding @ http://localhost:3000/_next/static/chunks/979b6_next_dist_2a67324b._.js:2297
[ 2207513ms] [LOG] [Fast Refresh] done in 343ms @ http://localhost:3000/_next/static/chunks/979b6_next_dist_2a67324b._.js:2297
[ 2207918ms] [LOG] [Fast Refresh] rebuilding @ http://localhost:3000/_next/static/chunks/979b6_next_dist_2a67324b._.js:2297
[ 2208059ms] [LOG] [Fast Refresh] done in 246ms @ http://localhost:3000/_next/static/chunks/979b6_next_dist_2a67324b._.js:2297
[ 2210515ms] [LOG] [Fast Refresh] rebuilding @ http://localhost:3000/_next/static/chunks/979b6_next_dist_2a67324b._.js:2297
[ 2210516ms] [LOG] [Fast Refresh] done in 108ms @ http://localhost:3000/_next/static/chunks/979b6_next_dist_2a67324b._.js:2297
[ 2479621ms] [LOG] [Fast Refresh] rebuilding @ http://localhost:3000/_next/static/chunks/979b6_next_dist_2a67324b._.js:2297
[ 2479638ms] [LOG] [Fast Refresh] done in 125ms @ http://localhost:3000/_next/static/chunks/979b6_next_dist_2a67324b._.js:2297
[ 2589833ms] [LOG] [Fast Refresh] rebuilding @ http://localhost:3000/_next/static/chunks/979b6_next_dist_2a67324b._.js:2297
[ 2589913ms] [LOG] [Fast Refresh] done in 186ms @ http://localhost:3000/_next/static/chunks/979b6_next_dist_2a67324b._.js:2297
[ 2598520ms] [LOG] [Fast Refresh] rebuilding @ http://localhost:3000/_next/static/chunks/979b6_next_dist_2a67324b._.js:2297
[ 2598530ms] [LOG] [Fast Refresh] done in 119ms @ http://localhost:3000/_next/static/chunks/979b6_next_dist_2a67324b._.js:2297
[ 2685039ms] [LOG] [Fast Refresh] rebuilding @ http://localhost:3000/_next/static/chunks/979b6_next_dist_2a67324b._.js:2297
[ 2685102ms] [LOG] [Fast Refresh] done in 170ms @ http://localhost:3000/_next/static/chunks/979b6_next_dist_2a67324b._.js:2297
[ 2690443ms] [LOG] [Fast Refresh] rebuilding @ http://localhost:3000/_next/static/chunks/979b6_next_dist_2a67324b._.js:2297
[ 2690460ms] [LOG] [Fast Refresh] done in 123ms @ http://localhost:3000/_next/static/chunks/979b6_next_dist_2a67324b._.js:2297
[ 3027409ms] [LOG] [Fast Refresh] rebuilding @ http://localhost:3000/_next/static/chunks/979b6_next_dist_2a67324b._.js:2297
[ 3027474ms] [LOG] [Fast Refresh] done in 173ms @ http://localhost:3000/_next/static/chunks/979b6_next_dist_2a67324b._.js:2297
[ 3031484ms] [LOG] [Fast Refresh] rebuilding @ http://localhost:3000/_next/static/chunks/979b6_next_dist_2a67324b._.js:2297
[ 3031485ms] [LOG] [Fast Refresh] done in 109ms @ http://localhost:3000/_next/static/chunks/979b6_next_dist_2a67324b._.js:2297
[ 3037609ms] [LOG] [Fast Refresh] rebuilding @ http://localhost:3000/_next/static/chunks/979b6_next_dist_2a67324b._.js:2297
[ 3037674ms] [LOG] [Fast Refresh] done in 173ms @ http://localhost:3000/_next/static/chunks/979b6_next_dist_2a67324b._.js:2297
[ 3040119ms] [LOG] [Fast Refresh] rebuilding @ http://localhost:3000/_next/static/chunks/979b6_next_dist_2a67324b._.js:2297
[ 3040120ms] [LOG] [Fast Refresh] done in 109ms @ http://localhost:3000/_next/static/chunks/979b6_next_dist_2a67324b._.js:2297
[ 3041703ms] [LOG] [Fast Refresh] rebuilding @ http://localhost:3000/_next/static/chunks/979b6_next_dist_2a67324b._.js:2297
[ 3041705ms] [LOG] [Fast Refresh] done in 102ms @ http://localhost:3000/_next/static/chunks/979b6_next_dist_2a67324b._.js:2297
[ 3128511ms] [LOG] [Fast Refresh] rebuilding @ http://localhost:3000/_next/static/chunks/979b6_next_dist_2a67324b._.js:2297
[ 3128669ms] [LOG] [Fast Refresh] done in 266ms @ http://localhost:3000/_next/static/chunks/979b6_next_dist_2a67324b._.js:2297
[ 3140026ms] [LOG] [Fast Refresh] rebuilding @ http://localhost:3000/_next/static/chunks/979b6_next_dist_2a67324b._.js:2297
[ 3140090ms] [LOG] [Fast Refresh] done in 173ms @ http://localhost:3000/_next/static/chunks/979b6_next_dist_2a67324b._.js:2297
[ 3162613ms] [LOG] [Fast Refresh] rebuilding @ http://localhost:3000/_next/static/chunks/979b6_next_dist_2a67324b._.js:2297
[ 3162614ms] [LOG] [Fast Refresh] done in 108ms @ http://localhost:3000/_next/static/chunks/979b6_next_dist_2a67324b._.js:2297
[ 3240396ms] [LOG] [HMR] connected @ http://localhost:3000/_next/static/chunks/979b6_next_dist_2a67324b._.js:2297
[ 3358056ms] [LOG] [Fast Refresh] rebuilding @ http://localhost:3000/_next/static/chunks/979b6_next_dist_2a67324b._.js:2297
[ 3358135ms] [LOG] [Fast Refresh] done in 182ms @ http://localhost:3000/_next/static/chunks/979b6_next_dist_2a67324b._.js:2297
[ 3520122ms] [LOG] [Fast Refresh] rebuilding @ http://localhost:3000/_next/static/chunks/979b6_next_dist_2a67324b._.js:2297
[ 3520313ms] [LOG] [Fast Refresh] done in 299ms @ http://localhost:3000/_next/static/chunks/979b6_next_dist_2a67324b._.js:2297
[ 3532146ms] [LOG] [Fast Refresh] rebuilding @ http://localhost:3000/_next/static/chunks/979b6_next_dist_2a67324b._.js:2297
[ 3532225ms] [LOG] [Fast Refresh] done in 189ms @ http://localhost:3000/_next/static/chunks/979b6_next_dist_2a67324b._.js:2297
[ 3532334ms] [LOG] [Fast Refresh] rebuilding @ http://localhost:3000/_next/static/chunks/979b6_next_dist_2a67324b._.js:2297
[ 3532396ms] [LOG] [Fast Refresh] done in 169ms @ http://localhost:3000/_next/static/chunks/979b6_next_dist_2a67324b._.js:2297
[ 6209479ms] [LOG] [HMR] connected @ http://localhost:3000/_next/static/chunks/979b6_next_dist_2a67324b._.js:2297
[ 6209950ms] [LOG] [Fast Refresh] rebuilding @ http://localhost:3000/_next/static/chunks/979b6_next_dist_2a67324b._.js:2297
[ 6210066ms] [LOG] [Fast Refresh] done in 222ms @ http://localhost:3000/_next/static/chunks/979b6_next_dist_2a67324b._.js:2297
[ 7145198ms] [LOG] [Fast Refresh] rebuilding @ http://localhost:3000/_next/static/chunks/979b6_next_dist_2a67324b._.js:2297
[ 7147180ms] [LOG] [Fast Refresh] done in 2096ms @ http://localhost:3000/_next/static/chunks/979b6_next_dist_2a67324b._.js:2297
[ 7149484ms] [LOG] [Fast Refresh] rebuilding @ http://localhost:3000/_next/static/chunks/979b6_next_dist_2a67324b._.js:2297
[ 7150570ms] [LOG] [Fast Refresh] done in 1017ms @ http://localhost:3000/_next/static/chunks/979b6_next_dist_2a67324b._.js:2297
[ 7232851ms] [LOG] [Fast Refresh] rebuilding @ http://localhost:3000/_next/static/chunks/979b6_next_dist_2a67324b._.js:2297
[ 7234430ms] [LOG] [Fast Refresh] done in 1662ms @ http://localhost:3000/_next/static/chunks/979b6_next_dist_2a67324b._.js:2297
[ 7941460ms] [LOG] [Fast Refresh] rebuilding @ http://localhost:3000/_next/static/chunks/979b6_next_dist_2a67324b._.js:2297
[ 7942534ms] [LOG] [Fast Refresh] done in 1180ms @ http://localhost:3000/_next/static/chunks/979b6_next_dist_2a67324b._.js:2297
[ 7951503ms] [LOG] [Fast Refresh] rebuilding @ http://localhost:3000/_next/static/chunks/979b6_next_dist_2a67324b._.js:2297
[ 7952293ms] [LOG] [Fast Refresh] done in 861ms @ http://localhost:3000/_next/static/chunks/979b6_next_dist_2a67324b._.js:2297
[ 7960612ms] [LOG] [Fast Refresh] rebuilding @ http://localhost:3000/_next/static/chunks/979b6_next_dist_2a67324b._.js:2297
[ 7961475ms] [LOG] [Fast Refresh] done in 947ms @ http://localhost:3000/_next/static/chunks/979b6_next_dist_2a67324b._.js:2297
[ 7977180ms] [LOG] [Fast Refresh] rebuilding @ http://localhost:3000/_next/static/chunks/979b6_next_dist_2a67324b._.js:2297
[ 7977883ms] [LOG] [Fast Refresh] done in 791ms @ http://localhost:3000/_next/static/chunks/979b6_next_dist_2a67324b._.js:2297
[ 7985816ms] [LOG] [Fast Refresh] rebuilding @ http://localhost:3000/_next/static/chunks/979b6_next_dist_2a67324b._.js:2297
[ 7986861ms] [LOG] [Fast Refresh] done in 1125ms @ http://localhost:3000/_next/static/chunks/979b6_next_dist_2a67324b._.js:2297
[ 7989832ms] [LOG] [Fast Refresh] rebuilding @ http://localhost:3000/_next/static/chunks/979b6_next_dist_2a67324b._.js:2297
[ 7990518ms] [LOG] [Fast Refresh] done in 776ms @ http://localhost:3000/_next/static/chunks/979b6_next_dist_2a67324b._.js:2297
[ 8358565ms] [LOG] [Fast Refresh] rebuilding @ http://localhost:3000/_next/static/chunks/979b6_next_dist_2a67324b._.js:2297
[ 8359337ms] [LOG] [Fast Refresh] done in 888ms @ http://localhost:3000/_next/static/chunks/979b6_next_dist_2a67324b._.js:2297
[ 8362119ms] [LOG] [Fast Refresh] rebuilding @ http://localhost:3000/_next/static/chunks/979b6_next_dist_2a67324b._.js:2297
[ 8362900ms] [LOG] [Fast Refresh] done in 873ms @ http://localhost:3000/_next/static/chunks/979b6_next_dist_2a67324b._.js:2297
[ 8371287ms] [LOG] [Fast Refresh] rebuilding @ http://localhost:3000/_next/static/chunks/979b6_next_dist_2a67324b._.js:2297
[ 8372162ms] [LOG] [Fast Refresh] done in 963ms @ http://localhost:3000/_next/static/chunks/979b6_next_dist_2a67324b._.js:2297
[ 8379384ms] [LOG] [Fast Refresh] rebuilding @ http://localhost:3000/_next/static/chunks/979b6_next_dist_2a67324b._.js:2297
[ 8380270ms] [LOG] [Fast Refresh] done in 974ms @ http://localhost:3000/_next/static/chunks/979b6_next_dist_2a67324b._.js:2297
[ 8384527ms] [LOG] [Fast Refresh] rebuilding @ http://localhost:3000/_next/static/chunks/979b6_next_dist_2a67324b._.js:2297
[ 8385351ms] [LOG] [Fast Refresh] done in 910ms @ http://localhost:3000/_next/static/chunks/979b6_next_dist_2a67324b._.js:2297
[ 8400151ms] [LOG] [Fast Refresh] rebuilding @ http://localhost:3000/_next/static/chunks/979b6_next_dist_2a67324b._.js:2297
[ 8400920ms] [LOG] [Fast Refresh] done in 863ms @ http://localhost:3000/_next/static/chunks/979b6_next_dist_2a67324b._.js:2297
[ 9826056ms] [LOG] [Fast Refresh] rebuilding @ http://localhost:3000/_next/static/chunks/979b6_next_dist_2a67324b._.js:2297
[ 9827906ms] [LOG] [Fast Refresh] done in 1970ms @ http://localhost:3000/_next/static/chunks/979b6_next_dist_2a67324b._.js:2297
[ 9828482ms] [LOG] [Fast Refresh] rebuilding @ http://localhost:3000/_next/static/chunks/979b6_next_dist_2a67324b._.js:2297
[ 9828493ms] [LOG] [Fast Refresh] done in 121ms @ http://localhost:3000/_next/static/chunks/979b6_next_dist_2a67324b._.js:2297
[ 9853430ms] [LOG] [Fast Refresh] rebuilding @ http://localhost:3000/_next/static/chunks/979b6_next_dist_2a67324b._.js:2297
[ 9853660ms] [LOG] [Fast Refresh] done in 340ms @ http://localhost:3000/_next/static/chunks/979b6_next_dist_2a67324b._.js:2297
[ 9853834ms] [LOG] [Fast Refresh] rebuilding @ http://localhost:3000/_next/static/chunks/979b6_next_dist_2a67324b._.js:2297
[ 9853841ms] [LOG] [Fast Refresh] done in 115ms @ http://localhost:3000/_next/static/chunks/979b6_next_dist_2a67324b._.js:2297
[21527755ms] [LOG] [HMR] connected @ http://localhost:3000/_next/static/chunks/979b6_next_dist_2a67324b._.js:2297
[41978168ms] [LOG] [HMR] connected @ http://localhost:3000/_next/static/chunks/979b6_next_dist_2a67324b._.js:2297
[42104290ms] [LOG] [HMR] connected @ http://localhost:3000/_next/static/chunks/979b6_next_dist_2a67324b._.js:2297
[64548082ms] [LOG] [HMR] connected @ http://localhost:3000/_next/static/chunks/979b6_next_dist_2a67324b._.js:2297
[64631109ms] [LOG] [Fast Refresh] rebuilding @ http://localhost:3000/_next/static/chunks/979b6_next_dist_2a67324b._.js:2297
[64633038ms] [LOG] [Fast Refresh] done in 2033ms @ http://localhost:3000/_next/static/chunks/979b6_next_dist_2a67324b._.js:2297
[64633678ms] [LOG] [Fast Refresh] rebuilding @ http://localhost:3000/_next/static/chunks/979b6_next_dist_2a67324b._.js:2297
[64633717ms] [LOG] [Fast Refresh] done in 145ms @ http://localhost:3000/_next/static/chunks/979b6_next_dist_2a67324b._.js:2297
[66783543ms] [LOG] [HMR] connected @ http://localhost:3000/_next/static/chunks/979b6_next_dist_2a67324b._.js:2297
[66784006ms] [LOG] [Fast Refresh] rebuilding @ http://localhost:3000/_next/static/chunks/979b6_next_dist_2a67324b._.js:2297
[66784153ms] [LOG] [Fast Refresh] done in 233ms @ http://localhost:3000/_next/static/chunks/979b6_next_dist_2a67324b._.js:2297
[66812734ms] [LOG] [Fast Refresh] rebuilding @ http://localhost:3000/_next/static/chunks/979b6_next_dist_2a67324b._.js:2297
[66813136ms] [LOG] [Fast Refresh] done in 510ms @ http://localhost:3000/_next/static/chunks/979b6_next_dist_2a67324b._.js:2297
[79699637ms] [LOG] [HMR] connected @ http://localhost:3000/_next/static/chunks/979b6_next_dist_2a67324b._.js:2297
[79699903ms] [LOG] [Fast Refresh] rebuilding @ http://localhost:3000/_next/static/chunks/979b6_next_dist_2a67324b._.js:2297
[79700118ms] [LOG] [Fast Refresh] done in 328ms @ http://localhost:3000/_next/static/chunks/979b6_next_dist_2a67324b._.js:2297
[85923035ms] [ERROR] Failed to load resource: the server responded with a status of 500 () @ http://localhost:8080/admin/payouts/dashboard:0
[85923037ms] [ERROR] Failed to load resource: the server responded with a status of 500 () @ http://localhost:8080/admin/payouts?page=0&size=100:0
[85923055ms] [ERROR] Failed to load resource: the server responded with a status of 500 () @ http://localhost:8080/admin/payouts?page=0&size=100:0
[85923070ms] [ERROR] Failed to load resource: the server responded with a status of 500 () @ http://localhost:8080/admin/payouts/dashboard:0
[86116992ms] [LOG] [Fast Refresh] rebuilding @ http://localhost:3000/_next/static/chunks/979b6_next_dist_2a67324b._.js:2297
[86118492ms] [LOG] [Fast Refresh] done in 1575ms @ http://localhost:3000/_next/static/chunks/979b6_next_dist_2a67324b._.js:2297
[86121092ms] [LOG] [Fast Refresh] rebuilding @ http://localhost:3000/_next/static/chunks/979b6_next_dist_2a67324b._.js:2297
[86121657ms] [LOG] [Fast Refresh] done in 635ms @ http://localhost:3000/_next/static/chunks/979b6_next_dist_2a67324b._.js:2297
[86125150ms] [LOG] [Fast Refresh] rebuilding @ http://localhost:3000/_next/static/chunks/979b6_next_dist_2a67324b._.js:2297
[86125979ms] [LOG] [Fast Refresh] done in 920ms @ http://localhost:3000/_next/static/chunks/979b6_next_dist_2a67324b._.js:2297
[86129451ms] [LOG] [Fast Refresh] rebuilding @ http://localhost:3000/_next/static/chunks/979b6_next_dist_2a67324b._.js:2297
[86130106ms] [LOG] [Fast Refresh] done in 747ms @ http://localhost:3000/_next/static/chunks/979b6_next_dist_2a67324b._.js:2297
[86137123ms] [LOG] [Fast Refresh] rebuilding @ http://localhost:3000/_next/static/chunks/979b6_next_dist_2a67324b._.js:2297
[86137924ms] [LOG] [Fast Refresh] done in 877ms @ http://localhost:3000/_next/static/chunks/979b6_next_dist_2a67324b._.js:2297
[87450038ms] [LOG] [Fast Refresh] rebuilding @ http://localhost:3000/_next/static/chunks/979b6_next_dist_2a67324b._.js:2297
[87451629ms] [LOG] [Fast Refresh] done in 1600ms @ http://localhost:3000/_next/static/chunks/979b6_next_dist_2a67324b._.js:2297
[87453511ms] [LOG] [Fast Refresh] rebuilding @ http://localhost:3000/_next/static/chunks/979b6_next_dist_2a67324b._.js:2297
[87453894ms] [LOG] [Fast Refresh] done in 468ms @ http://localhost:3000/_next/static/chunks/979b6_next_dist_2a67324b._.js:2297
[87458864ms] [LOG] [Fast Refresh] rebuilding @ http://localhost:3000/_next/static/chunks/979b6_next_dist_2a67324b._.js:2297
[87459292ms] [LOG] [Fast Refresh] done in 514ms @ http://localhost:3000/_next/static/chunks/979b6_next_dist_2a67324b._.js:2297
[87502520ms] [LOG] [Fast Refresh] rebuilding @ http://localhost:3000/_next/static/chunks/979b6_next_dist_2a67324b._.js:2297
[87502792ms] [LOG] [Fast Refresh] done in 362ms @ http://localhost:3000/_next/static/chunks/979b6_next_dist_2a67324b._.js:2297
[87534032ms] [LOG] [Fast Refresh] rebuilding @ http://localhost:3000/_next/static/chunks/979b6_next_dist_2a67324b._.js:2297
[87534034ms] [LOG] [Fast Refresh] done in 104ms @ http://localhost:3000/_next/static/chunks/979b6_next_dist_2a67324b._.js:2297
