[     116ms] [LOG] [Fast Refresh] rebuilding @ http://localhost:3000/_next/static/chunks/979b6_next_dist_2a67324b._.js:2297
[     439ms] [LOG] [Fast Refresh] done in 427ms @ http://localhost:3000/_next/static/chunks/979b6_next_dist_2a67324b._.js:2297
[     629ms] [INFO] %cDownload the React DevTools for a better development experience: https://react.dev/link/react-devtools font-weight:bold @ http://localhost:3000/_next/static/chunks/979b6_next_dist_2a67324b._.js:2297
[     669ms] [LOG] [HMR] connected @ http://localhost:3000/_next/static/chunks/979b6_next_dist_2a67324b._.js:2297
[    1063ms] [LOG] [Fast Refresh] rebuilding @ http://localhost:3000/_next/static/chunks/979b6_next_dist_2a67324b._.js:2297
[    1525ms] [LOG] [Fast Refresh] done in 680ms @ http://localhost:3000/_next/static/chunks/979b6_next_dist_2a67324b._.js:2297
[    7340ms] [LOG] [Fast Refresh] rebuilding @ http://localhost:3000/_next/static/chunks/979b6_next_dist_2a67324b._.js:2297
[    7513ms] [LOG] [Fast Refresh] done in 278ms @ http://localhost:3000/_next/static/chunks/979b6_next_dist_2a67324b._.js:2297
[   11682ms] [LOG] [Fast Refresh] rebuilding @ http://localhost:3000/_next/static/chunks/979b6_next_dist_2a67324b._.js:2297
[   11868ms] [LOG] [Fast Refresh] done in 292ms @ http://localhost:3000/_next/static/chunks/979b6_next_dist_2a67324b._.js:2297
[   22495ms] [LOG] [Fast Refresh] rebuilding @ http://localhost:3000/_next/static/chunks/979b6_next_dist_2a67324b._.js:2297
[   22652ms] [LOG] [Fast Refresh] done in 263ms @ http://localhost:3000/_next/static/chunks/979b6_next_dist_2a67324b._.js:2297
[   28064ms] [LOG] [Fast Refresh] rebuilding @ http://localhost:3000/_next/static/chunks/979b6_next_dist_2a67324b._.js:2297
[   28241ms] [LOG] [Fast Refresh] done in 278ms @ http://localhost:3000/_next/static/chunks/979b6_next_dist_2a67324b._.js:2297
[   33434ms] TypeError: Cannot read properties of undefined (reading 'toLocaleString')
    at fmtEur (http://localhost:3000/_next/static/chunks/_90299099._.js:1814:19)
    at http://localhost:3000/_next/static/chunks/_90299099._.js:4619:237
    at Array.map (<anonymous>)
    at Products (http://localhost:3000/_next/static/chunks/_90299099._.js:4567:47)
    at Object.react_stack_bottom_frame (http://localhost:3000/_next/static/chunks/979b6_next_dist_compiled_react-dom_60bd6cd5._.js:14826:24)
    at renderWithHooks (http://localhost:3000/_next/static/chunks/979b6_next_dist_compiled_react-dom_60bd6cd5._.js:4651:24)
    at updateFunctionComponent (http://localhost:3000/_next/static/chunks/979b6_next_dist_compiled_react-dom_60bd6cd5._.js:6112:21)
    at beginWork (http://localhost:3000/_next/static/chunks/979b6_next_dist_compiled_react-dom_60bd6cd5._.js:6708:24)
    at runWithFiberInDEV (http://localhost:3000/_next/static/chunks/979b6_next_dist_compiled_react-dom_60bd6cd5._.js:965:74)
    at performUnitOfWork (http://localhost:3000/_next/static/chunks/979b6_next_dist_compiled_react-dom_60bd6cd5._.js:9562:97)
    at workLoopSync (http://localhost:3000/_next/static/chunks/979b6_next_dist_compiled_react-dom_60bd6cd5._.js:9456:40)
    at renderRootSync (http://localhost:3000/_next/static/chunks/979b6_next_dist_compiled_react-dom_60bd6cd5._.js:9440:13)
    at performWorkOnRoot (http://localhost:3000/_next/static/chunks/979b6_next_dist_compiled_react-dom_60bd6cd5._.js:9105:47)
    at performWorkOnRootViaSchedulerTask (http://localhost:3000/_next/static/chunks/979b6_next_dist_compiled_react-dom_60bd6cd5._.js:10230:9)
    at MessagePort.performWorkUntilDeadline (http://localhost:3000/_next/static/chunks/979b6_next_dist_compiled_5e2c2655._.js:2647:64)
[   35538ms] [LOG] [Fast Refresh] rebuilding @ http://localhost:3000/_next/static/chunks/979b6_next_dist_2a67324b._.js:2297
[   35707ms] [LOG] [Fast Refresh] done in 272ms @ http://localhost:3000/_next/static/chunks/979b6_next_dist_2a67324b._.js:2297
[   40270ms] [LOG] [Fast Refresh] rebuilding @ http://localhost:3000/_next/static/chunks/979b6_next_dist_2a67324b._.js:2297
[   40441ms] [LOG] [Fast Refresh] done in 274ms @ http://localhost:3000/_next/static/chunks/979b6_next_dist_2a67324b._.js:2297
[   52002ms] [LOG] [Fast Refresh] rebuilding @ http://localhost:3000/_next/static/chunks/979b6_next_dist_2a67324b._.js:2297
[   52234ms] [WARNING] [Fast Refresh] performing full reload because your application had an unrecoverable error @ http://localhost:3000/_next/static/chunks/979b6_next_dist_2a67324b._.js:2297
[   52795ms] [LOG] [Fast Refresh] done in 337ms @ http://localhost:3000/_next/static/chunks/979b6_next_dist_2a67324b._.js:2297
[   53008ms] [INFO] %cDownload the React DevTools for a better development experience: https://react.dev/link/react-devtools font-weight:bold @ http://localhost:3000/_next/static/chunks/979b6_next_dist_2a67324b._.js:2297
[   53061ms] [LOG] [HMR] connected @ http://localhost:3000/_next/static/chunks/979b6_next_dist_2a67324b._.js:2297
